 comBySocket

 Timestamp is 576dedb9 (Sat Jun 25 10:34:33 2016)

 Preferred load address is 00400000

 Start         Length     Name                   Class
 0001:00000000 00001c4cH .text$di                CODE
 0001:00001c50 0000ffb5H .text$mn                CODE
 0001:00011c10 00001e70H .text$x                 CODE
 0001:00013a80 0000112aH .text$yd                CODE
 0002:00000000 00000104H .CRT$XCA                DATA
 0002:00000104 00000104H .CRT$XCAA               DATA
 0002:00000208 0000011cH .CRT$XCU                DATA
 0002:00000324 00000104H .CRT$XCZ                DATA
 0002:00000428 00000104H .CRT$XIA                DATA
 0002:0000052c 00000104H .CRT$XIAA               DATA
 0002:00000630 00000104H .CRT$XIC                DATA
 0002:00000734 00000104H .CRT$XIY                DATA
 0002:00000838 00000104H .CRT$XIZ                DATA
 0002:00000940 00001ee5H .rdata                  DATA
 0002:00002828 0000016eH .rdata$debug            DATA
 0002:00002998 00000b2dH .rdata$r                DATA
 0002:000034d0 000001b1H .rdata$sxdata           DATA
 0002:00003684 00000104H .rtc$IAA                DATA
 0002:00003788 00000104H .rtc$IZZ                DATA
 0002:0000388c 00000104H .rtc$TAA                DATA
 0002:00003990 00000104H .rtc$TZZ                DATA
 0002:00003a98 0000125fH .xdata$x                DATA
 0002:00004cf7 00000000H .edata                  DATA
 0003:00000000 00000c24H .data                   DATA
 0003:00000c24 0000047fH .data$r                 DATA
 0003:000010a8 00000574H .bss                    DATA
 0004:00000000 00000908H .idata$5                DATA
 0004:00000908 000000a0H .idata$2                DATA
 0004:000009a8 00000014H .idata$3                DATA
 0004:000009bc 00000908H .idata$4                DATA
 0004:000012c4 00004ca6H .idata$6                DATA
 0005:00000000 00000169H .rsrc$01                DATA
 0005:00000170 000002ccH .rsrc$02                DATA

  Address         Publics by Value              Rva+Base       Lib:Object

 0000:00000000       __except_list              00000000     <absolute>
 0000:00000000       ___guard_fids_table        00000000     <absolute>
 0000:00000000       ___guard_flags             00000000     <absolute>
 0000:00000000       ___guard_fids_count        00000000     <absolute>
 0000:00000025       ___safe_se_handler_count   00000025     <absolute>
 0000:00009876       __ldused                   00009876     <absolute>
 0000:00009876       __fltused                  00009876     <absolute>
 0000:00000000       ___ImageBase               00400000     <linker-defined>
 0001:00001c50       _AES128_ECB_decrypt        00402c50 f   aes.obj
 0001:00001c80       _AES128_ECB_encrypt        00402c80 f   aes.obj
 0001:00002920       ??$_Allocate@D@std@@YAPADIPAD@Z 00403920 f i combysocket.obj
 0001:00002960       ??$_Allocate@E@std@@YAPAEIPAE@Z 00403960 f i combysocket.obj
 0001:000029a0       ??$_Destroy_range@U?$_Wrap_alloc@V?$allocator@E@std@@@std@@@std@@YAXPAE0AAU?$_Wrap_alloc@V?$allocator@E@std@@@0@@Z 004039a0 f i combysocket.obj
 0001:000029b0       ??$_Destroy_range@U?$_Wrap_alloc@V?$allocator@E@std@@@std@@@std@@YAXPAE0AAU?$_Wrap_alloc@V?$allocator@E@std@@@0@U_Scalar_ptr_iterator_tag@0@@Z 004039b0 f i combysocket.obj
 0001:000029c0       ??$_Ptr_cat@EE@std@@YA?AU_Scalar_ptr_iterator_tag@0@PAE0@Z 004039c0 f i combysocket.obj
 0001:000029d0       ??$_Rechecked@PAEPAE@std@@YAAAPAEAAPAEPAE@Z 004039d0 f i combysocket.obj
 0001:000029e0       ??$_Umove@PAE@?$vector@EV?$allocator@E@std@@@std@@IAEPAEPAE00@Z 004039e0 f i combysocket.obj
 0001:00002a10       ??$_Unchecked@PAE@std@@YAPAEPAE@Z 00403a10 f i combysocket.obj
 0001:00002a20       ??$_Uninit_def_fill_n@EIE@std@@YAXPAEIAAU?$_Wrap_alloc@V?$allocator@E@std@@@0@0U_Scalar_ptr_iterator_tag@0@@Z 00403a20 f i combysocket.obj
 0001:00002a40       ??$_Uninit_move@EEE@std@@YAPAEPAE00AAU?$_Wrap_alloc@V?$allocator@E@std@@@0@0U_Scalar_ptr_iterator_tag@0@@Z 00403a40 f i combysocket.obj
 0001:00002a70       ??$_Uninit_move@PAEPAEU?$_Wrap_alloc@V?$allocator@E@std@@@std@@@std@@YAPAEPAE00AAU?$_Wrap_alloc@V?$allocator@E@std@@@0@@Z 00403a70 f i combysocket.obj
 0001:00002aa0       ??$_Uninitialized_default_fill_n@PAEIU?$_Wrap_alloc@V?$allocator@E@std@@@std@@@std@@YAXPAEIAAU?$_Wrap_alloc@V?$allocator@E@std@@@0@@Z 00403aa0 f i combysocket.obj
 0001:00002ac0       ??$_Uninitialized_move@PAEPAEU?$_Wrap_alloc@V?$allocator@E@std@@@std@@@std@@YAPAEPAE00AAU?$_Wrap_alloc@V?$allocator@E@std@@@0@@Z 00403ac0 f i combysocket.obj
 0001:00002af0       ??$_Val_type@PAE@std@@YAPAEPAE@Z 00403af0 f i combysocket.obj
 0001:00002b00       ??$addressof@D@std@@YAPADAAD@Z 00403b00 f i combysocket.obj
 0001:00002b10       ??$addressof@E@std@@YAPAEAAE@Z 00403b10 f i combysocket.obj
 0001:00002b20       ??$addressof@_W@std@@YAPA_WAA_W@Z 00403b20 f i combysocket.obj
 0001:00002b30       ??$atomic@H@?$QAtomicOpsBySize@$03@@CAPAJPAH@Z 00403b30 f i combysocket.obj
 0001:00002b40       ??$construct@EE@?$_Wrap_alloc@V?$allocator@E@std@@@std@@QAEXPAE$$QAE@Z 00403b40 f i combysocket.obj
 0001:00002b60       ??$construct@EE@?$allocator@E@std@@QAEXPAE$$QAE@Z 00403b60 f i combysocket.obj
 0001:00002b80       ??$construct@EE@?$allocator_traits@V?$allocator@E@std@@@std@@SAXAAV?$allocator@E@1@PAE$$QAE@Z 00403b80 f i combysocket.obj
 0001:00002ba0       ??$construct@PADAAPAD@?$_Wrap_alloc@V?$allocator@D@std@@@std@@QAEXPAPADAAPAD@Z 00403ba0 f i combysocket.obj
 0001:00002bc0       ??$construct@PADAAPAD@?$allocator@D@std@@QAEXPAPADAAPAD@Z 00403bc0 f i combysocket.obj
 0001:00002be0       ??$construct@PADAAPAD@?$allocator_traits@V?$allocator@D@std@@@std@@SAXAAV?$allocator@D@1@PAPADAAPAD@Z 00403be0 f i combysocket.obj
 0001:00002c00       ??$deref@H@?$QAtomicOpsBySize@$03@@SA_NAAH@Z 00403c00 f i combysocket.obj
 0001:00002c20       ??$destroy@PAD@?$_Wrap_alloc@V?$allocator@D@std@@@std@@QAEXPAPAD@Z 00403c20 f i combysocket.obj
 0001:00002c30       ??$destroy@PAD@?$allocator@D@std@@QAEXPAPAD@Z 00403c30 f i combysocket.obj
 0001:00002c40       ??$destroy@PAD@?$allocator_traits@V?$allocator@D@std@@@std@@SAXAAV?$allocator@D@1@PAPAD@Z 00403c40 f i combysocket.obj
 0001:00002c50       ??$destroy@PA_W@?$_Wrap_alloc@V?$allocator@_W@std@@@std@@QAEXPAPA_W@Z 00403c50 f i combysocket.obj
 0001:00002c60       ??$destroy@PA_W@?$allocator@_W@std@@QAEXPAPA_W@Z 00403c60 f i combysocket.obj
 0001:00002c70       ??$destroy@PA_W@?$allocator_traits@V?$allocator@_W@std@@@std@@SAXAAV?$allocator@_W@1@PAPA_W@Z 00403c70 f i combysocket.obj
 0001:00002c80       ??$forward@AAPAD@std@@YAAAPADAAPAD@Z 00403c80 f i combysocket.obj
 0001:00002c90       ??$forward@E@std@@YA$$QAEAAE@Z 00403c90 f i combysocket.obj
 0001:00002ca0       ??$load@H@?$QGenericAtomicOps@U?$QAtomicOpsBySize@$03@@@@SAHABH@Z 00403ca0 f i combysocket.obj
 0001:00002cb0       ??$qToBigEndian@H@@YAHH@Z  00403cb0 f i combysocket.obj
 0001:00002cf0       ??$qToBigEndian@I@@YAII@Z  00403cf0 f i combysocket.obj
 0001:00002d30       ??$qbswap@H@@YAHH@Z        00403d30 f i combysocket.obj
 0001:00002d70       ??$qbswap@I@@YAII@Z        00403d70 f i combysocket.obj
 0001:00002db0       ??0?$QFlags@W4AlignmentFlag@Qt@@@@QAE@PQPrivate@0@H@Z 00403db0 f i combysocket.obj
 0001:00002dc0       ??0?$QFlags@W4AllocationOption@QArrayData@@@@QAE@W4AllocationOption@QArrayData@@@Z 00403dc0 f i combysocket.obj
 0001:00002de0       ??0?$QFlags@W4OpenModeFlag@QIODevice@@@@QAE@W4OpenModeFlag@QIODevice@@@Z 00403de0 f i combysocket.obj
 0001:00002e00       ??0?$QFlags@W4ProcessEventsFlag@QEventLoop@@@@QAE@W4ProcessEventsFlag@QEventLoop@@@Z 00403e00 f i combysocket.obj
 0001:00002e20       ??0?$QFlags@W4StandardButton@QMessageBox@@@@QAE@VQFlag@@@Z 00403e20 f i combysocket.obj
 0001:00002e40       ??0?$QFlags@W4StandardButton@QMessageBox@@@@QAE@W4StandardButton@QMessageBox@@@Z 00403e40 f i combysocket.obj
 0001:00002e60       ??0?$QFlags@W4WindowType@Qt@@@@QAE@PQPrivate@0@H@Z 00403e60 f i combysocket.obj
 0001:00002e70       ??0?$QList@VQString@@@@QAE@XZ 00403e70 f i combysocket.obj
 0001:00002e80       ??0?$QVector@D@@QAE@XZ     00403e80 f i combysocket.obj
 0001:00002e90       ??0?$_String_alloc@$0A@U?$_String_base_types@DV?$allocator@D@std@@@std@@@std@@QAE@ABV?$allocator@D@1@@Z 00403e90 f i combysocket.obj
 0001:00002eb0       ??0?$_String_val@U?$_Simple_types@D@std@@@std@@QAE@XZ 00403eb0 f i combysocket.obj
 0001:00002ed0       ??0?$_Vector_alloc@$0A@U?$_Vec_base_types@EV?$allocator@E@std@@@std@@@std@@QAE@ABV?$allocator@E@1@@Z 00403ed0 f i combysocket.obj
 0001:00002ef0       ??0?$_Vector_val@U?$_Simple_types@E@std@@@std@@QAE@XZ 00403ef0 f i combysocket.obj
 0001:00002f10       ??0?$_Wrap_alloc@V?$allocator@D@std@@@std@@QAE@XZ 00403f10 f i combysocket.obj
 0001:00002f20       ??0?$_Wrap_alloc@V?$allocator@E@std@@@std@@QAE@XZ 00403f20 f i combysocket.obj
 0001:00002f30       ??0?$_Wrap_alloc@V?$allocator@_W@std@@@std@@QAE@XZ 00403f30 f i combysocket.obj
 0001:00002f40       ??0?$allocator@D@std@@QAE@XZ 00403f40 f i combysocket.obj
 0001:00002f50       ??0?$allocator@E@std@@QAE@XZ 00403f50 f i combysocket.obj
 0001:00002f60       ??0?$allocator@_W@std@@QAE@XZ 00403f60 f i combysocket.obj
 0001:00002f70       ??0?$basic_string@DU?$char_traits@D@std@@V?$allocator@D@2@@std@@QAE@PBD@Z 00403f70 f i combysocket.obj
 0001:00002fe0       ??0?$vector@EV?$allocator@E@std@@@std@@QAE@XZ 00403fe0 f i combysocket.obj
 0001:00003000       ??0QFlag@@QAE@H@Z          00404000 f i combysocket.obj
 0001:00003020       ??0QLatin1Char@@QAE@D@Z    00404020 f i combysocket.obj
 0001:00003040       ??0QStringList@@QAE@XZ     00404040 f i combysocket.obj
 0001:00003050       ??0_Generic_error_category@std@@QAE@XZ 00404050 f i combysocket.obj
 0001:00003060       ??0_Ignore@std@@QAE@XZ     00404060 f i combysocket.obj
 0001:00003070       ??0_Iostream_error_category@std@@QAE@XZ 00404070 f i combysocket.obj
 0001:00003080       ??0_System_error_category@std@@QAE@XZ 00404080 f i combysocket.obj
 0001:00003090       ??0comBySocket@@QAE@PAVQWidget@@@Z 00404090 f   combysocket.obj
 0001:00003330       ??0error_category@std@@QAE@XZ 00404330 f i combysocket.obj
 0001:00003340       ??0error_condition@std@@QAE@HABVerror_category@1@@Z 00404340 f i combysocket.obj
 0001:00003360       ??0typeCurState@@QAE@XZ    00404360 f i combysocket.obj
 0001:00003380       ??1?$QList@VQString@@@@QAE@XZ 00404380 f i combysocket.obj
 0001:00003400       ??1?$QListSpecialMethods@VQString@@@@IAE@XZ 00404400 f i combysocket.obj
 0001:00003410       ??1?$QVector@D@@QAE@XZ     00404410 f i combysocket.obj
 0001:00003450       ??1?$basic_string@DU?$char_traits@D@std@@V?$allocator@D@2@@std@@QAE@XZ 00404450 f i combysocket.obj
 0001:00003480       ??1?$basic_string@_WU?$char_traits@_W@std@@V?$allocator@_W@2@@std@@QAE@XZ 00404480 f i combysocket.obj
 0001:000034c0       ??1?$vector@EV?$allocator@E@std@@@std@@QAE@XZ 004044c0 f i combysocket.obj
 0001:00003500       ??1QStringList@@QAE@XZ     00404500 f i combysocket.obj
 0001:00003510       ??1_Generic_error_category@std@@UAE@XZ 00404510 f i combysocket.obj
 0001:00003520       ??1_Iostream_error_category@std@@UAE@XZ 00404520 f i combysocket.obj
 0001:00003530       ??1_System_error_category@std@@UAE@XZ 00404530 f i combysocket.obj
 0001:00003540       ??1comBySocket@@UAE@XZ     00404540 f   combysocket.obj
 0001:00003660       ??1error_category@std@@UAE@XZ 00404660 f i combysocket.obj
 0001:00003670       ??1typeCurState@@QAE@XZ    00404670 f i combysocket.obj
 0001:000036e0       ??2@YAPAXIPAX@Z            004046e0 f i combysocket.obj
 0001:000036f0       ??3@YAXPAX0@Z              004046f0 f i combysocket.obj
 0001:00003700       ??8error_category@std@@QBE_NABV01@@Z 00404700 f i combysocket.obj
 0001:00003720       ??8error_condition@std@@QBE_NABV01@@Z 00404720 f i combysocket.obj
 0001:00003750       ??A?$QVector@D@@QAEAADH@Z  00404750 f i combysocket.obj
 0001:000037e0       ??A?$vector@EV?$allocator@E@std@@@std@@QAEAAEI@Z 004047e0 f i combysocket.obj
 0001:000037f0       ??BQFlag@@QBEHXZ           004047f0 f i combysocket.obj
 0001:00003800       ??H@YA?BVQString@@ABV0@0@Z 00404800 f i combysocket.obj
 0001:00003d00       ??U?$QFlags@W4StandardButton@QMessageBox@@@@QBE?AV0@W4StandardButton@QMessageBox@@@Z 00404d00 f i combysocket.obj
 0001:00003d20       ??U@YA?AV?$QFlags@W4StandardButton@QMessageBox@@@@W4StandardButton@QMessageBox@@0@Z 00404d20 f i combysocket.obj
 0001:00003d34       ??_EQComboBox@@W7AEPAXI@Z  00404d34 f i combysocket.obj
 0001:00003d3e       ??_EQGridLayout@@W7AEPAXI@Z 00404d3e f i combysocket.obj
 0001:00003d48       ??_EQLabel@@W7AEPAXI@Z     00404d48 f i combysocket.obj
 0001:00003d52       ??_EQPushButton@@W7AEPAXI@Z 00404d52 f i combysocket.obj
 0001:00003d5c       ??_EQRadioButton@@W7AEPAXI@Z 00404d5c f i combysocket.obj
 0001:00003d66       ??_EQTextEdit@@W7AEPAXI@Z  00404d66 f i combysocket.obj
 0001:00003d70       ??_EQVBoxLayout@@W7AEPAXI@Z 00404d70 f i combysocket.obj
 0001:00003d7a       ??_EcomBySocket@@W7AEPAXI@Z 00404d7a f i combysocket.obj
 0001:00003d90       ??_EQButtonGroup@@UAEPAXI@Z 00404d90 f i combysocket.obj
 0001:00003d90       ??_GQButtonGroup@@UAEPAXI@Z 00404d90 f i combysocket.obj
 0001:00003dc0       ??_EQComboBox@@UAEPAXI@Z   00404dc0 f i combysocket.obj
 0001:00003dc0       ??_GQComboBox@@UAEPAXI@Z   00404dc0 f i combysocket.obj
 0001:00003df0       ??_EQGridLayout@@UAEPAXI@Z 00404df0 f i combysocket.obj
 0001:00003df0       ??_GQGridLayout@@UAEPAXI@Z 00404df0 f i combysocket.obj
 0001:00003e20       ??_EQLabel@@UAEPAXI@Z      00404e20 f i combysocket.obj
 0001:00003e20       ??_GQLabel@@UAEPAXI@Z      00404e20 f i combysocket.obj
 0001:00003e50       ??_EQPushButton@@UAEPAXI@Z 00404e50 f i combysocket.obj
 0001:00003e50       ??_GQPushButton@@UAEPAXI@Z 00404e50 f i combysocket.obj
 0001:00003e80       ??_EQRadioButton@@UAEPAXI@Z 00404e80 f i combysocket.obj
 0001:00003e80       ??_GQRadioButton@@UAEPAXI@Z 00404e80 f i combysocket.obj
 0001:00003eb0       ??_GQString@@QAEPAXI@Z     00404eb0 f i combysocket.obj
 0001:00003ee0       ??_GQTcpSocket@@UAEPAXI@Z  00404ee0 f i combysocket.obj
 0001:00003ee0       ??_EQTcpSocket@@UAEPAXI@Z  00404ee0 f i combysocket.obj
 0001:00003f10       ??_GQTextEdit@@UAEPAXI@Z   00404f10 f i combysocket.obj
 0001:00003f10       ??_EQTextEdit@@UAEPAXI@Z   00404f10 f i combysocket.obj
 0001:00003f40       ??_GQVBoxLayout@@UAEPAXI@Z 00404f40 f i combysocket.obj
 0001:00003f40       ??_EQVBoxLayout@@UAEPAXI@Z 00404f40 f i combysocket.obj
 0001:00003f70       ??_E_Generic_error_category@std@@UAEPAXI@Z 00404f70 f i combysocket.obj
 0001:00003f70       ??_G_Generic_error_category@std@@UAEPAXI@Z 00404f70 f i combysocket.obj
 0001:00003fa0       ??_E_Iostream_error_category@std@@UAEPAXI@Z 00404fa0 f i combysocket.obj
 0001:00003fa0       ??_G_Iostream_error_category@std@@UAEPAXI@Z 00404fa0 f i combysocket.obj
 0001:00003fd0       ??_G_System_error_category@std@@UAEPAXI@Z 00404fd0 f i combysocket.obj
 0001:00003fd0       ??_E_System_error_category@std@@UAEPAXI@Z 00404fd0 f i combysocket.obj
 0001:00004000       ??_EcomBySocket@@UAEPAXI@Z 00405000 f i combysocket.obj
 0001:00004000       ??_GcomBySocket@@UAEPAXI@Z 00405000 f i combysocket.obj
 0001:00004030       ??_Gerror_category@std@@UAEPAXI@Z 00405030 f i combysocket.obj
 0001:00004030       ??_Eerror_category@std@@UAEPAXI@Z 00405030 f i combysocket.obj
 0001:00004060       ?_Copy@?$basic_string@DU?$char_traits@D@std@@V?$allocator@D@2@@std@@QAEXII@Z 00405060 f i combysocket.obj
 0001:00004210       ?_Destroy@?$vector@EV?$allocator@E@std@@@std@@IAEXPAE0@Z 00405210 f i combysocket.obj
 0001:00004220       ?_Eos@?$basic_string@DU?$char_traits@D@std@@V?$allocator@D@2@@std@@QAEXI@Z 00405220 f i combysocket.obj
 0001:00004250       ?_Eos@?$basic_string@_WU?$char_traits@_W@std@@V?$allocator@_W@2@@std@@QAEXI@Z 00405250 f i combysocket.obj
 0001:00004280       ?_Fill_n@std@@YAPAEPAEIE@Z 00405280 f i combysocket.obj
 0001:000042b0       ?_Getal@?$_String_alloc@$0A@U?$_String_base_types@DV?$allocator@D@std@@@std@@@std@@QBE?AU?$_Wrap_alloc@V?$allocator@D@std@@@2@XZ 004052b0 f i combysocket.obj
 0001:000042c0       ?_Getal@?$_String_alloc@$0A@U?$_String_base_types@_WV?$allocator@_W@std@@@std@@@std@@QBE?AU?$_Wrap_alloc@V?$allocator@_W@std@@@2@XZ 004052c0 f i combysocket.obj
 0001:000042d0       ?_Getal@?$_Vector_alloc@$0A@U?$_Vec_base_types@EV?$allocator@E@std@@@std@@@std@@QBE?AU?$_Wrap_alloc@V?$allocator@E@std@@@2@XZ 004052d0 f i combysocket.obj
 0001:000042e0       ?_Grow@?$basic_string@DU?$char_traits@D@std@@V?$allocator@D@2@@std@@QAE_NI_N@Z 004052e0 f i combysocket.obj
 0001:000043c0       ?_Grow_to@?$vector@EV?$allocator@E@std@@@std@@IBEII@Z 004053c0 f i combysocket.obj
 0001:00004400       ?_Inside@?$basic_string@DU?$char_traits@D@std@@V?$allocator@D@2@@std@@QAE_NPBD@Z 00405400 f i combysocket.obj
 0001:00004450       ?_Inside@?$vector@EV?$allocator@E@std@@@std@@IBE_NPBE@Z 00405450 f i combysocket.obj
 0001:00004480       ?_Myptr@?$_String_val@U?$_Simple_types@D@std@@@std@@QAEPADXZ 00405480 f i combysocket.obj
 0001:00004490       ?_Myptr@?$_String_val@U?$_Simple_types@D@std@@@std@@QBEPBDXZ 00405490 f i combysocket.obj
 0001:000044a0       ?_Myptr@?$_String_val@U?$_Simple_types@_W@std@@@std@@QAEPA_WXZ 004054a0 f i combysocket.obj
 0001:000044b0       ?_Myptr@?$_String_val@U?$_Simple_types@_W@std@@@std@@QBEPB_WXZ 004054b0 f i combysocket.obj
 0001:000044c0       ?_Orphan_range@?$vector@EV?$allocator@E@std@@@std@@IBEXPAE0@Z 004054c0 f i combysocket.obj
 0001:000044d0       ?_Pop_back_n@?$vector@EV?$allocator@E@std@@@std@@QAEXI@Z 004054d0 f i combysocket.obj
 0001:000044e0       ?_Reallocate@?$vector@EV?$allocator@E@std@@@std@@IAEXI@Z 004054e0 f i combysocket.obj
 0001:00004570       ?_Reserve@?$vector@EV?$allocator@E@std@@@std@@IAEXI@Z 00405570 f i combysocket.obj
 0001:00004600       ?_Tidy@?$basic_string@DU?$char_traits@D@std@@V?$allocator@D@2@@std@@QAEX_NI@Z 00405600 f i combysocket.obj
 0001:00004660       ?_Tidy@?$basic_string@_WU?$char_traits@_W@std@@V?$allocator@_W@2@@std@@QAEX_NI@Z 00405660 f i combysocket.obj
 0001:000046c0       ?_Tidy@?$vector@EV?$allocator@E@std@@@std@@IAEXXZ 004056c0 f i combysocket.obj
 0001:00004700       ?_Unused_capacity@?$vector@EV?$allocator@E@std@@@std@@QBEIXZ 00405700 f i combysocket.obj
 0001:00004710       ?_Xlen@?$basic_string@DU?$char_traits@D@std@@V?$allocator@D@2@@std@@QBEXXZ 00405710 f i combysocket.obj
 0001:00004720       ?_Xlen@?$vector@EV?$allocator@E@std@@@std@@IBEXXZ 00405720 f i combysocket.obj
 0001:00004730       ?_Xran@?$basic_string@DU?$char_traits@D@std@@V?$allocator@D@2@@std@@QBEXXZ 00405730 f i combysocket.obj
 0001:00004740       ?allocate@?$QTypedArrayData@D@@SAPAU1@IV?$QFlags@W4AllocationOption@QArrayData@@@@@Z 00405740 f i combysocket.obj
 0001:00004760       ?allocate@?$_Wrap_alloc@V?$allocator@D@std@@@std@@QAEPADI@Z 00405760 f i combysocket.obj
 0001:000047a0       ?allocate@?$_Wrap_alloc@V?$allocator@E@std@@@std@@QAEPAEI@Z 004057a0 f i combysocket.obj
 0001:000047e0       ?allocate@?$allocator@D@std@@QAEPADI@Z 004057e0 f i combysocket.obj
 0001:00004820       ?allocate@?$allocator@E@std@@QAEPAEI@Z 00405820 f i combysocket.obj
 0001:00004860       ?assign@?$basic_string@DU?$char_traits@D@std@@V?$allocator@D@2@@std@@QAEAAV12@ABV12@II@Z 00405860 f i combysocket.obj
 0001:000049c0       ?assign@?$basic_string@DU?$char_traits@D@std@@V?$allocator@D@2@@std@@QAEAAV12@PBD@Z 004059c0 f i combysocket.obj
 0001:00004a10       ?assign@?$basic_string@DU?$char_traits@D@std@@V?$allocator@D@2@@std@@QAEAAV12@PBDI@Z 00405a10 f i combysocket.obj
 0001:00004b50       ?assign@?$char_traits@D@std@@SAXAADABD@Z 00405b50 f i combysocket.obj
 0001:00004b70       ?assign@?$char_traits@_W@std@@SAXAA_WAB_W@Z 00405b70 f i combysocket.obj
 0001:00004b90       ?begin@?$QTypedArrayData@D@@QAEPADPAD@Z 00405b90 f i combysocket.obj
 0001:00004ba0       ?bytesWritten@comBySocket@@QAEX_J@Z 00405ba0 f   combysocket.obj
 0001:00004bb0       ?c_str@?$basic_string@DU?$char_traits@D@std@@V?$allocator@D@2@@std@@QBEPBDXZ 00405bb0 f i combysocket.obj
 0001:00004bc0       ?c_str@?$basic_string@_WU?$char_traits@_W@std@@V?$allocator@_W@2@@std@@QBEPB_WXZ 00405bc0 f i combysocket.obj
 0001:00004bd0       ?capacity@?$vector@EV?$allocator@E@std@@@std@@QBEIXZ 00405bd0 f i combysocket.obj
 0001:00004be0       ?category@error_code@std@@QBEABVerror_category@2@XZ 00405be0 f i combysocket.obj
 0001:00004bf0       ?category@error_condition@std@@QBEABVerror_category@2@XZ 00405bf0 f i combysocket.obj
 0001:00004c00       ?connectServer@comBySocket@@QAEXXZ 00405c00 f   combysocket.obj
 0001:00004ce0       ?connected@comBySocket@@QAEXXZ 00405ce0 f   combysocket.obj
 0001:000050a0       ?copy@?$char_traits@D@std@@SAPADPADPBDI@Z 004060a0 f i combysocket.obj
 0001:000050c0       ?copy@?$char_traits@_W@std@@SAPA_WPA_WPB_WI@Z 004060c0 f i combysocket.obj
 0001:000050e0       ?data@?$QTypedArrayData@D@@QAEPADXZ 004060e0 f i combysocket.obj
 0001:000050f0       ?data@?$QVector@D@@QAEPADXZ 004060f0 f i combysocket.obj
 0001:00005170       ?data_ptr@?$QStaticStringData@$02@@QBEPAU?$QTypedArrayData@G@@XZ 00406170 f i combysocket.obj
 0001:00005180       ?data_ptr@?$QStaticStringData@$04@@QBEPAU?$QTypedArrayData@G@@XZ 00406180 f i combysocket.obj
 0001:00005190       ?data_ptr@?$QStaticStringData@$05@@QBEPAU?$QTypedArrayData@G@@XZ 00406190 f i combysocket.obj
 0001:000051a0       ?data_ptr@?$QStaticStringData@$06@@QBEPAU?$QTypedArrayData@G@@XZ 004061a0 f i combysocket.obj
 0001:000051b0       ?data_ptr@?$QStaticStringData@$07@@QBEPAU?$QTypedArrayData@G@@XZ 004061b0 f i combysocket.obj
 0001:000051c0       ?data_ptr@?$QStaticStringData@$09@@QBEPAU?$QTypedArrayData@G@@XZ 004061c0 f i combysocket.obj
 0001:000051d0       ?data_ptr@?$QStaticStringData@$0BA@@@QBEPAU?$QTypedArrayData@G@@XZ 004061d0 f i combysocket.obj
 0001:000051e0       ?data_ptr@?$QStaticStringData@$0BB@@@QBEPAU?$QTypedArrayData@G@@XZ 004061e0 f i combysocket.obj
 0001:000051f0       ?data_ptr@?$QStaticStringData@$0L@@@QBEPAU?$QTypedArrayData@G@@XZ 004061f0 f i combysocket.obj
 0001:00005200       ?data_ptr@?$QStaticStringData@$0M@@@QBEPAU?$QTypedArrayData@G@@XZ 00406200 f i combysocket.obj
 0001:00005210       ?data_ptr@?$QStaticStringData@$0N@@@QBEPAU?$QTypedArrayData@G@@XZ 00406210 f i combysocket.obj
 0001:00005220       ?data_ptr@?$QStaticStringData@$0O@@@QBEPAU?$QTypedArrayData@G@@XZ 00406220 f i combysocket.obj
 0001:00005230       ?data_ptr@?$QStaticStringData@$0P@@@QBEPAU?$QTypedArrayData@G@@XZ 00406230 f i combysocket.obj
 0001:00005240       ?dealloc@?$QList@VQString@@@@AAEXPAUData@QListData@@@Z 00406240 f i combysocket.obj
 0001:00005290       ?deallocate@?$QTypedArrayData@D@@SAXPAUQArrayData@@@Z 00406290 f i combysocket.obj
 0001:000052b0       ?deallocate@?$_Wrap_alloc@V?$allocator@D@std@@@std@@QAEXPADI@Z 004062b0 f i combysocket.obj
 0001:000052d0       ?deallocate@?$_Wrap_alloc@V?$allocator@E@std@@@std@@QAEXPAEI@Z 004062d0 f i combysocket.obj
 0001:000052f0       ?deallocate@?$_Wrap_alloc@V?$allocator@_W@std@@@std@@QAEXPA_WI@Z 004062f0 f i combysocket.obj
 0001:00005310       ?deallocate@?$allocator@D@std@@QAEXPADI@Z 00406310 f i combysocket.obj
 0001:00005330       ?deallocate@?$allocator@E@std@@QAEXPAEI@Z 00406330 f i combysocket.obj
 0001:00005350       ?deallocate@?$allocator@_W@std@@QAEXPA_WI@Z 00406350 f i combysocket.obj
 0001:00005370       ?defaultConstruct@?$QVector@D@@AAEXPAD0@Z 00406370 f i combysocket.obj
 0001:000053a0       ?default_error_condition@_System_error_category@std@@UBE?AVerror_condition@2@H@Z 004063a0 f i combysocket.obj
 0001:000053e0       ?default_error_condition@error_category@std@@UBE?AVerror_condition@2@H@Z 004063e0 f i combysocket.obj
 0001:00005400       ?deref@?$QBasicAtomicInteger@H@@QAE_NXZ 00406400 f i combysocket.obj
 0001:00005420       ?deref@RefCount@QtPrivate@@QAE_NXZ 00406420 f i combysocket.obj
 0001:00005450       ?destruct@?$QVector@D@@AAEXPAD0@Z 00406450 f i combysocket.obj
 0001:00005460       ?detach@?$QVector@D@@QAEXXZ 00406460 f i combysocket.obj
 0001:000054d0       ?disconnectServer@comBySocket@@QAEXXZ 004064d0 f   combysocket.obj
 0001:000055b0       ?disconnected@comBySocket@@QAEXXZ 004065b0 f   combysocket.obj
 0001:00005650       ?displayTcpError@comBySocket@@QAEXW4SocketError@QAbstractSocket@@@Z 00406650 f   combysocket.obj
 0001:000057e0       ?doProcess@comBySocket@@QAEXH@Z 004067e0 f   combysocket.obj
 0001:00006070       ?end@?$QTypedArrayData@D@@QAEPADPAD@Z 00407070 f i combysocket.obj
 0001:00006080       ?equivalent@error_category@std@@UBE_NABVerror_code@2@H@Z 00407080 f i combysocket.obj
 0001:000060b0       ?equivalent@error_category@std@@UBE_NHABVerror_condition@2@@Z 004070b0 f i combysocket.obj
 0001:000060f0       ?erase@?$basic_string@DU?$char_traits@D@std@@V?$allocator@D@2@@std@@QAEAAV12@I@Z 004070f0 f i combysocket.obj
 0001:00006140       ?erase@?$basic_string@DU?$char_traits@D@std@@V?$allocator@D@2@@std@@QAEAAV12@II@Z 00407140 f i combysocket.obj
 0001:00006210       ?freeData@?$QVector@D@@AAEXPAU?$QTypedArrayData@D@@@Z 00407210 f i combysocket.obj
 0001:00006230       ?generic_category@std@@YAABVerror_category@1@XZ 00407230 f i combysocket.obj
 0001:00006240       ?getCom@comBySocket@@QAEXXZ 00407240 f   combysocket.obj
 0001:00006250       ?grabCom@comBySocket@@QAEXXZ 00407250 f   combysocket.obj
 0001:00006260       ?inClear@comBySocket@@QAEXXZ 00407260 f   combysocket.obj
 0001:000062f0       ?isDetached@?$QVector@D@@QBE_NXZ 004072f0 f i combysocket.obj
 0001:00006320       ?isShared@RefCount@QtPrivate@@QBE_NXZ 00407320 f i combysocket.obj
 0001:00006340       ?length@?$char_traits@D@std@@SAIPBD@Z 00407340 f i combysocket.obj
 0001:00006370       ?load@?$QBasicAtomicInteger@H@@QBEHXZ 00407370 f i combysocket.obj
 0001:00006380       ?max_size@?$_Wrap_alloc@V?$allocator@D@std@@@std@@QBEIXZ 00407380 f i combysocket.obj
 0001:00006390       ?max_size@?$_Wrap_alloc@V?$allocator@E@std@@@std@@QBEIXZ 00407390 f i combysocket.obj
 0001:000063a0       ?max_size@?$allocator@D@std@@QBEIXZ 004073a0 f i combysocket.obj
 0001:000063b0       ?max_size@?$allocator@E@std@@QBEIXZ 004073b0 f i combysocket.obj
 0001:000063c0       ?max_size@?$allocator_traits@V?$allocator@D@std@@@std@@SAIABV?$allocator@D@2@@Z 004073c0 f i combysocket.obj
 0001:000063d0       ?max_size@?$allocator_traits@V?$allocator@E@std@@@std@@SAIABV?$allocator@E@2@@Z 004073d0 f i combysocket.obj
 0001:000063e0       ?max_size@?$basic_string@DU?$char_traits@D@std@@V?$allocator@D@2@@std@@QBEIXZ 004073e0 f i combysocket.obj
 0001:000063f0       ?max_size@?$vector@EV?$allocator@E@std@@@std@@QBEIXZ 004073f0 f i combysocket.obj
 0001:00006400       ?message@_Generic_error_category@std@@UBE?AV?$basic_string@DU?$char_traits@D@std@@V?$allocator@D@2@@2@H@Z 00407400 f i combysocket.obj
 0001:00006490       ?message@_Iostream_error_category@std@@UBE?AV?$basic_string@DU?$char_traits@D@std@@V?$allocator@D@2@@2@H@Z 00407490 f i combysocket.obj
 0001:00006500       ?message@_System_error_category@std@@UBE?AV?$basic_string@DU?$char_traits@D@std@@V?$allocator@D@2@@2@H@Z 00407500 f i combysocket.obj
 0001:00006590       ?move@?$char_traits@D@std@@SAPADPADPBDI@Z 00407590 f i combysocket.obj
 0001:000065b0       ?name@_Generic_error_category@std@@UBEPBDXZ 004075b0 f i combysocket.obj
 0001:000065c0       ?name@_Iostream_error_category@std@@UBEPBDXZ 004075c0 f i combysocket.obj
 0001:000065d0       ?name@_System_error_category@std@@UBEPBDXZ 004075d0 f i combysocket.obj
 0001:000065e0       ?node_destruct@?$QList@VQString@@@@AAEXPAUNode@1@0@Z 004075e0 f i combysocket.obj
 0001:00006610       ?outClear@comBySocket@@QAEXXZ 00407610 f   combysocket.obj
 0001:000066a0       ?push_back@?$vector@EV?$allocator@E@std@@@std@@QAEX$$QAE@Z 004076a0 f i combysocket.obj
 0001:00006720       ?readFromServer@comBySocket@@QAEXXZ 00407720 f   combysocket.obj
 0001:00007860       ?reallocData@?$QVector@D@@AAEXHHV?$QFlags@W4AllocationOption@QArrayData@@@@@Z 00408860 f i combysocket.obj
 0001:00007a50       ?resize@?$vector@EV?$allocator@E@std@@@std@@QAEXI@Z 00408a50 f i combysocket.obj
 0001:00007ab0       ?retranslateUi@Ui_comBySocketClass@@QAEXPAVQWidget@@@Z 00408ab0 f i combysocket.obj
 0001:00007e00       ?sendCom@comBySocket@@QAEXXZ 00408e00 f   combysocket.obj
 0001:00007e10       ?sendOutClear@comBySocket@@QAEXXZ 00408e10 f   combysocket.obj
 0001:00007e20       ?setCom@comBySocket@@QAEXXZ 00408e20 f   combysocket.obj
 0001:00007e30       ?setParam@comBySocket@@QAEXVQString@@00@Z 00408e30 f   combysocket.obj
 0001:00007f50       ?setupUi@Ui_comBySocketClass@@QAEXPAVQWidget@@@Z 00408f50 f i combysocket.obj
 0001:00008d70       ?sharedNull@?$QTypedArrayData@D@@SAPAU1@XZ 00409d70 f i combysocket.obj
 0001:00008d80       ?size@?$basic_string@DU?$char_traits@D@std@@V?$allocator@D@2@@std@@QBEIXZ 00409d80 f i combysocket.obj
 0001:00008d90       ?size@?$vector@EV?$allocator@E@std@@@std@@QBEIXZ 00409d90 f i combysocket.obj
 0001:00008da0       ?system_category@std@@YAABVerror_category@1@XZ 00409da0 f i combysocket.obj
 0001:00008db0       ?timerEvent@comBySocket@@MAEXPAVQTimerEvent@@@Z 00409db0 f   combysocket.obj
 0001:000090b0       ?tr@comBySocket@@SA?AVQString@@PBD0H@Z 0040a0b0 f i combysocket.obj
 0001:000090f0       ?unsharableEmpty@?$QTypedArrayData@D@@SAPAU1@XZ 0040a0f0 f i combysocket.obj
 0001:00009110       ?value@error_code@std@@QBEHXZ 0040a110 f i combysocket.obj
 0001:00009120       ?value@error_condition@std@@QBEHXZ 0040a120 f i combysocket.obj
 0001:00009130       _hypot                     0040a130 f i combysocket.obj
 0001:00009160       _wmemcpy                   0040a160 f i combysocket.obj
 0001:00009280       _cpkey                     0040a280 f   d3des.obj
 0001:000092b0       _des                       0040a2b0 f   d3des.obj
 0001:00009ec0       _deskey                    0040aec0 f   d3des.obj
 0001:0000a1b0       _usekey                    0040b1b0 f   d3des.obj
 0001:0000a1e0       ?AesDecrypt@Encrypt@@YA_NPAE00I@Z 0040b1e0 f   Encrypt.obj
 0001:0000a240       ?AesEncrypt@Encrypt@@YA_NPAE00I@Z 0040b240 f   Encrypt.obj
 0001:0000a2a0       ?DesDecrypt@Encrypt@@YA_NPAE00AAI@Z 0040b2a0 f   Encrypt.obj
 0001:0000a340       ?DesEncrypt@Encrypt@@YA_NPAE00AAI@Z 0040b340 f   Encrypt.obj
 0001:0000a3c0       ??0initializer@?A0xc827a183@@QAE@XZ 0040b3c0 f i qrc_combysocket.obj
 0001:0000a3d0       ??1initializer@?A0xc827a183@@QAE@XZ 0040b3d0 f i qrc_combysocket.obj
 0001:0000a3e0       ?qCleanupResources_combysocket@@YAHXZ 0040b3e0 f   qrc_combysocket.obj
 0001:0000a3f0       ?qInitResources_combysocket@@YAHXZ 0040b3f0 f   qrc_combysocket.obj
 0001:0000a400       ??$acquireMemoryFence@H@?$QGenericAtomicOps@U?$QAtomicOpsBySize@$03@@@@SAXABH@Z 0040b400 f i moc_combysocket.obj
 0001:0000a410       ??$loadAcquire@H@?$QGenericAtomicOps@U?$QAtomicOpsBySize@$03@@@@SAHABH@Z 0040b410 f i moc_combysocket.obj
 0001:0000a420       ??$orderedMemoryFence@H@?$QGenericAtomicOps@U?$QAtomicOpsBySize@$03@@@@SAXABH@Z 0040b420 f i moc_combysocket.obj
 0001:0000a430       ??$qMetaTypeId@W4SocketError@QAbstractSocket@@@@YAHXZ 0040b430 f i moc_combysocket.obj
 0001:0000a440       ??$qRegisterMetaType@W4SocketError@QAbstractSocket@@@@YAHPBDPAW4SocketError@QAbstractSocket@@W4DefinedType@?$MetaTypeDefinedHelper@W4SocketError@QAbstractSocket@@$00@QtPrivate@@@Z 0040b440 f i moc_combysocket.obj
 0001:0000a520       ??$qRegisterMetaType@W4SocketError@QAbstractSocket@@@@YAHXZ 0040b520 f i moc_combysocket.obj
 0001:0000a530       ??$qRegisterNormalizedMetaType@W4SocketError@QAbstractSocket@@@@YAHABVQByteArray@@PAW4SocketError@QAbstractSocket@@W4DefinedType@?$MetaTypeDefinedHelper@W4SocketError@QAbstractSocket@@$00@QtPrivate@@@Z 0040b530 f i moc_combysocket.obj
 0001:0000a5a0       ??$releaseMemoryFence@H@?$QGenericAtomicOps@U?$QAtomicOpsBySize@$03@@@@SAXABH@Z 0040b5a0 f i moc_combysocket.obj
 0001:0000a5b0       ??$storeRelease@HH@?$QGenericAtomicOps@U?$QAtomicOpsBySize@$03@@@@SAXAAHH@Z 0040b5b0 f i moc_combysocket.obj
 0001:0000a5c0       ??0?$QFlags@W4TypeFlag@QMetaType@@@@QAE@VQFlag@@@Z 0040b5c0 f i moc_combysocket.obj
 0001:0000a5e0       ??C?$QScopedPointer@VQObjectData@@U?$QScopedPointerDeleter@VQObjectData@@@@@@QBEPAVQObjectData@@XZ 0040b5e0 f i moc_combysocket.obj
 0001:0000a5f0       ??_5?$QFlags@W4TypeFlag@QMetaType@@@@QAEAAV0@W4TypeFlag@QMetaType@@@Z 0040b5f0 f i moc_combysocket.obj
 0001:0000a610       ?Construct@?$QMetaTypeFunctionHelper@W4SocketError@QAbstractSocket@@$00@QtMetaTypePrivate@@SAPAXPAXPBX@Z 0040b610 f i moc_combysocket.obj
 0001:0000a640       ?Destruct@?$QMetaTypeFunctionHelper@W4SocketError@QAbstractSocket@@$00@QtMetaTypePrivate@@SAXPAX@Z 0040b640 f i moc_combysocket.obj
 0001:0000a650       ?loadAcquire@?$QBasicAtomicInteger@H@@QBEHXZ 0040b650 f i moc_combysocket.obj
 0001:0000a660       ?metaObject@comBySocket@@UBEPBUQMetaObject@@XZ 0040b660 f   moc_combysocket.obj
 0001:0000a680       ?qt_getEnumMetaObject@@YAPBUQMetaObject@@W4SocketError@QAbstractSocket@@@Z 0040b680 f i moc_combysocket.obj
 0001:0000a690       ?qt_metacall@comBySocket@@UAEHW4Call@QMetaObject@@HPAPAX@Z 0040b690 f   moc_combysocket.obj
 0001:0000a700       ?qt_metacast@comBySocket@@UAEPAXPBD@Z 0040b700 f   moc_combysocket.obj
 0001:0000a780       ?qt_metatype_id@?$QMetaTypeId2@W4SocketError@QAbstractSocket@@@@SAHXZ 0040b780 f i moc_combysocket.obj
 0001:0000a790       ?qt_metatype_id@?$QMetaTypeId@W4SocketError@QAbstractSocket@@@@SAHXZ 0040b790 f i moc_combysocket.obj
 0001:0000a850       ?qt_metatype_id@?$QMetaTypeIdHelper@W4SocketError@QAbstractSocket@@$00@QtPrivate@@SAHXZ 0040b850 f i moc_combysocket.obj
 0001:0000a860       ?qt_static_metacall@comBySocket@@CAXPAVQObject@@W4Call@QMetaObject@@HPAPAX@Z 0040b860 f   moc_combysocket.obj
 0001:0000a9d0       ?registerConverter@?$AssociativeContainerConverterHelper@W4SocketError@QAbstractSocket@@$0A@@QtPrivate@@SA_NH@Z 0040b9d0 f i moc_combysocket.obj
 0001:0000a9e0       ?registerConverter@?$IsPair@W4SocketError@QAbstractSocket@@@QtPrivate@@SA_NH@Z 0040b9e0 f i moc_combysocket.obj
 0001:0000a9f0       ?registerConverter@?$MetaTypeSmartPointerHelper@W4SocketError@QAbstractSocket@@X@QtPrivate@@SA_NH@Z 0040b9f0 f i moc_combysocket.obj
 0001:0000aa00       ?registerConverter@?$SequentialContainerConverterHelper@W4SocketError@QAbstractSocket@@$0A@@QtPrivate@@SA_NH@Z 0040ba00 f i moc_combysocket.obj
 0001:0000aa10       ?storeRelease@?$QBasicAtomicInteger@H@@QAEXH@Z 0040ba10 f i moc_combysocket.obj
 0001:0000aa20       ?value@?$MetaObjectForType@W4SocketError@QAbstractSocket@@X@QtPrivate@@SAPBUQMetaObject@@XZ 0040ba20 f i moc_combysocket.obj
 0001:0000aa30       ??$_Ptr_cat@EE@std@@YA?AU_Scalar_ptr_iterator_tag@0@PBEPAE@Z 0040ba30 f i LanbeProtocol.obj
 0001:0000aa40       ??$_Ucopy@V?$_Vector_const_iterator@V?$_Vector_val@U?$_Simple_types@E@std@@@std@@@std@@@?$vector@EV?$allocator@E@std@@@std@@IAEPAEV?$_Vector_const_iterator@V?$_Vector_val@U?$_Simple_types@E@std@@@std@@@1@0PAE@Z 0040ba40 f i LanbeProtocol.obj
 0001:0000aa70       ??$_Unchecked@V?$_Vector_val@U?$_Simple_types@E@std@@@std@@@std@@YAPBEV?$_Vector_const_iterator@V?$_Vector_val@U?$_Simple_types@E@std@@@std@@@0@@Z 0040ba70 f i LanbeProtocol.obj
 0001:0000aa80       ??$_Uninit_copy@$$CBEE@std@@YAPAEPBE0PAEAAU?$_Wrap_alloc@V?$allocator@E@std@@@0@U_Scalar_ptr_iterator_tag@0@@Z 0040ba80 f i LanbeProtocol.obj
 0001:0000aab0       ??$_Uninit_copy@PBEPAEU?$_Wrap_alloc@V?$allocator@E@std@@@std@@@std@@YAPAEPBE0PAEAAU?$_Wrap_alloc@V?$allocator@E@std@@@0@@Z 0040bab0 f i LanbeProtocol.obj
 0001:0000aae0       ??$_Uninitialized_copy@V?$_Vector_const_iterator@V?$_Vector_val@U?$_Simple_types@E@std@@@std@@@std@@PAEU?$_Wrap_alloc@V?$allocator@E@std@@@2@@std@@YAPAEV?$_Vector_const_iterator@V?$_Vector_val@U?$_Simple_types@E@std@@@std@@@0@0PAEAAU?$_Wrap_alloc@V?$allocator@E@std@@@0@@Z 0040bae0 f i LanbeProtocol.obj
 0001:0000ab10       ??0?$_Vector_const_iterator@V?$_Vector_val@U?$_Simple_types@E@std@@@std@@@std@@QAE@PAEPBU_Container_base0@1@@Z 0040bb10 f i LanbeProtocol.obj
 0001:0000ab30       ??0?$_Wrap_alloc@V?$allocator@E@std@@@std@@QAE@ABV?$allocator@E@1@@Z 0040bb30 f i LanbeProtocol.obj
 0001:0000ab40       ??0?$allocator@E@std@@QAE@ABV01@@Z 0040bb40 f i LanbeProtocol.obj
 0001:0000ab50       ??0?$vector@EV?$allocator@E@std@@@std@@QAE@ABV01@@Z 0040bb50 f i LanbeProtocol.obj
 0001:0000abc0       ??0CLanbeProtocol@@QAE@XZ  0040bbc0 f   LanbeProtocol.obj
 0001:0000abd0       ??1CLanbeProtocol@@QAE@XZ  0040bbd0 f   LanbeProtocol.obj
 0001:0000abe0       ?_Adopt@_Iterator_base0@std@@QAEXPBX@Z 0040bbe0 f i LanbeProtocol.obj
 0001:0000abf0       ?_Buy@?$vector@EV?$allocator@E@std@@@std@@IAE_NI@Z 0040bbf0 f i LanbeProtocol.obj
 0001:0000ac70       ?_Unchecked@?$_Vector_const_iterator@V?$_Vector_val@U?$_Simple_types@E@std@@@std@@@std@@QBEPBEXZ 0040bc70 f i LanbeProtocol.obj
 0001:0000ac80       ?answerGrabCom@CLanbeProtocol@@QAEHAAV?$vector@EV?$allocator@E@std@@@std@@@Z 0040bc80 f   LanbeProtocol.obj
 0001:0000ad40       ?begin@?$vector@EV?$allocator@E@std@@@std@@QBE?AV?$_Vector_const_iterator@V?$_Vector_val@U?$_Simple_types@E@std@@@std@@@2@XZ 0040bd40 f i LanbeProtocol.obj
 0001:0000ad60       ?confirmGrabCom@CLanbeProtocol@@QAEHAAV?$vector@EV?$allocator@E@std@@@std@@@Z 0040bd60 f   LanbeProtocol.obj
 0001:0000ae20       ?data@?$vector@EV?$allocator@E@std@@@std@@QAEPAEXZ 0040be20 f i LanbeProtocol.obj
 0001:0000ae30       ?end@?$vector@EV?$allocator@E@std@@@std@@QBE?AV?$_Vector_const_iterator@V?$_Vector_val@U?$_Simple_types@E@std@@@std@@@2@XZ 0040be30 f i LanbeProtocol.obj
 0001:0000ae50       ?getBaudrate@CLanbeProtocol@@QAEHAAV?$vector@EV?$allocator@E@std@@@std@@@Z 0040be50 f   LanbeProtocol.obj
 0001:0000af10       ?getKeyboardState@CLanbeProtocol@@QAEHAAV?$vector@EV?$allocator@E@std@@@std@@@Z 0040bf10 f   LanbeProtocol.obj
 0001:0000afd0       ?get_crc@CLanbeProtocol@@QAEEPAEI@Z 0040bfd0 f   LanbeProtocol.obj
 0001:0000b0e0       ?grabCom@CLanbeProtocol@@QAEHAAV?$vector@EV?$allocator@E@std@@@std@@@Z 0040c0e0 f   LanbeProtocol.obj
 0001:0000b1a0       ?prepareCmd@CLanbeProtocol@@QAEHEAAV?$vector@EV?$allocator@E@std@@@std@@0@Z 0040c1a0 f   LanbeProtocol.obj
 0001:0000b280       ?queryComData@CLanbeProtocol@@QAEHAAV?$vector@EV?$allocator@E@std@@@std@@@Z 0040c280 f   LanbeProtocol.obj
 0001:0000b340       ?select_on_container_copy_construction@?$_Wrap_alloc@V?$allocator@E@std@@@std@@QBE?AU12@XZ 0040c340 f i LanbeProtocol.obj
 0001:0000b350       ?select_on_container_copy_construction@?$allocator@E@std@@QBE?AV12@XZ 0040c350 f i LanbeProtocol.obj
 0001:0000b360       ?select_on_container_copy_construction@?$allocator_traits@V?$allocator@E@std@@@std@@SA?AV?$allocator@E@2@ABV32@@Z 0040c360 f i LanbeProtocol.obj
 0001:0000b370       ?sendAuthData@CLanbeProtocol@@QAEHAAV?$vector@EV?$allocator@E@std@@@std@@@Z 0040c370 f   LanbeProtocol.obj
 0001:0000b430       ?sendData@CLanbeProtocol@@QAEHAAV?$vector@EV?$allocator@E@std@@@std@@0@Z 0040c430 f   LanbeProtocol.obj
 0001:0000b4c0       ?sendUserID@CLanbeProtocol@@QAEHAAV?$vector@EV?$allocator@E@std@@@std@@0@Z 0040c4c0 f   LanbeProtocol.obj
 0001:0000b550       ?setBaudrate@CLanbeProtocol@@QAEHEAAV?$vector@EV?$allocator@E@std@@@std@@@Z 0040c550 f   LanbeProtocol.obj
 0001:0000b610       ??$?8DD@std@@YA_NABV?$allocator@D@0@0@Z 0040c610 f i main.obj
 0001:0000b620       ??$?8V?$allocator@D@std@@V01@@std@@YA_NABU?$_Wrap_alloc@V?$allocator@D@std@@@0@0@Z 0040c620 f i main.obj
 0001:0000b630       ??$?9V?$allocator@D@std@@V01@@std@@YA_NABU?$_Wrap_alloc@V?$allocator@D@std@@@0@0@Z 0040c630 f i main.obj
 0001:0000b640       ??$assign@V?$_String_iterator@V?$_String_val@U?$_Simple_types@D@std@@@std@@@std@@@?$basic_string@DU?$char_traits@D@std@@V?$allocator@D@2@@std@@QAEAAV01@V?$_String_iterator@V?$_String_val@U?$_Simple_types@D@std@@@std@@@1@0@Z 0040c640 f i main.obj
 0001:0000b690       ??$forward@V?$basic_string@DU?$char_traits@D@std@@V?$allocator@D@2@@std@@@std@@YA$$QAV?$basic_string@DU?$char_traits@D@std@@V?$allocator@D@2@@0@AAV10@@Z 0040c690 f i main.obj
 0001:0000b6a0       ??$ref@H@?$QAtomicOpsBySize@$03@@SA_NAAH@Z 0040c6a0 f i main.obj
 0001:0000b6c0       ??0?$QForeachContainer@VQStringList@@@@QAE@ABVQStringList@@@Z 0040c6c0 f i main.obj
 0001:0000b710       ??0?$QList@VQString@@@@QAE@ABV0@@Z 0040c710 f i main.obj
 0001:0000b800       ??0?$_String_const_iterator@V?$_String_val@U?$_Simple_types@D@std@@@std@@@std@@QAE@PBDPBU_Container_base0@1@@Z 0040c800 f i main.obj
 0001:0000b820       ??0?$_String_iterator@V?$_String_val@U?$_Simple_types@D@std@@@std@@@std@@QAE@PADPBU_Container_base0@1@@Z 0040c820 f i main.obj
 0001:0000b840       ??0?$allocator@D@std@@QAE@ABV01@@Z 0040c840 f i main.obj
 0001:0000b850       ??0?$basic_string@DU?$char_traits@D@std@@V?$allocator@D@2@@std@@QAE@XZ 0040c850 f i main.obj
 0001:0000b870       ??0QStringList@@QAE@ABV0@@Z 0040c870 f i main.obj
 0001:0000b890       ??0const_iterator@?$QList@VQString@@@@QAE@PAUNode@1@@Z 0040c890 f i main.obj
 0001:0000b8b0       ??1?$QForeachContainer@VQStringList@@@@QAE@XZ 0040c8b0 f i main.obj
 0001:0000b8c0       ??4?$basic_string@DU?$char_traits@D@std@@V?$allocator@D@2@@std@@QAEAAV01@$$QAV01@@Z 0040c8c0 f i main.obj
 0001:0000b910       ??8?$_String_const_iterator@V?$_String_val@U?$_Simple_types@D@std@@@std@@@std@@QBE_NABV01@@Z 0040c910 f i main.obj
 0001:0000b930       ??9const_iterator@?$QList@VQString@@@@QBE_NABV01@@Z 0040c930 f i main.obj
 0001:0000b950       ??D?$_String_const_iterator@V?$_String_val@U?$_Simple_types@D@std@@@std@@@std@@QBEABDXZ 0040c950 f i main.obj
 0001:0000b960       ??D?$_String_iterator@V?$_String_val@U?$_Simple_types@D@std@@@std@@@std@@QBEAADXZ 0040c960 f i main.obj
 0001:0000b970       ??Dconst_iterator@?$QList@VQString@@@@QBEABVQString@@XZ 0040c970 f i main.obj
 0001:0000b980       ??Econst_iterator@?$QList@VQString@@@@QAEAAV01@XZ 0040c980 f i main.obj
 0001:0000b990       ??G?$_String_const_iterator@V?$_String_val@U?$_Simple_types@D@std@@@std@@@std@@QBEHABV01@@Z 0040c990 f i main.obj
 0001:0000b9b0       ??G?$_String_iterator@V?$_String_val@U?$_Simple_types@D@std@@@std@@@std@@QBEHABV?$_String_const_iterator@V?$_String_val@U?$_Simple_types@D@std@@@std@@@1@@Z 0040c9b0 f i main.obj
 0001:0000b9d0       ?_Assign_rv@?$basic_string@DU?$char_traits@D@std@@V?$allocator@D@2@@std@@QAEX$$QAV12@@Z 0040c9d0 f i main.obj
 0001:0000ba40       ?_Change_alloc@?$_String_alloc@$0A@U?$_String_base_types@DV?$allocator@D@std@@@std@@@std@@QAEXABU?$_Wrap_alloc@V?$allocator@D@std@@@2@@Z 0040ca40 f i main.obj
 0001:0000ba50       ?_Compat@?$_String_const_iterator@V?$_String_val@U?$_Simple_types@D@std@@@std@@@std@@QBEXABV12@@Z 0040ca50 f i main.obj
 0001:0000ba60       ?_Pdif@?$basic_string@DU?$char_traits@D@std@@V?$allocator@D@2@@std@@SAIV?$_String_const_iterator@V?$_String_val@U?$_Simple_types@D@std@@@std@@@2@0@Z 0040ca60 f i main.obj
 0001:0000ba80       ?begin@?$QList@VQString@@@@QBE?AVconst_iterator@1@XZ 0040ca80 f i main.obj
 0001:0000baa0       ?begin@?$basic_string@DU?$char_traits@D@std@@V?$allocator@D@2@@std@@QAE?AV?$_String_iterator@V?$_String_val@U?$_Simple_types@D@std@@@std@@@2@XZ 0040caa0 f i main.obj
 0001:0000bac0       ?end@?$QList@VQString@@@@QBE?AVconst_iterator@1@XZ 0040cac0 f i main.obj
 0001:0000bae0       ?end@?$basic_string@DU?$char_traits@D@std@@V?$allocator@D@2@@std@@QAE?AV?$_String_iterator@V?$_String_val@U?$_Simple_types@D@std@@@std@@@2@XZ 0040cae0 f i main.obj
 0001:0000bb20       ?node_copy@?$QList@VQString@@@@AAEXPAUNode@1@00@Z 0040cb20 f i main.obj
 0001:0000bb60       ?ref@?$QBasicAtomicInteger@H@@QAE_NXZ 0040cb60 f i main.obj
 0001:0000bb80       ?ref@RefCount@QtPrivate@@QAE_NXZ 0040cb80 f i main.obj
 0001:0000bba0       ?replace@?$basic_string@DU?$char_traits@D@std@@V?$allocator@D@2@@std@@QAEAAV12@IIABV12@II@Z 0040cba0 f i main.obj
 0001:0000bfd0       ?replace@?$basic_string@DU?$char_traits@D@std@@V?$allocator@D@2@@std@@QAEAAV12@IIPBDI@Z 0040cfd0 f i main.obj
 0001:0000c1d0       ?replace@?$basic_string@DU?$char_traits@D@std@@V?$allocator@D@2@@std@@QAEAAV12@V?$_String_const_iterator@V?$_String_val@U?$_Simple_types@D@std@@@std@@@2@0V?$_String_iterator@V?$_String_val@U?$_Simple_types@D@std@@@std@@@2@1@Z 0040d1d0 f i main.obj
 0001:0000c290       ?t@Node@?$QList@VQString@@@@QAEAAVQString@@XZ 0040d290 f i main.obj
 0001:0000c2a0       _main                      0040d2a0 f   main.obj
 0001:0000cfe0       ??$_Allocate@_W@std@@YAPA_WIPA_W@Z 0040dfe0 f i utils.obj
 0001:0000d020       ??$_Move@AAPAU?$QTypedArrayData@D@@@std@@YA$$QAPAU?$QTypedArrayData@D@@AAPAU1@@Z 0040e020 f i utils.obj
 0001:0000d030       ??$construct@PA_WAAPA_W@?$_Wrap_alloc@V?$allocator@_W@std@@@std@@QAEXPAPA_WAAPA_W@Z 0040e030 f i utils.obj
 0001:0000d050       ??$construct@PA_WAAPA_W@?$allocator@_W@std@@QAEXPAPA_WAAPA_W@Z 0040e050 f i utils.obj
 0001:0000d070       ??$construct@PA_WAAPA_W@?$allocator_traits@V?$allocator@_W@std@@@std@@SAXAAV?$allocator@_W@1@PAPA_WAAPA_W@Z 0040e070 f i utils.obj
 0001:0000d090       ??$forward@AAPA_W@std@@YAAAPA_WAAPA_W@Z 0040e090 f i utils.obj
 0001:0000d0a0       ??$move@AAD@std@@YA$$QADAAD@Z 0040e0a0 f i utils.obj
 0001:0000d0b0       ??$move@AAV?$QVector@D@@@std@@YA$$QAV?$QVector@D@@AAV1@@Z 0040e0b0 f i utils.obj
 0001:0000d0c0       ??$qSwap@PAU?$QTypedArrayData@D@@@@YAXAAPAU?$QTypedArrayData@D@@0@Z 0040e0c0 f i utils.obj
 0001:0000d0e0       ??$swap@PAU?$QTypedArrayData@D@@@std@@YAXAAPAU?$QTypedArrayData@D@@0@Z 0040e0e0 f i utils.obj
 0001:0000d100       ??0?$QVector@D@@QAE@$$QAV0@@Z 0040e100 f i utils.obj
 0001:0000d120       ??0?$_String_alloc@$0A@U?$_String_base_types@_WV?$allocator@_W@std@@@std@@@std@@QAE@ABV?$allocator@_W@1@@Z 0040e120 f i utils.obj
 0001:0000d140       ??0?$_String_const_iterator@V?$_String_val@U?$_Simple_types@_W@std@@@std@@@std@@QAE@PB_WPBU_Container_base0@1@@Z 0040e140 f i utils.obj
 0001:0000d160       ??0?$_String_iterator@V?$_String_val@U?$_Simple_types@_W@std@@@std@@@std@@QAE@PA_WPBU_Container_base0@1@@Z 0040e160 f i utils.obj
 0001:0000d180       ??0?$_String_val@U?$_Simple_types@_W@std@@@std@@QAE@XZ 0040e180 f i utils.obj
 0001:0000d1a0       ??0?$basic_string@_WU?$char_traits@_W@std@@V?$allocator@_W@2@@std@@QAE@PB_W@Z 0040e1a0 f i utils.obj
 0001:0000d220       ??4?$QVector@D@@QAEAAV0@$$QAV0@@Z 0040e220 f i utils.obj
 0001:0000d280       ??8?$_String_const_iterator@V?$_String_val@U?$_Simple_types@_W@std@@@std@@@std@@QBE_NABV01@@Z 0040e280 f i utils.obj
 0001:0000d2a0       ??9?$_String_const_iterator@V?$_String_val@U?$_Simple_types@D@std@@@std@@@std@@QBE_NABV01@@Z 0040e2a0 f i utils.obj
 0001:0000d2c0       ??9?$_String_const_iterator@V?$_String_val@U?$_Simple_types@_W@std@@@std@@@std@@QBE_NABV01@@Z 0040e2c0 f i utils.obj
 0001:0000d2e0       ??D?$_String_const_iterator@V?$_String_val@U?$_Simple_types@_W@std@@@std@@@std@@QBEAB_WXZ 0040e2e0 f i utils.obj
 0001:0000d2f0       ??Y?$_String_const_iterator@V?$_String_val@U?$_Simple_types@D@std@@@std@@@std@@QAEAAV01@H@Z 0040e2f0 f i utils.obj
 0001:0000d310       ??Y?$_String_const_iterator@V?$_String_val@U?$_Simple_types@_W@std@@@std@@@std@@QAEAAV01@H@Z 0040e310 f i utils.obj
 0001:0000d330       ?_Compat@?$_String_const_iterator@V?$_String_val@U?$_Simple_types@_W@std@@@std@@@std@@QBEXABV12@@Z 0040e330 f i utils.obj
 0001:0000d340       ?_Copy@?$basic_string@_WU?$char_traits@_W@std@@V?$allocator@_W@2@@std@@QAEXII@Z 0040e340 f i utils.obj
 0001:0000d4f0       ?_Grow@?$basic_string@_WU?$char_traits@_W@std@@V?$allocator@_W@2@@std@@QAE_NI_N@Z 0040e4f0 f i utils.obj
 0001:0000d5e0       ?_Inside@?$basic_string@_WU?$char_traits@_W@std@@V?$allocator@_W@2@@std@@QAE_NPB_W@Z 0040e5e0 f i utils.obj
 0001:0000d630       ?_Xlen@?$basic_string@_WU?$char_traits@_W@std@@V?$allocator@_W@2@@std@@QBEXXZ 0040e630 f i utils.obj
 0001:0000d640       ?_Xran@?$basic_string@_WU?$char_traits@_W@std@@V?$allocator@_W@2@@std@@QBEXXZ 0040e640 f i utils.obj
 0001:0000d650       ?allocate@?$_Wrap_alloc@V?$allocator@_W@std@@@std@@QAEPA_WI@Z 0040e650 f i utils.obj
 0001:0000d690       ?allocate@?$allocator@_W@std@@QAEPA_WI@Z 0040e690 f i utils.obj
 0001:0000d6d0       ?append@?$QVector@D@@QAEX$$QAD@Z 0040e6d0 f i utils.obj
 0001:0000d760       ?append@?$QVector@D@@QAEXABD@Z 0040e760 f i utils.obj
 0001:0000d810       ?assign@?$basic_string@_WU?$char_traits@_W@std@@V?$allocator@_W@2@@std@@QAEAAV12@ABV12@II@Z 0040e810 f i utils.obj
 0001:0000d970       ?assign@?$basic_string@_WU?$char_traits@_W@std@@V?$allocator@_W@2@@std@@QAEAAV12@PB_W@Z 0040e970 f i utils.obj
 0001:0000d9d0       ?assign@?$basic_string@_WU?$char_traits@_W@std@@V?$allocator@_W@2@@std@@QAEAAV12@PB_WI@Z 0040e9d0 f i utils.obj
 0001:0000db10       ?begin@?$basic_string@_WU?$char_traits@_W@std@@V?$allocator@_W@2@@std@@QAE?AV?$_String_iterator@V?$_String_val@U?$_Simple_types@_W@std@@@std@@@2@XZ 0040eb10 f i utils.obj
 0001:0000db30       ?clear@?$QVector@D@@QAEXXZ 0040eb30 f i utils.obj
 0001:0000dbb0       ?clear@?$vector@EV?$allocator@E@std@@@std@@QAEXXZ 0040ebb0 f i utils.obj
 0001:0000dbc0       ?end@?$basic_string@_WU?$char_traits@_W@std@@V?$allocator@_W@2@@std@@QAE?AV?$_String_iterator@V?$_String_val@U?$_Simple_types@_W@std@@@std@@@2@XZ 0040ebc0 f i utils.obj
 0001:0000dc00       ?erase@?$basic_string@_WU?$char_traits@_W@std@@V?$allocator@_W@2@@std@@QAEAAV12@I@Z 0040ec00 f i utils.obj
 0001:0000dc50       ?erase@?$basic_string@_WU?$char_traits@_W@std@@V?$allocator@_W@2@@std@@QAEAAV12@II@Z 0040ec50 f i utils.obj
 0001:0000dd20       ?find@?$char_traits@D@std@@SAPBDPBDIABD@Z 0040ed20 f i utils.obj
 0001:0000dd50       ?find@?$char_traits@_W@std@@SAPB_WPB_WIAB_W@Z 0040ed50 f i utils.obj
 0001:0000dd80       ?find_first_not_of@?$basic_string@DU?$char_traits@D@std@@V?$allocator@D@2@@std@@QBEIPBDI@Z 0040ed80 f i utils.obj
 0001:0000ddd0       ?find_first_not_of@?$basic_string@DU?$char_traits@D@std@@V?$allocator@D@2@@std@@QBEIPBDII@Z 0040edd0 f i utils.obj
 0001:0000de80       ?find_first_of@?$basic_string@DU?$char_traits@D@std@@V?$allocator@D@2@@std@@QBEIPBDI@Z 0040ee80 f i utils.obj
 0001:0000ded0       ?find_first_of@?$basic_string@DU?$char_traits@D@std@@V?$allocator@D@2@@std@@QBEIPBDII@Z 0040eed0 f i utils.obj
 0001:0000df70       ?find_first_of@?$basic_string@_WU?$char_traits@_W@std@@V?$allocator@_W@2@@std@@QBEIPB_WI@Z 0040ef70 f i utils.obj
 0001:0000dfd0       ?find_first_of@?$basic_string@_WU?$char_traits@_W@std@@V?$allocator@_W@2@@std@@QBEIPB_WII@Z 0040efd0 f i utils.obj
 0001:0000e080       ?find_last_not_of@?$basic_string@DU?$char_traits@D@std@@V?$allocator@D@2@@std@@QBEIPBDI@Z 0040f080 f i utils.obj
 0001:0000e0d0       ?find_last_not_of@?$basic_string@DU?$char_traits@D@std@@V?$allocator@D@2@@std@@QBEIPBDII@Z 0040f0d0 f i utils.obj
 0001:0000e170       ?length@?$char_traits@_W@std@@SAIPB_W@Z 0040f170 f i utils.obj
 0001:0000e1a0       ?max_size@?$_Wrap_alloc@V?$allocator@_W@std@@@std@@QBEIXZ 0040f1a0 f i utils.obj
 0001:0000e1b0       ?max_size@?$allocator@_W@std@@QBEIXZ 0040f1b0 f i utils.obj
 0001:0000e1c0       ?max_size@?$allocator_traits@V?$allocator@_W@std@@@std@@SAIABV?$allocator@_W@2@@Z 0040f1c0 f i utils.obj
 0001:0000e1d0       ?max_size@?$basic_string@_WU?$char_traits@_W@std@@V?$allocator@_W@2@@std@@QBEIXZ 0040f1d0 f i utils.obj
 0001:0000e1e0       ?move@?$char_traits@_W@std@@SAPA_WPA_WPB_WI@Z 0040f1e0 f i utils.obj
 0001:0000e210       ?push_back@?$QVector@D@@QAEX$$QAD@Z 0040f210 f i utils.obj
 0001:0000e220       ?push_back@?$QVector@D@@QAEXABD@Z 0040f220 f i utils.obj
 0001:0000e230       ?qbyte2StrA@@YAXPBEKAAV?$QVector@D@@@Z 0040f230 f   utils.obj
 0001:0000e490       ?reserve@?$QVector@D@@QAEXH@Z 0040f490 f i utils.obj
 0001:0000e4f0       ?size@?$basic_string@_WU?$char_traits@_W@std@@V?$allocator@_W@2@@std@@QBEIXZ 0040f4f0 f i utils.obj
 0001:0000e500       ?str2byte@@YA_NPB_WAAV?$vector@EV?$allocator@E@std@@@std@@@Z 0040f500 f   utils.obj
 0001:0000e790       ?str2byteA@@YA_NPBDAAV?$vector@EV?$allocator@E@std@@@std@@@Z 0040f790 f   utils.obj
 0001:0000ea00       ?strTrim@@YAXAAV?$basic_string@DU?$char_traits@D@std@@V?$allocator@D@2@@std@@@Z 0040fa00 f   utils.obj
 0001:0000ea70       ?swap@?$QVector@D@@QAEXAAV1@@Z 0040fa70 f i utils.obj
 0001:0000ea90       _wmemchr                   0040fa90 f i utils.obj
 0001:0000eac0       _wmemmove                  0040fac0 f i utils.obj
 0001:0000ead6       ?qBadAlloc@@YAXXZ          0040fad6 f   Qt5Core:Qt5Core.dll
 0001:0000eadc       ?tr@QMetaObject@@QBE?AVQString@@PBD0H@Z 0040fadc f   Qt5Core:Qt5Core.dll
 0001:0000eae2       ?connectSlotsByName@QMetaObject@@SAXPAVQObject@@@Z 0040fae2 f   Qt5Core:Qt5Core.dll
 0001:0000eae8       ??1Connection@QMetaObject@@QAE@XZ 0040fae8 f   Qt5Core:Qt5Core.dll
 0001:0000eaee       ??0QChar@@QAE@UQLatin1Char@@@Z 0040faee f   Qt5Core:Qt5Core.dll
 0001:0000eaf4       ?allocate@QArrayData@@SAPAU1@IIIV?$QFlags@W4AllocationOption@QArrayData@@@@@Z 0040faf4 f   Qt5Core:Qt5Core.dll
 0001:0000eafa       ?deallocate@QArrayData@@SAXPAU1@II@Z 0040fafa f   Qt5Core:Qt5Core.dll
 0001:0000eb00       ??1QByteArray@@QAE@XZ      0040fb00 f   Qt5Core:Qt5Core.dll
 0001:0000eb06       ?data@QByteArray@@QAEPADXZ 0040fb06 f   Qt5Core:Qt5Core.dll
 0001:0000eb0c       ??BQByteRef@@QBEDXZ        0040fb0c f   Qt5Core:Qt5Core.dll
 0001:0000eb12       ??8QByteRef@@QBE_ND@Z      0040fb12 f   Qt5Core:Qt5Core.dll
 0001:0000eb18       ??9QByteRef@@QBE_ND@Z      0040fb18 f   Qt5Core:Qt5Core.dll
 0001:0000eb1e       ??0QString@@QAE@XZ         0040fb1e f   Qt5Core:Qt5Core.dll
 0001:0000eb24       ??0QString@@QAE@ABV0@@Z    0040fb24 f   Qt5Core:Qt5Core.dll
 0001:0000eb2a       ??1QString@@QAE@XZ         0040fb2a f   Qt5Core:Qt5Core.dll
 0001:0000eb30       ??4QString@@QAEAAV0@ABV0@@Z 0040fb30 f   Qt5Core:Qt5Core.dll
 0001:0000eb36       ??4QString@@QAEAAV0@$$QAV0@@Z 0040fb36 f   Qt5Core:Qt5Core.dll
 0001:0000eb3c       ?arg@QString@@QBE?AV1@ABV1@HVQChar@@@Z 0040fb3c f   Qt5Core:Qt5Core.dll
 0001:0000eb42       ?append@QString@@QAEAAV1@ABV1@@Z 0040fb42 f   Qt5Core:Qt5Core.dll
 0001:0000eb48       ?remove@QString@@QAEAAV1@ABV1@W4CaseSensitivity@Qt@@@Z 0040fb48 f   Qt5Core:Qt5Core.dll
 0001:0000eb4e       ?toInt@QString@@QBEHPA_NH@Z 0040fb4e f   Qt5Core:Qt5Core.dll
 0001:0000eb54       ?number@QString@@SA?AV1@HH@Z 0040fb54 f   Qt5Core:Qt5Core.dll
 0001:0000eb5a       ?toStdString@QString@@QBE?AV?$basic_string@DU?$char_traits@D@std@@V?$allocator@D@2@@std@@XZ 0040fb5a f   Qt5Core:Qt5Core.dll
 0001:0000eb60       ?toStdWString@QString@@QBE?AV?$basic_string@_WU?$char_traits@_W@std@@V?$allocator@_W@2@@std@@XZ 0040fb60 f   Qt5Core:Qt5Core.dll
 0001:0000eb66       ?fromAscii_helper@QString@@CAPAU?$QTypedArrayData@G@@PBDH@Z 0040fb66 f   Qt5Core:Qt5Core.dll
 0001:0000eb6c       ?dispose@QListData@@SAXPAUData@1@@Z 0040fb6c f   Qt5Core:Qt5Core.dll
 0001:0000eb72       ?objectName@QObject@@QBE?AVQString@@XZ 0040fb72 f   Qt5Core:Qt5Core.dll
 0001:0000eb78       ?setObjectName@QObject@@QAEXABVQString@@@Z 0040fb78 f   Qt5Core:Qt5Core.dll
 0001:0000eb7e       ?startTimer@QObject@@QAEHHW4TimerType@Qt@@@Z 0040fb7e f   Qt5Core:Qt5Core.dll
 0001:0000eb84       ?killTimer@QObject@@QAEXH@Z 0040fb84 f   Qt5Core:Qt5Core.dll
 0001:0000eb8a       ?connect@QObject@@SA?AVConnection@QMetaObject@@PBV1@PBD01W4ConnectionType@Qt@@@Z 0040fb8a f   Qt5Core:Qt5Core.dll
 0001:0000eb90       ?readAll@QIODevice@@QAE?AVQByteArray@@XZ 0040fb90 f   Qt5Core:Qt5Core.dll
 0001:0000eb96       ?write@QIODevice@@QAE_JPBD_J@Z 0040fb96 f   Qt5Core:Qt5Core.dll
 0001:0000eb9c       ?errorString@QIODevice@@QBE?AVQString@@XZ 0040fb9c f   Qt5Core:Qt5Core.dll
 0001:0000eba2       ??0QVariant@@QAE@XZ        0040fba2 f   Qt5Core:Qt5Core.dll
 0001:0000eba8       ??1QVariant@@QAE@XZ        0040fba8 f   Qt5Core:Qt5Core.dll
 0001:0000ebae       ?processEvents@QCoreApplication@@SAXV?$QFlags@W4ProcessEventsFlag@QEventLoop@@@@@Z 0040fbae f   Qt5Core:Qt5Core.dll
 0001:0000ebb4       ?translate@QCoreApplication@@SA?AVQString@@PBD00H@Z 0040fbb4 f   Qt5Core:Qt5Core.dll
 0001:0000ebba       ?codecForMib@QTextCodec@@SAPAV1@H@Z 0040fbba f   Qt5Core:Qt5Core.dll
 0001:0000ebc0       ?toUnicode@QTextCodec@@QBE?AVQString@@PBD@Z 0040fbc0 f   Qt5Core:Qt5Core.dll
 0001:0000ebc6       ?start@QElapsedTimer@@QAEXXZ 0040fbc6 f   Qt5Core:Qt5Core.dll
 0001:0000ebcc       ?elapsed@QElapsedTimer@@QBE_JXZ 0040fbcc f   Qt5Core:Qt5Core.dll
 0001:0000ebd2       ?childEvent@QObject@@MAEXPAVQChildEvent@@@Z 0040fbd2 f   Qt5Core:Qt5Core.dll
 0001:0000ebd8       ?connectNotify@QObject@@MAEXABVQMetaMethod@@@Z 0040fbd8 f   Qt5Core:Qt5Core.dll
 0001:0000ebde       ?customEvent@QObject@@MAEXPAVQEvent@@@Z 0040fbde f   Qt5Core:Qt5Core.dll
 0001:0000ebe4       ?disconnectNotify@QObject@@MAEXABVQMetaMethod@@@Z 0040fbe4 f   Qt5Core:Qt5Core.dll
 0001:0000ebea       ?event@QObject@@UAE_NPAVQEvent@@@Z 0040fbea f   Qt5Core:Qt5Core.dll
 0001:0000ebf0       ?eventFilter@QObject@@UAE_NPAV1@PAVQEvent@@@Z 0040fbf0 f   Qt5Core:Qt5Core.dll
 0001:0000ebf6       ?open@QIODevice@@UAE_NV?$QFlags@W4OpenModeFlag@QIODevice@@@@@Z 0040fbf6 f   Qt5Core:Qt5Core.dll
 0001:0000ebfc       ?pos@QIODevice@@UBE_JXZ    0040fbfc f   Qt5Core:Qt5Core.dll
 0001:0000ec02       ?reset@QIODevice@@UAE_NXZ  0040fc02 f   Qt5Core:Qt5Core.dll
 0001:0000ec08       ?seek@QIODevice@@UAE_N_J@Z 0040fc08 f   Qt5Core:Qt5Core.dll
 0001:0000ec0e       ?size@QIODevice@@UBE_JXZ   0040fc0e f   Qt5Core:Qt5Core.dll
 0001:0000ec14       ?timerEvent@QObject@@MAEXPAVQTimerEvent@@@Z 0040fc14 f   Qt5Core:Qt5Core.dll
 0001:0000ec1a       ?normalizedType@QMetaObject@@SA?AVQByteArray@@PBD@Z 0040fc1a f   Qt5Core:Qt5Core.dll
 0001:0000ec20       ?registerNormalizedType@QMetaType@@SAHABVQByteArray@@P6AXPAX@ZP6APAX1PBX@ZHV?$QFlags@W4TypeFlag@QMetaType@@@@PBUQMetaObject@@@Z 0040fc20 f   Qt5Core:Qt5Core.dll
 0001:0000ec26       ?registerNormalizedTypedef@QMetaType@@SAHABVQByteArray@@H@Z 0040fc26 f   Qt5Core:Qt5Core.dll
 0001:0000ec2c       ?dynamicMetaObject@QObjectData@@QBEPAUQMetaObject@@XZ 0040fc2c f   Qt5Core:Qt5Core.dll
 0001:0000ec32       ?indexOf@QString@@QBEHABV1@HW4CaseSensitivity@Qt@@@Z 0040fc32 f   Qt5Core:Qt5Core.dll
 0001:0000ec38       ?lastIndexOf@QString@@QBEHABV1@HW4CaseSensitivity@Qt@@@Z 0040fc38 f   Qt5Core:Qt5Core.dll
 0001:0000ec3e       ?right@QString@@QBE?AV1@H@Z 0040fc3e f   Qt5Core:Qt5Core.dll
 0001:0000ec44       ?mid@QString@@QBE?AV1@HH@Z 0040fc44 f   Qt5Core:Qt5Core.dll
 0001:0000ec4a       ?startsWith@QString@@QBE_NABV1@W4CaseSensitivity@Qt@@@Z 0040fc4a f   Qt5Core:Qt5Core.dll
 0001:0000ec50       ?split@QString@@QBE?AVQStringList@@ABV1@W4SplitBehavior@1@W4CaseSensitivity@Qt@@@Z 0040fc50 f   Qt5Core:Qt5Core.dll
 0001:0000ec56       ?detach@QListData@@QAEPAUData@1@H@Z 0040fc56 f   Qt5Core:Qt5Core.dll
 0001:0000ec5c       ??0QIcon@@QAE@XZ           0040fc5c f   Qt5Gui:Qt5Gui.dll
 0001:0000ec62       ??1QIcon@@QAE@XZ           0040fc62 f   Qt5Gui:Qt5Gui.dll
 0001:0000ec68       ?abort@QAbstractSocket@@QAEXXZ 0040fc68 f   Qt5Network:Qt5Network.dll
 0001:0000ec6e       ?state@QAbstractSocket@@QBE?AW4SocketState@1@XZ 0040fc6e f   Qt5Network:Qt5Network.dll
 0001:0000ec74       ??0QTcpSocket@@QAE@PAVQObject@@@Z 0040fc74 f   Qt5Network:Qt5Network.dll
 0001:0000ec7a       ??1QTcpSocket@@UAE@XZ      0040fc7a f   Qt5Network:Qt5Network.dll
 0001:0000ec80       ?atEnd@QAbstractSocket@@UBE_NXZ 0040fc80 f   Qt5Network:Qt5Network.dll
 0001:0000ec86       ?bytesAvailable@QAbstractSocket@@UBE_JXZ 0040fc86 f   Qt5Network:Qt5Network.dll
 0001:0000ec8c       ?bytesToWrite@QAbstractSocket@@UBE_JXZ 0040fc8c f   Qt5Network:Qt5Network.dll
 0001:0000ec92       ?canReadLine@QAbstractSocket@@UBE_NXZ 0040fc92 f   Qt5Network:Qt5Network.dll
 0001:0000ec98       ?close@QAbstractSocket@@UAEXXZ 0040fc98 f   Qt5Network:Qt5Network.dll
 0001:0000ec9e       ?connectToHost@QAbstractSocket@@UAEXABVQHostAddress@@GV?$QFlags@W4OpenModeFlag@QIODevice@@@@@Z 0040fc9e f   Qt5Network:Qt5Network.dll
 0001:0000eca4       ?connectToHost@QAbstractSocket@@UAEXABVQString@@GV?$QFlags@W4OpenModeFlag@QIODevice@@@@W4NetworkLayerProtocol@1@@Z 0040fca4 f   Qt5Network:Qt5Network.dll
 0001:0000ecaa       ?disconnectFromHost@QAbstractSocket@@UAEXXZ 0040fcaa f   Qt5Network:Qt5Network.dll
 0001:0000ecb0       ?isSequential@QAbstractSocket@@UBE_NXZ 0040fcb0 f   Qt5Network:Qt5Network.dll
 0001:0000ecb6       ?metaObject@QTcpSocket@@UBEPBUQMetaObject@@XZ 0040fcb6 f   Qt5Network:Qt5Network.dll
 0001:0000ecbc       ?qt_metacall@QTcpSocket@@UAEHW4Call@QMetaObject@@HPAPAX@Z 0040fcbc f   Qt5Network:Qt5Network.dll
 0001:0000ecc2       ?qt_metacast@QTcpSocket@@UAEPAXPBD@Z 0040fcc2 f   Qt5Network:Qt5Network.dll
 0001:0000ecc8       ?readData@QAbstractSocket@@MAE_JPAD_J@Z 0040fcc8 f   Qt5Network:Qt5Network.dll
 0001:0000ecce       ?readLineData@QAbstractSocket@@MAE_JPAD_J@Z 0040fcce f   Qt5Network:Qt5Network.dll
 0001:0000ecd4       ?resume@QAbstractSocket@@UAEXXZ 0040fcd4 f   Qt5Network:Qt5Network.dll
 0001:0000ecda       ?setReadBufferSize@QAbstractSocket@@UAEX_J@Z 0040fcda f   Qt5Network:Qt5Network.dll
 0001:0000ece0       ?setSocketDescriptor@QAbstractSocket@@UAE_NHW4SocketState@1@V?$QFlags@W4OpenModeFlag@QIODevice@@@@@Z 0040fce0 f   Qt5Network:Qt5Network.dll
 0001:0000ece6       ?setSocketOption@QAbstractSocket@@UAEXW4SocketOption@1@ABVQVariant@@@Z 0040fce6 f   Qt5Network:Qt5Network.dll
 0001:0000ecec       ?socketDescriptor@QAbstractSocket@@UBEHXZ 0040fcec f   Qt5Network:Qt5Network.dll
 0001:0000ecf2       ?socketOption@QAbstractSocket@@UAE?AVQVariant@@W4SocketOption@1@@Z 0040fcf2 f   Qt5Network:Qt5Network.dll
 0001:0000ecf8       ?waitForBytesWritten@QAbstractSocket@@UAE_NH@Z 0040fcf8 f   Qt5Network:Qt5Network.dll
 0001:0000ecfe       ?waitForConnected@QAbstractSocket@@UAE_NH@Z 0040fcfe f   Qt5Network:Qt5Network.dll
 0001:0000ed04       ?waitForDisconnected@QAbstractSocket@@UAE_NH@Z 0040fd04 f   Qt5Network:Qt5Network.dll
 0001:0000ed0a       ?waitForReadyRead@QAbstractSocket@@UAE_NH@Z 0040fd0a f   Qt5Network:Qt5Network.dll
 0001:0000ed10       ?writeData@QAbstractSocket@@MAE_JPBD_J@Z 0040fd10 f   Qt5Network:Qt5Network.dll
 0001:0000ed16       ??0QSizePolicy@@QAE@W4Policy@0@0W4ControlType@0@@Z 0040fd16 f   Qt5Widgets:Qt5Widgets.dll
 0001:0000ed1c       ?setHorizontalStretch@QSizePolicy@@QAEXH@Z 0040fd1c f   Qt5Widgets:Qt5Widgets.dll
 0001:0000ed22       ?setVerticalStretch@QSizePolicy@@QAEXH@Z 0040fd22 f   Qt5Widgets:Qt5Widgets.dll
 0001:0000ed28       ??0QWidget@@QAE@PAV0@V?$QFlags@W4WindowType@Qt@@@@@Z 0040fd28 f   Qt5Widgets:Qt5Widgets.dll
 0001:0000ed2e       ??1QWidget@@UAE@XZ         0040fd2e f   Qt5Widgets:Qt5Widgets.dll
 0001:0000ed34       ?setMinimumSize@QWidget@@QAEXHH@Z 0040fd34 f   Qt5Widgets:Qt5Widgets.dll
 0001:0000ed3a       ?setMaximumSize@QWidget@@QAEXHH@Z 0040fd3a f   Qt5Widgets:Qt5Widgets.dll
 0001:0000ed40       ?setWindowTitle@QWidget@@QAEXABVQString@@@Z 0040fd40 f   Qt5Widgets:Qt5Widgets.dll
 0001:0000ed46       ?resize@QWidget@@QAEXABVQSize@@@Z 0040fd46 f   Qt5Widgets:Qt5Widgets.dll
 0001:0000ed4c       ?sizePolicy@QWidget@@QBE?AVQSizePolicy@@XZ 0040fd4c f   Qt5Widgets:Qt5Widgets.dll
 0001:0000ed52       ?setSizePolicy@QWidget@@QAEXVQSizePolicy@@@Z 0040fd52 f   Qt5Widgets:Qt5Widgets.dll
 0001:0000ed58       ??0QButtonGroup@@QAE@PAVQObject@@@Z 0040fd58 f   Qt5Widgets:Qt5Widgets.dll
 0001:0000ed5e       ??1QButtonGroup@@UAE@XZ    0040fd5e f   Qt5Widgets:Qt5Widgets.dll
 0001:0000ed64       ?addButton@QButtonGroup@@QAEXPAVQAbstractButton@@H@Z 0040fd64 f   Qt5Widgets:Qt5Widgets.dll
 0001:0000ed6a       ??0QComboBox@@QAE@PAVQWidget@@@Z 0040fd6a f   Qt5Widgets:Qt5Widgets.dll
 0001:0000ed70       ??1QComboBox@@UAE@XZ       0040fd70 f   Qt5Widgets:Qt5Widgets.dll
 0001:0000ed76       ?count@QComboBox@@QBEHXZ   0040fd76 f   Qt5Widgets:Qt5Widgets.dll
 0001:0000ed7c       ?setEditable@QComboBox@@QAEX_N@Z 0040fd7c f   Qt5Widgets:Qt5Widgets.dll
 0001:0000ed82       ?currentIndex@QComboBox@@QBEHXZ 0040fd82 f   Qt5Widgets:Qt5Widgets.dll
 0001:0000ed88       ?insertItem@QComboBox@@QAEXHABVQIcon@@ABVQString@@ABVQVariant@@@Z 0040fd88 f   Qt5Widgets:Qt5Widgets.dll
 0001:0000ed8e       ?setCurrentIndex@QComboBox@@QAEXH@Z 0040fd8e f   Qt5Widgets:Qt5Widgets.dll
 0001:0000ed94       ?setContentsMargins@QLayout@@QAEXHHHH@Z 0040fd94 f   Qt5Widgets:Qt5Widgets.dll
 0001:0000ed9a       ?setSizeConstraint@QLayout@@QAEXW4SizeConstraint@1@@Z 0040fd9a f   Qt5Widgets:Qt5Widgets.dll
 0001:0000eda0       ?addWidget@QBoxLayout@@QAEXPAVQWidget@@HV?$QFlags@W4AlignmentFlag@Qt@@@@@Z 0040fda0 f   Qt5Widgets:Qt5Widgets.dll
 0001:0000eda6       ?addLayout@QBoxLayout@@QAEXPAVQLayout@@H@Z 0040fda6 f   Qt5Widgets:Qt5Widgets.dll
 0001:0000edac       ?setSpacing@QBoxLayout@@QAEXH@Z 0040fdac f   Qt5Widgets:Qt5Widgets.dll
 0001:0000edb2       ??0QVBoxLayout@@QAE@XZ     0040fdb2 f   Qt5Widgets:Qt5Widgets.dll
 0001:0000edb8       ??0QVBoxLayout@@QAE@PAVQWidget@@@Z 0040fdb8 f   Qt5Widgets:Qt5Widgets.dll
 0001:0000edbe       ??1QVBoxLayout@@UAE@XZ     0040fdbe f   Qt5Widgets:Qt5Widgets.dll
 0001:0000edc4       ??0QGridLayout@@QAE@XZ     0040fdc4 f   Qt5Widgets:Qt5Widgets.dll
 0001:0000edca       ??1QGridLayout@@UAE@XZ     0040fdca f   Qt5Widgets:Qt5Widgets.dll
 0001:0000edd0       ?setSpacing@QGridLayout@@QAEXH@Z 0040fdd0 f   Qt5Widgets:Qt5Widgets.dll
 0001:0000edd6       ?addWidget@QGridLayout@@QAEXPAVQWidget@@HHHHV?$QFlags@W4AlignmentFlag@Qt@@@@@Z 0040fdd6 f   Qt5Widgets:Qt5Widgets.dll
 0001:0000eddc       ??0QLabel@@QAE@PAVQWidget@@V?$QFlags@W4WindowType@Qt@@@@@Z 0040fddc f   Qt5Widgets:Qt5Widgets.dll
 0001:0000ede2       ??1QLabel@@UAE@XZ          0040fde2 f   Qt5Widgets:Qt5Widgets.dll
 0001:0000ede8       ?setText@QLabel@@QAEXABVQString@@@Z 0040fde8 f   Qt5Widgets:Qt5Widgets.dll
 0001:0000edee       ?setText@QAbstractButton@@QAEXABVQString@@@Z 0040fdee f   Qt5Widgets:Qt5Widgets.dll
 0001:0000edf4       ?isChecked@QAbstractButton@@QBE_NXZ 0040fdf4 f   Qt5Widgets:Qt5Widgets.dll
 0001:0000edfa       ?setChecked@QAbstractButton@@QAEX_N@Z 0040fdfa f   Qt5Widgets:Qt5Widgets.dll
 0001:0000ee00       ??0QPushButton@@QAE@PAVQWidget@@@Z 0040fe00 f   Qt5Widgets:Qt5Widgets.dll
 0001:0000ee06       ??1QPushButton@@UAE@XZ     0040fe06 f   Qt5Widgets:Qt5Widgets.dll
 0001:0000ee0c       ??0QRadioButton@@QAE@PAVQWidget@@@Z 0040fe0c f   Qt5Widgets:Qt5Widgets.dll
 0001:0000ee12       ??1QRadioButton@@UAE@XZ    0040fe12 f   Qt5Widgets:Qt5Widgets.dll
 0001:0000ee18       ??0QTextEdit@@QAE@PAVQWidget@@@Z 0040fe18 f   Qt5Widgets:Qt5Widgets.dll
 0001:0000ee1e       ??1QTextEdit@@UAE@XZ       0040fe1e f   Qt5Widgets:Qt5Widgets.dll
 0001:0000ee24       ?toPlainText@QTextEdit@@QBE?AVQString@@XZ 0040fe24 f   Qt5Widgets:Qt5Widgets.dll
 0001:0000ee2a       ?setText@QTextEdit@@QAEXABVQString@@@Z 0040fe2a f   Qt5Widgets:Qt5Widgets.dll
 0001:0000ee30       ?append@QTextEdit@@QAEXABVQString@@@Z 0040fe30 f   Qt5Widgets:Qt5Widgets.dll
 0001:0000ee36       ?information@QMessageBox@@SA?AW4StandardButton@1@PAVQWidget@@ABVQString@@1V?$QFlags@W4StandardButton@QMessageBox@@@@W421@@Z 0040fe36 f   Qt5Widgets:Qt5Widgets.dll
 0001:0000ee3c       ?warning@QMessageBox@@SA?AW4StandardButton@1@PAVQWidget@@ABVQString@@1V?$QFlags@W4StandardButton@QMessageBox@@@@W421@@Z 0040fe3c f   Qt5Widgets:Qt5Widgets.dll
 0001:0000ee42       ?actionEvent@QWidget@@MAEXPAVQActionEvent@@@Z 0040fe42 f   Qt5Widgets:Qt5Widgets.dll
 0001:0000ee48       ?addItem@QBoxLayout@@UAEXPAVQLayoutItem@@@Z 0040fe48 f   Qt5Widgets:Qt5Widgets.dll
 0001:0000ee4e       ?addItem@QGridLayout@@MAEXPAVQLayoutItem@@@Z 0040fe4e f   Qt5Widgets:Qt5Widgets.dll
 0001:0000ee54       ?canInsertFromMimeData@QTextEdit@@MBE_NPBVQMimeData@@@Z 0040fe54 f   Qt5Widgets:Qt5Widgets.dll
 0001:0000ee5a       ?changeEvent@QAbstractButton@@MAEXPAVQEvent@@@Z 0040fe5a f   Qt5Widgets:Qt5Widgets.dll
 0001:0000ee60       ?changeEvent@QComboBox@@MAEXPAVQEvent@@@Z 0040fe60 f   Qt5Widgets:Qt5Widgets.dll
 0001:0000ee66       ?changeEvent@QLabel@@MAEXPAVQEvent@@@Z 0040fe66 f   Qt5Widgets:Qt5Widgets.dll
 0001:0000ee6c       ?changeEvent@QTextEdit@@MAEXPAVQEvent@@@Z 0040fe6c f   Qt5Widgets:Qt5Widgets.dll
 0001:0000ee72       ?changeEvent@QWidget@@MAEXPAVQEvent@@@Z 0040fe72 f   Qt5Widgets:Qt5Widgets.dll
 0001:0000ee78       ?checkStateSet@QAbstractButton@@MAEXXZ 0040fe78 f   Qt5Widgets:Qt5Widgets.dll
 0001:0000ee7e       ?childEvent@QLayout@@MAEXPAVQChildEvent@@@Z 0040fe7e f   Qt5Widgets:Qt5Widgets.dll
 0001:0000ee84       ?closeEvent@QWidget@@MAEXPAVQCloseEvent@@@Z 0040fe84 f   Qt5Widgets:Qt5Widgets.dll
 0001:0000ee8a       ?contextMenuEvent@QComboBox@@MAEXPAVQContextMenuEvent@@@Z 0040fe8a f   Qt5Widgets:Qt5Widgets.dll
 0001:0000ee90       ?contextMenuEvent@QLabel@@MAEXPAVQContextMenuEvent@@@Z 0040fe90 f   Qt5Widgets:Qt5Widgets.dll
 0001:0000ee96       ?contextMenuEvent@QTextEdit@@MAEXPAVQContextMenuEvent@@@Z 0040fe96 f   Qt5Widgets:Qt5Widgets.dll
 0001:0000ee9c       ?contextMenuEvent@QWidget@@MAEXPAVQContextMenuEvent@@@Z 0040fe9c f   Qt5Widgets:Qt5Widgets.dll
 0001:0000eea2       ?controlTypes@QLayout@@UBE?AV?$QFlags@W4ControlType@QSizePolicy@@@@XZ 0040fea2 f   Qt5Widgets:Qt5Widgets.dll
 0001:0000eea8       ?count@QBoxLayout@@UBEHXZ  0040fea8 f   Qt5Widgets:Qt5Widgets.dll
 0001:0000eeae       ?count@QGridLayout@@UBEHXZ 0040feae f   Qt5Widgets:Qt5Widgets.dll
 0001:0000eeb4       ?createMimeDataFromSelection@QTextEdit@@MBEPAVQMimeData@@XZ 0040feb4 f   Qt5Widgets:Qt5Widgets.dll
 0001:0000eeba       ?devType@QWidget@@UBEHXZ   0040feba f   Qt5Widgets:Qt5Widgets.dll
 0001:0000eec0       ?doSetTextCursor@QTextEdit@@MAEXABVQTextCursor@@@Z 0040fec0 f   Qt5Widgets:Qt5Widgets.dll
 0001:0000eec6       ?dragEnterEvent@QTextEdit@@MAEXPAVQDragEnterEvent@@@Z 0040fec6 f   Qt5Widgets:Qt5Widgets.dll
 0001:0000eecc       ?dragEnterEvent@QWidget@@MAEXPAVQDragEnterEvent@@@Z 0040fecc f   Qt5Widgets:Qt5Widgets.dll
 0001:0000eed2       ?dragLeaveEvent@QTextEdit@@MAEXPAVQDragLeaveEvent@@@Z 0040fed2 f   Qt5Widgets:Qt5Widgets.dll
 0001:0000eed8       ?dragLeaveEvent@QWidget@@MAEXPAVQDragLeaveEvent@@@Z 0040fed8 f   Qt5Widgets:Qt5Widgets.dll
 0001:0000eede       ?dragMoveEvent@QTextEdit@@MAEXPAVQDragMoveEvent@@@Z 0040fede f   Qt5Widgets:Qt5Widgets.dll
 0001:0000eee4       ?dragMoveEvent@QWidget@@MAEXPAVQDragMoveEvent@@@Z 0040fee4 f   Qt5Widgets:Qt5Widgets.dll
 0001:0000eeea       ?dropEvent@QTextEdit@@MAEXPAVQDropEvent@@@Z 0040feea f   Qt5Widgets:Qt5Widgets.dll
 0001:0000eef0       ?dropEvent@QWidget@@MAEXPAVQDropEvent@@@Z 0040fef0 f   Qt5Widgets:Qt5Widgets.dll
 0001:0000eef6       ?enterEvent@QWidget@@MAEXPAVQEvent@@@Z 0040fef6 f   Qt5Widgets:Qt5Widgets.dll
 0001:0000eefc       ?event@QComboBox@@UAE_NPAVQEvent@@@Z 0040fefc f   Qt5Widgets:Qt5Widgets.dll
 0001:0000ef02       ?event@QLabel@@MAE_NPAVQEvent@@@Z 0040ff02 f   Qt5Widgets:Qt5Widgets.dll
 0001:0000ef08       ?event@QPushButton@@MAE_NPAVQEvent@@@Z 0040ff08 f   Qt5Widgets:Qt5Widgets.dll
 0001:0000ef0e       ?event@QRadioButton@@MAE_NPAVQEvent@@@Z 0040ff0e f   Qt5Widgets:Qt5Widgets.dll
 0001:0000ef14       ?event@QTextEdit@@MAE_NPAVQEvent@@@Z 0040ff14 f   Qt5Widgets:Qt5Widgets.dll
 0001:0000ef1a       ?event@QWidget@@MAE_NPAVQEvent@@@Z 0040ff1a f   Qt5Widgets:Qt5Widgets.dll
 0001:0000ef20       ?eventFilter@QAbstractScrollArea@@MAE_NPAVQObject@@PAVQEvent@@@Z 0040ff20 f   Qt5Widgets:Qt5Widgets.dll
 0001:0000ef26       ?expandingDirections@QBoxLayout@@UBE?AV?$QFlags@W4Orientation@Qt@@@@XZ 0040ff26 f   Qt5Widgets:Qt5Widgets.dll
 0001:0000ef2c       ?expandingDirections@QGridLayout@@UBE?AV?$QFlags@W4Orientation@Qt@@@@XZ 0040ff2c f   Qt5Widgets:Qt5Widgets.dll
 0001:0000ef32       ?focusInEvent@QAbstractButton@@MAEXPAVQFocusEvent@@@Z 0040ff32 f   Qt5Widgets:Qt5Widgets.dll
 0001:0000ef38       ?focusInEvent@QComboBox@@MAEXPAVQFocusEvent@@@Z 0040ff38 f   Qt5Widgets:Qt5Widgets.dll
 0001:0000ef3e       ?focusInEvent@QLabel@@MAEXPAVQFocusEvent@@@Z 0040ff3e f   Qt5Widgets:Qt5Widgets.dll
 0001:0000ef44       ?focusInEvent@QPushButton@@MAEXPAVQFocusEvent@@@Z 0040ff44 f   Qt5Widgets:Qt5Widgets.dll
 0001:0000ef4a       ?focusInEvent@QTextEdit@@MAEXPAVQFocusEvent@@@Z 0040ff4a f   Qt5Widgets:Qt5Widgets.dll
 0001:0000ef50       ?focusInEvent@QWidget@@MAEXPAVQFocusEvent@@@Z 0040ff50 f   Qt5Widgets:Qt5Widgets.dll
 0001:0000ef56       ?focusNextPrevChild@QLabel@@MAE_N_N@Z 0040ff56 f   Qt5Widgets:Qt5Widgets.dll
 0001:0000ef5c       ?focusNextPrevChild@QTextEdit@@MAE_N_N@Z 0040ff5c f   Qt5Widgets:Qt5Widgets.dll
 0001:0000ef62       ?focusNextPrevChild@QWidget@@MAE_N_N@Z 0040ff62 f   Qt5Widgets:Qt5Widgets.dll
 0001:0000ef68       ?focusOutEvent@QAbstractButton@@MAEXPAVQFocusEvent@@@Z 0040ff68 f   Qt5Widgets:Qt5Widgets.dll
 0001:0000ef6e       ?focusOutEvent@QComboBox@@MAEXPAVQFocusEvent@@@Z 0040ff6e f   Qt5Widgets:Qt5Widgets.dll
 0001:0000ef74       ?focusOutEvent@QLabel@@MAEXPAVQFocusEvent@@@Z 0040ff74 f   Qt5Widgets:Qt5Widgets.dll
 0001:0000ef7a       ?focusOutEvent@QPushButton@@MAEXPAVQFocusEvent@@@Z 0040ff7a f   Qt5Widgets:Qt5Widgets.dll
 0001:0000ef80       ?focusOutEvent@QTextEdit@@MAEXPAVQFocusEvent@@@Z 0040ff80 f   Qt5Widgets:Qt5Widgets.dll
 0001:0000ef86       ?focusOutEvent@QWidget@@MAEXPAVQFocusEvent@@@Z 0040ff86 f   Qt5Widgets:Qt5Widgets.dll
 0001:0000ef8c       ?geometry@QLayout@@UBE?AVQRect@@XZ 0040ff8c f   Qt5Widgets:Qt5Widgets.dll
 0001:0000ef92       ?hasHeightForWidth@QBoxLayout@@UBE_NXZ 0040ff92 f   Qt5Widgets:Qt5Widgets.dll
 0001:0000ef98       ?hasHeightForWidth@QGridLayout@@UBE_NXZ 0040ff98 f   Qt5Widgets:Qt5Widgets.dll
 0001:0000ef9e       ?hasHeightForWidth@QWidget@@UBE_NXZ 0040ff9e f   Qt5Widgets:Qt5Widgets.dll
 0001:0000efa4       ?heightForWidth@QBoxLayout@@UBEHH@Z 0040ffa4 f   Qt5Widgets:Qt5Widgets.dll
 0001:0000efaa       ?heightForWidth@QGridLayout@@UBEHH@Z 0040ffaa f   Qt5Widgets:Qt5Widgets.dll
 0001:0000efb0       ?heightForWidth@QLabel@@UBEHH@Z 0040ffb0 f   Qt5Widgets:Qt5Widgets.dll
 0001:0000efb6       ?heightForWidth@QWidget@@UBEHH@Z 0040ffb6 f   Qt5Widgets:Qt5Widgets.dll
 0001:0000efbc       ?hideEvent@QComboBox@@MAEXPAVQHideEvent@@@Z 0040ffbc f   Qt5Widgets:Qt5Widgets.dll
 0001:0000efc2       ?hideEvent@QWidget@@MAEXPAVQHideEvent@@@Z 0040ffc2 f   Qt5Widgets:Qt5Widgets.dll
 0001:0000efc8       ?hidePopup@QComboBox@@UAEXXZ 0040ffc8 f   Qt5Widgets:Qt5Widgets.dll
 0001:0000efce       ?hitButton@QAbstractButton@@MBE_NABVQPoint@@@Z 0040ffce f   Qt5Widgets:Qt5Widgets.dll
 0001:0000efd4       ?hitButton@QRadioButton@@MBE_NABVQPoint@@@Z 0040ffd4 f   Qt5Widgets:Qt5Widgets.dll
 0001:0000efda       ?indexOf@QLayout@@UBEHPAVQWidget@@@Z 0040ffda f   Qt5Widgets:Qt5Widgets.dll
 0001:0000efe0       ?initPainter@QWidget@@MBEXPAVQPainter@@@Z 0040ffe0 f   Qt5Widgets:Qt5Widgets.dll
 0001:0000efe6       ?inputMethodEvent@QComboBox@@MAEXPAVQInputMethodEvent@@@Z 0040ffe6 f   Qt5Widgets:Qt5Widgets.dll
 0001:0000efec       ?inputMethodEvent@QTextEdit@@MAEXPAVQInputMethodEvent@@@Z 0040ffec f   Qt5Widgets:Qt5Widgets.dll
 0001:0000eff2       ?inputMethodEvent@QWidget@@MAEXPAVQInputMethodEvent@@@Z 0040fff2 f   Qt5Widgets:Qt5Widgets.dll
 0001:0000eff8       ?inputMethodQuery@QComboBox@@UBE?AVQVariant@@W4InputMethodQuery@Qt@@@Z 0040fff8 f   Qt5Widgets:Qt5Widgets.dll
 0001:0000effe       ?inputMethodQuery@QTextEdit@@UBE?AVQVariant@@W4InputMethodQuery@Qt@@@Z 0040fffe f   Qt5Widgets:Qt5Widgets.dll
 0001:0000f004       ?inputMethodQuery@QWidget@@UBE?AVQVariant@@W4InputMethodQuery@Qt@@@Z 00410004 f   Qt5Widgets:Qt5Widgets.dll
 0001:0000f00a       ?insertFromMimeData@QTextEdit@@MAEXPBVQMimeData@@@Z 0041000a f   Qt5Widgets:Qt5Widgets.dll
 0001:0000f010       ?invalidate@QBoxLayout@@UAEXXZ 00410010 f   Qt5Widgets:Qt5Widgets.dll
 0001:0000f016       ?invalidate@QGridLayout@@UAEXXZ 00410016 f   Qt5Widgets:Qt5Widgets.dll
 0001:0000f01c       ?isEmpty@QLayout@@UBE_NXZ  0041001c f   Qt5Widgets:Qt5Widgets.dll
 0001:0000f022       ?itemAt@QBoxLayout@@UBEPAVQLayoutItem@@H@Z 00410022 f   Qt5Widgets:Qt5Widgets.dll
 0001:0000f028       ?itemAt@QGridLayout@@UBEPAVQLayoutItem@@H@Z 00410028 f   Qt5Widgets:Qt5Widgets.dll
 0001:0000f02e       ?keyPressEvent@QAbstractButton@@MAEXPAVQKeyEvent@@@Z 0041002e f   Qt5Widgets:Qt5Widgets.dll
 0001:0000f034       ?keyPressEvent@QComboBox@@MAEXPAVQKeyEvent@@@Z 00410034 f   Qt5Widgets:Qt5Widgets.dll
 0001:0000f03a       ?keyPressEvent@QLabel@@MAEXPAVQKeyEvent@@@Z 0041003a f   Qt5Widgets:Qt5Widgets.dll
 0001:0000f040       ?keyPressEvent@QPushButton@@MAEXPAVQKeyEvent@@@Z 00410040 f   Qt5Widgets:Qt5Widgets.dll
 0001:0000f046       ?keyPressEvent@QTextEdit@@MAEXPAVQKeyEvent@@@Z 00410046 f   Qt5Widgets:Qt5Widgets.dll
 0001:0000f04c       ?keyPressEvent@QWidget@@MAEXPAVQKeyEvent@@@Z 0041004c f   Qt5Widgets:Qt5Widgets.dll
 0001:0000f052       ?keyReleaseEvent@QAbstractButton@@MAEXPAVQKeyEvent@@@Z 00410052 f   Qt5Widgets:Qt5Widgets.dll
 0001:0000f058       ?keyReleaseEvent@QComboBox@@MAEXPAVQKeyEvent@@@Z 00410058 f   Qt5Widgets:Qt5Widgets.dll
 0001:0000f05e       ?keyReleaseEvent@QTextEdit@@MAEXPAVQKeyEvent@@@Z 0041005e f   Qt5Widgets:Qt5Widgets.dll
 0001:0000f064       ?keyReleaseEvent@QWidget@@MAEXPAVQKeyEvent@@@Z 00410064 f   Qt5Widgets:Qt5Widgets.dll
 0001:0000f06a       ?layout@QLayout@@UAEPAV1@XZ 0041006a f   Qt5Widgets:Qt5Widgets.dll
 0001:0000f070       ?leaveEvent@QWidget@@MAEXPAVQEvent@@@Z 00410070 f   Qt5Widgets:Qt5Widgets.dll
 0001:0000f076       ?loadResource@QTextEdit@@UAE?AVQVariant@@HABVQUrl@@@Z 00410076 f   Qt5Widgets:Qt5Widgets.dll
 0001:0000f07c       ?maximumSize@QBoxLayout@@UBE?AVQSize@@XZ 0041007c f   Qt5Widgets:Qt5Widgets.dll
 0001:0000f082       ?maximumSize@QGridLayout@@UBE?AVQSize@@XZ 00410082 f   Qt5Widgets:Qt5Widgets.dll
 0001:0000f088       ?metaObject@QButtonGroup@@UBEPBUQMetaObject@@XZ 00410088 f   Qt5Widgets:Qt5Widgets.dll
 0001:0000f08e       ?metaObject@QComboBox@@UBEPBUQMetaObject@@XZ 0041008e f   Qt5Widgets:Qt5Widgets.dll
 0001:0000f094       ?metaObject@QGridLayout@@UBEPBUQMetaObject@@XZ 00410094 f   Qt5Widgets:Qt5Widgets.dll
 0001:0000f09a       ?metaObject@QLabel@@UBEPBUQMetaObject@@XZ 0041009a f   Qt5Widgets:Qt5Widgets.dll
 0001:0000f0a0       ?metaObject@QPushButton@@UBEPBUQMetaObject@@XZ 004100a0 f   Qt5Widgets:Qt5Widgets.dll
 0001:0000f0a6       ?metaObject@QRadioButton@@UBEPBUQMetaObject@@XZ 004100a6 f   Qt5Widgets:Qt5Widgets.dll
 0001:0000f0ac       ?metaObject@QTextEdit@@UBEPBUQMetaObject@@XZ 004100ac f   Qt5Widgets:Qt5Widgets.dll
 0001:0000f0b2       ?metaObject@QVBoxLayout@@UBEPBUQMetaObject@@XZ 004100b2 f   Qt5Widgets:Qt5Widgets.dll
 0001:0000f0b8       ?metric@QWidget@@MBEHW4PaintDeviceMetric@QPaintDevice@@@Z 004100b8 f   Qt5Widgets:Qt5Widgets.dll
 0001:0000f0be       ?minimumHeightForWidth@QBoxLayout@@UBEHH@Z 004100be f   Qt5Widgets:Qt5Widgets.dll
 0001:0000f0c4       ?minimumHeightForWidth@QGridLayout@@UBEHH@Z 004100c4 f   Qt5Widgets:Qt5Widgets.dll
 0001:0000f0ca       ?minimumSize@QBoxLayout@@UBE?AVQSize@@XZ 004100ca f   Qt5Widgets:Qt5Widgets.dll
 0001:0000f0d0       ?minimumSize@QGridLayout@@UBE?AVQSize@@XZ 004100d0 f   Qt5Widgets:Qt5Widgets.dll
 0001:0000f0d6       ?minimumSizeHint@QAbstractScrollArea@@UBE?AVQSize@@XZ 004100d6 f   Qt5Widgets:Qt5Widgets.dll
 0001:0000f0dc       ?minimumSizeHint@QComboBox@@UBE?AVQSize@@XZ 004100dc f   Qt5Widgets:Qt5Widgets.dll
 0001:0000f0e2       ?minimumSizeHint@QLabel@@UBE?AVQSize@@XZ 004100e2 f   Qt5Widgets:Qt5Widgets.dll
 0001:0000f0e8       ?minimumSizeHint@QPushButton@@UBE?AVQSize@@XZ 004100e8 f   Qt5Widgets:Qt5Widgets.dll
 0001:0000f0ee       ?minimumSizeHint@QRadioButton@@UBE?AVQSize@@XZ 004100ee f   Qt5Widgets:Qt5Widgets.dll
 0001:0000f0f4       ?minimumSizeHint@QWidget@@UBE?AVQSize@@XZ 004100f4 f   Qt5Widgets:Qt5Widgets.dll
 0001:0000f0fa       ?mouseDoubleClickEvent@QTextEdit@@MAEXPAVQMouseEvent@@@Z 004100fa f   Qt5Widgets:Qt5Widgets.dll
 0001:0000f100       ?mouseDoubleClickEvent@QWidget@@MAEXPAVQMouseEvent@@@Z 00410100 f   Qt5Widgets:Qt5Widgets.dll
 0001:0000f106       ?mouseMoveEvent@QAbstractButton@@MAEXPAVQMouseEvent@@@Z 00410106 f   Qt5Widgets:Qt5Widgets.dll
 0001:0000f10c       ?mouseMoveEvent@QLabel@@MAEXPAVQMouseEvent@@@Z 0041010c f   Qt5Widgets:Qt5Widgets.dll
 0001:0000f112       ?mouseMoveEvent@QRadioButton@@MAEXPAVQMouseEvent@@@Z 00410112 f   Qt5Widgets:Qt5Widgets.dll
 0001:0000f118       ?mouseMoveEvent@QTextEdit@@MAEXPAVQMouseEvent@@@Z 00410118 f   Qt5Widgets:Qt5Widgets.dll
[...]
 0004:00000534       __imp_?keyReleaseEvent@QWidget@@MAEXPAVQKeyEvent@@@Z 0041d534     Qt5Widgets:Qt5Widgets.dll
 0004:00000538       __imp_?layout@QLayout@@UAEPAV1@XZ 0041d538     Qt5Widgets:Qt5Widgets.dll
 0004:0000053c       __imp_?leaveEvent@QWidget@@MAEXPAVQEvent@@@Z 0041d53c     Qt5Widgets:Qt5Widgets.dll
 0004:00000540       __imp_?loadResource@QTextEdit@@UAE?AVQVariant@@HABVQUrl@@@Z 0041d540     Qt5Widgets:Qt5Widgets.dll
 0004:00000544       __imp_?maximumSize@QBoxLayout@@UBE?AVQSize@@XZ 0041d544     Qt5Widgets:Qt5Widgets.dll
 0004:00000548       __imp_?maximumSize@QGridLayout@@UBE?AVQSize@@XZ 0041d548     Qt5Widgets:Qt5Widgets.dll
 0004:0000054c       __imp_?metaObject@QButtonGroup@@UBEPBUQMetaObject@@XZ 0041d54c     Qt5Widgets:Qt5Widgets.dll
 0004:00000550       __imp_?metaObject@QComboBox@@UBEPBUQMetaObject@@XZ 0041d550     Qt5Widgets:Qt5Widgets.dll
 0004:00000554       __imp_?metaObject@QGridLayout@@UBEPBUQMetaObject@@XZ 0041d554     Qt5Widgets:Qt5Widgets.dll
 0004:00000558       __imp_?metaObject@QLabel@@UBEPBUQMetaObject@@XZ 0041d558     Qt5Widgets:Qt5Widgets.dll
 0004:0000055c       __imp_?metaObject@QPushButton@@UBEPBUQMetaObject@@XZ 0041d55c     Qt5Widgets:Qt5Widgets.dll
 0004:00000560       __imp_?metaObject@QRadioButton@@UBEPBUQMetaObject@@XZ 0041d560     Qt5Widgets:Qt5Widgets.dll
 0004:00000564       __imp_?metaObject@QTextEdit@@UBEPBUQMetaObject@@XZ 0041d564     Qt5Widgets:Qt5Widgets.dll
 0004:00000568       __imp_?metaObject@QVBoxLayout@@UBEPBUQMetaObject@@XZ 0041d568     Qt5Widgets:Qt5Widgets.dll
 0004:0000056c       __imp_?metric@QWidget@@MBEHW4PaintDeviceMetric@QPaintDevice@@@Z 0041d56c     Qt5Widgets:Qt5Widgets.dll
 0004:00000570       __imp_?minimumHeightForWidth@QBoxLayout@@UBEHH@Z 0041d570     Qt5Widgets:Qt5Widgets.dll
 0004:00000574       __imp_?minimumHeightForWidth@QGridLayout@@UBEHH@Z 0041d574     Qt5Widgets:Qt5Widgets.dll
 0004:00000578       __imp_?minimumSize@QBoxLayout@@UBE?AVQSize@@XZ 0041d578     Qt5Widgets:Qt5Widgets.dll
 0004:0000057c       __imp_?minimumSize@QGridLayout@@UBE?AVQSize@@XZ 0041d57c     Qt5Widgets:Qt5Widgets.dll
 0004:00000580       __imp_?minimumSizeHint@QAbstractScrollArea@@UBE?AVQSize@@XZ 0041d580     Qt5Widgets:Qt5Widgets.dll
 0004:00000584       __imp_?minimumSizeHint@QComboBox@@UBE?AVQSize@@XZ 0041d584     Qt5Widgets:Qt5Widgets.dll
 0004:00000588       __imp_?minimumSizeHint@QLabel@@UBE?AVQSize@@XZ 0041d588     Qt5Widgets:Qt5Widgets.dll
 0004:0000058c       __imp_?minimumSizeHint@QPushButton@@UBE?AVQSize@@XZ 0041d58c     Qt5Widgets:Qt5Widgets.dll
 0004:00000590       __imp_?minimumSizeHint@QRadioButton@@UBE?AVQSize@@XZ 0041d590     Qt5Widgets:Qt5Widgets.dll
 0004:00000594       __imp_?minimumSizeHint@QWidget@@UBE?AVQSize@@XZ 0041d594     Qt5Widgets:Qt5Widgets.dll
 0004:00000598       __imp_?mouseDoubleClickEvent@QTextEdit@@MAEXPAVQMouseEvent@@@Z 0041d598     Qt5Widgets:Qt5Widgets.dll
 0004:0000059c       __imp_?mouseDoubleClickEvent@QWidget@@MAEXPAVQMouseEvent@@@Z 0041d59c     Qt5Widgets:Qt5Widgets.dll
 0004:000005a0       __imp_?mouseMoveEvent@QAbstractButton@@MAEXPAVQMouseEvent@@@Z 0041d5a0     Qt5Widgets:Qt5Widgets.dll
 0004:000005a4       __imp_?mouseMoveEvent@QLabel@@MAEXPAVQMouseEvent@@@Z 0041d5a4     Qt5Widgets:Qt5Widgets.dll
 0004:000005a8       __imp_?contextMenuEvent@QComboBox@@MAEXPAVQContextMenuEvent@@@Z 0041d5a8     Qt5Widgets:Qt5Widgets.dll
 0004:000005ac       __imp_?mouseMoveEvent@QTextEdit@@MAEXPAVQMouseEvent@@@Z 0041d5ac     Qt5Widgets:Qt5Widgets.dll
 0004:000005b0       __imp_?mouseMoveEvent@QWidget@@MAEXPAVQMouseEvent@@@Z 0041d5b0     Qt5Widgets:Qt5Widgets.dll
 0004:000005b4       __imp_?mousePressEvent@QAbstractButton@@MAEXPAVQMouseEvent@@@Z 0041d5b4     Qt5Widgets:Qt5Widgets.dll
 0004:000005b8       __imp_?mousePressEvent@QComboBox@@MAEXPAVQMouseEvent@@@Z 0041d5b8     Qt5Widgets:Qt5Widgets.dll
 0004:000005bc       __imp_?mousePressEvent@QLabel@@MAEXPAVQMouseEvent@@@Z 0041d5bc     Qt5Widgets:Qt5Widgets.dll
 0004:000005c0       __imp_?mousePressEvent@QTextEdit@@MAEXPAVQMouseEvent@@@Z 0041d5c0     Qt5Widgets:Qt5Widgets.dll
 0004:000005c4       __imp_?mousePressEvent@QWidget@@MAEXPAVQMouseEvent@@@Z 0041d5c4     Qt5Widgets:Qt5Widgets.dll
 0004:000005c8       __imp_?mouseReleaseEvent@QAbstractButton@@MAEXPAVQMouseEvent@@@Z 0041d5c8     Qt5Widgets:Qt5Widgets.dll
 0004:000005cc       __imp_?mouseReleaseEvent@QComboBox@@MAEXPAVQMouseEvent@@@Z 0041d5cc     Qt5Widgets:Qt5Widgets.dll
 0004:000005d0       __imp_?mouseReleaseEvent@QLabel@@MAEXPAVQMouseEvent@@@Z 0041d5d0     Qt5Widgets:Qt5Widgets.dll
 0004:000005d4       __imp_?mouseReleaseEvent@QTextEdit@@MAEXPAVQMouseEvent@@@Z 0041d5d4     Qt5Widgets:Qt5Widgets.dll
 0004:000005d8       __imp_?mouseReleaseEvent@QWidget@@MAEXPAVQMouseEvent@@@Z 0041d5d8     Qt5Widgets:Qt5Widgets.dll
 0004:000005dc       __imp_?moveEvent@QWidget@@MAEXPAVQMoveEvent@@@Z 0041d5dc     Qt5Widgets:Qt5Widgets.dll
 0004:000005e0       __imp_?nativeEvent@QWidget@@MAE_NABVQByteArray@@PAXPAJ@Z 0041d5e0     Qt5Widgets:Qt5Widgets.dll
 0004:000005e4       __imp_?nextCheckState@QAbstractButton@@MAEXXZ 0041d5e4     Qt5Widgets:Qt5Widgets.dll
 0004:000005e8       __imp_?paintEngine@QWidget@@UBEPAVQPaintEngine@@XZ 0041d5e8     Qt5Widgets:Qt5Widgets.dll
 0004:000005ec       __imp_?paintEvent@QComboBox@@MAEXPAVQPaintEvent@@@Z 0041d5ec     Qt5Widgets:Qt5Widgets.dll
 0004:000005f0       __imp_?paintEvent@QLabel@@MAEXPAVQPaintEvent@@@Z 0041d5f0     Qt5Widgets:Qt5Widgets.dll
 0004:000005f4       __imp_?paintEvent@QPushButton@@MAEXPAVQPaintEvent@@@Z 0041d5f4     Qt5Widgets:Qt5Widgets.dll
 0004:000005f8       __imp_?paintEvent@QRadioButton@@MAEXPAVQPaintEvent@@@Z 0041d5f8     Qt5Widgets:Qt5Widgets.dll
 0004:000005fc       __imp_?paintEvent@QTextEdit@@MAEXPAVQPaintEvent@@@Z 0041d5fc     Qt5Widgets:Qt5Widgets.dll
 0004:00000600       __imp_?paintEvent@QWidget@@MAEXPAVQPaintEvent@@@Z 0041d600     Qt5Widgets:Qt5Widgets.dll
 0004:00000604       __imp_?qt_metacall@QButtonGroup@@UAEHW4Call@QMetaObject@@HPAPAX@Z 0041d604     Qt5Widgets:Qt5Widgets.dll
 0004:00000608       __imp_?qt_metacall@QComboBox@@UAEHW4Call@QMetaObject@@HPAPAX@Z 0041d608     Qt5Widgets:Qt5Widgets.dll
 0004:0000060c       __imp_?qt_metacall@QGridLayout@@UAEHW4Call@QMetaObject@@HPAPAX@Z 0041d60c     Qt5Widgets:Qt5Widgets.dll
 0004:00000610       __imp_?qt_metacall@QLabel@@UAEHW4Call@QMetaObject@@HPAPAX@Z 0041d610     Qt5Widgets:Qt5Widgets.dll
 0004:00000614       __imp_?qt_metacall@QPushButton@@UAEHW4Call@QMetaObject@@HPAPAX@Z 0041d614     Qt5Widgets:Qt5Widgets.dll
 0004:00000618       __imp_?qt_metacall@QRadioButton@@UAEHW4Call@QMetaObject@@HPAPAX@Z 0041d618     Qt5Widgets:Qt5Widgets.dll
 0004:0000061c       __imp_?qt_metacall@QTextEdit@@UAEHW4Call@QMetaObject@@HPAPAX@Z 0041d61c     Qt5Widgets:Qt5Widgets.dll
 0004:00000620       __imp_?qt_metacall@QVBoxLayout@@UAEHW4Call@QMetaObject@@HPAPAX@Z 0041d620     Qt5Widgets:Qt5Widgets.dll
 0004:00000624       __imp_?qt_metacast@QButtonGroup@@UAEPAXPBD@Z 0041d624     Qt5Widgets:Qt5Widgets.dll
 0004:00000628       __imp_?qt_metacast@QComboBox@@UAEPAXPBD@Z 0041d628     Qt5Widgets:Qt5Widgets.dll
 0004:0000062c       __imp_?qt_metacast@QGridLayout@@UAEPAXPBD@Z 0041d62c     Qt5Widgets:Qt5Widgets.dll
 0004:00000630       __imp_?qt_metacast@QLabel@@UAEPAXPBD@Z 0041d630     Qt5Widgets:Qt5Widgets.dll
 0004:00000634       __imp_?qt_metacast@QPushButton@@UAEPAXPBD@Z 0041d634     Qt5Widgets:Qt5Widgets.dll
 0004:00000638       __imp_?qt_metacast@QRadioButton@@UAEPAXPBD@Z 0041d638     Qt5Widgets:Qt5Widgets.dll
 0004:0000063c       __imp_?qt_metacast@QTextEdit@@UAEPAXPBD@Z 0041d63c     Qt5Widgets:Qt5Widgets.dll
 0004:00000640       __imp_?qt_metacast@QVBoxLayout@@UAEPAXPBD@Z 0041d640     Qt5Widgets:Qt5Widgets.dll
 0004:00000644       __imp_?redirected@QWidget@@MBEPAVQPaintDevice@@PAVQPoint@@@Z 0041d644     Qt5Widgets:Qt5Widgets.dll
 0004:00000648       __imp_?resizeEvent@QComboBox@@MAEXPAVQResizeEvent@@@Z 0041d648     Qt5Widgets:Qt5Widgets.dll
 0004:0000064c       __imp_?resizeEvent@QTextEdit@@MAEXPAVQResizeEvent@@@Z 0041d64c     Qt5Widgets:Qt5Widgets.dll
 0004:00000650       __imp_?resizeEvent@QWidget@@MAEXPAVQResizeEvent@@@Z 0041d650     Qt5Widgets:Qt5Widgets.dll
 0004:00000654       __imp_?scrollContentsBy@QTextEdit@@MAEXHH@Z 0041d654     Qt5Widgets:Qt5Widgets.dll
 0004:00000658       __imp_?setGeometry@QBoxLayout@@UAEXABVQRect@@@Z 0041d658     Qt5Widgets:Qt5Widgets.dll
 0004:0000065c       __imp_?setGeometry@QGridLayout@@UAEXABVQRect@@@Z 0041d65c     Qt5Widgets:Qt5Widgets.dll
 0004:00000660       __imp_?setVisible@QWidget@@UAEX_N@Z 0041d660     Qt5Widgets:Qt5Widgets.dll
 0004:00000664       __imp_?setupViewport@QAbstractScrollArea@@UAEXPAVQWidget@@@Z 0041d664     Qt5Widgets:Qt5Widgets.dll
 0004:00000668       __imp_?sharedPainter@QWidget@@MBEPAVQPainter@@XZ 0041d668     Qt5Widgets:Qt5Widgets.dll
 0004:0000066c       __imp_?showEvent@QComboBox@@MAEXPAVQShowEvent@@@Z 0041d66c     Qt5Widgets:Qt5Widgets.dll
 0004:00000670       __imp_?showEvent@QTextEdit@@MAEXPAVQShowEvent@@@Z 0041d670     Qt5Widgets:Qt5Widgets.dll
 0004:00000674       __imp_?showEvent@QWidget@@MAEXPAVQShowEvent@@@Z 0041d674     Qt5Widgets:Qt5Widgets.dll
 0004:00000678       __imp_?showPopup@QComboBox@@UAEXXZ 0041d678     Qt5Widgets:Qt5Widgets.dll
 0004:0000067c       __imp_?sizeHint@QAbstractScrollArea@@UBE?AVQSize@@XZ 0041d67c     Qt5Widgets:Qt5Widgets.dll
 0004:00000680       __imp_?sizeHint@QBoxLayout@@UBE?AVQSize@@XZ 0041d680     Qt5Widgets:Qt5Widgets.dll
 0004:00000684       __imp_?sizeHint@QComboBox@@UBE?AVQSize@@XZ 0041d684     Qt5Widgets:Qt5Widgets.dll
 0004:00000688       __imp_?sizeHint@QGridLayout@@UBE?AVQSize@@XZ 0041d688     Qt5Widgets:Qt5Widgets.dll
 0004:0000068c       __imp_?sizeHint@QLabel@@UBE?AVQSize@@XZ 0041d68c     Qt5Widgets:Qt5Widgets.dll
 0004:00000690       __imp_?sizeHint@QPushButton@@UBE?AVQSize@@XZ 0041d690     Qt5Widgets:Qt5Widgets.dll
 0004:00000694       __imp_?sizeHint@QRadioButton@@UBE?AVQSize@@XZ 0041d694     Qt5Widgets:Qt5Widgets.dll
 0004:00000698       __imp_?sizeHint@QWidget@@UBE?AVQSize@@XZ 0041d698     Qt5Widgets:Qt5Widgets.dll
 0004:0000069c       __imp_?spacerItem@QLayoutItem@@UAEPAVQSpacerItem@@XZ 0041d69c     Qt5Widgets:Qt5Widgets.dll
 0004:000006a0       __imp_?tabletEvent@QWidget@@MAEXPAVQTabletEvent@@@Z 0041d6a0     Qt5Widgets:Qt5Widgets.dll
 0004:000006a4       __imp_?takeAt@QBoxLayout@@UAEPAVQLayoutItem@@H@Z 0041d6a4     Qt5Widgets:Qt5Widgets.dll
 0004:000006a8       __imp_?takeAt@QGridLayout@@UAEPAVQLayoutItem@@H@Z 0041d6a8     Qt5Widgets:Qt5Widgets.dll
 0004:000006ac       __imp_?timerEvent@QAbstractButton@@MAEXPAVQTimerEvent@@@Z 0041d6ac     Qt5Widgets:Qt5Widgets.dll
 0004:000006b0       __imp_?timerEvent@QTextEdit@@MAEXPAVQTimerEvent@@@Z 0041d6b0     Qt5Widgets:Qt5Widgets.dll
 0004:000006b4       __imp_?viewportEvent@QAbstractScrollArea@@MAE_NPAVQEvent@@@Z 0041d6b4     Qt5Widgets:Qt5Widgets.dll
 0004:000006b8       __imp_?viewportSizeHint@QAbstractScrollArea@@MBE?AVQSize@@XZ 0041d6b8     Qt5Widgets:Qt5Widgets.dll
 0004:000006bc       __imp_?wheelEvent@QComboBox@@MAEXPAVQWheelEvent@@@Z 0041d6bc     Qt5Widgets:Qt5Widgets.dll
 0004:000006c0       __imp_?wheelEvent@QTextEdit@@MAEXPAVQWheelEvent@@@Z 0041d6c0     Qt5Widgets:Qt5Widgets.dll
 0004:000006c4       __imp_?wheelEvent@QWidget@@MAEXPAVQWheelEvent@@@Z 0041d6c4     Qt5Widgets:Qt5Widgets.dll
 0004:000006c8       __imp_?widget@QLayoutItem@@UAEPAVQWidget@@XZ 0041d6c8     Qt5Widgets:Qt5Widgets.dll
 0004:000006cc       __imp_?qt_metacast@QWidget@@UAEPAXPBD@Z 0041d6cc     Qt5Widgets:Qt5Widgets.dll
 0004:000006d0       __imp_?qt_metacall@QWidget@@UAEHW4Call@QMetaObject@@HPAPAX@Z 0041d6d0     Qt5Widgets:Qt5Widgets.dll
 0004:000006d4       __imp_?staticMetaObject@QWidget@@2UQMetaObject@@B 0041d6d4     Qt5Widgets:Qt5Widgets.dll
 0004:000006d8       __imp_?show@QWidget@@QAEXXZ 0041d6d8     Qt5Widgets:Qt5Widgets.dll
 0004:000006dc       __imp_??0QApplication@@QAE@AAHPAPADH@Z 0041d6dc     Qt5Widgets:Qt5Widgets.dll
 0004:000006e0       __imp_??1QApplication@@UAE@XZ 0041d6e0     Qt5Widgets:Qt5Widgets.dll
 0004:000006e4       __imp_?exec@QApplication@@SAHXZ 0041d6e4     Qt5Widgets:Qt5Widgets.dll
 0004:000006e8       __imp_??0QVBoxLayout@@QAE@PAVQWidget@@@Z 0041d6e8     Qt5Widgets:Qt5Widgets.dll
 0004:000006ec       __imp_??0QVBoxLayout@@QAE@XZ 0041d6ec     Qt5Widgets:Qt5Widgets.dll
 0004:000006f0       __imp_?setSpacing@QBoxLayout@@QAEXH@Z 0041d6f0     Qt5Widgets:Qt5Widgets.dll
 0004:000006f4       __imp_?addLayout@QBoxLayout@@QAEXPAVQLayout@@H@Z 0041d6f4     Qt5Widgets:Qt5Widgets.dll
 0004:000006f8       __imp_?addWidget@QBoxLayout@@QAEXPAVQWidget@@HV?$QFlags@W4AlignmentFlag@Qt@@@@@Z 0041d6f8     Qt5Widgets:Qt5Widgets.dll
 0004:000006fc       __imp_?setSizeConstraint@QLayout@@QAEXW4SizeConstraint@1@@Z 0041d6fc     Qt5Widgets:Qt5Widgets.dll
 0004:00000700       __imp_?setContentsMargins@QLayout@@QAEXHHHH@Z 0041d700     Qt5Widgets:Qt5Widgets.dll
 0004:00000704       __imp_?setCurrentIndex@QComboBox@@QAEXH@Z 0041d704     Qt5Widgets:Qt5Widgets.dll
 0004:00000708       __imp_?insertItem@QComboBox@@QAEXHABVQIcon@@ABVQString@@ABVQVariant@@@Z 0041d708     Qt5Widgets:Qt5Widgets.dll
 0004:0000070c       __imp_?currentIndex@QComboBox@@QBEHXZ 0041d70c     Qt5Widgets:Qt5Widgets.dll
 0004:00000710       __imp_?setEditable@QComboBox@@QAEX_N@Z 0041d710     Qt5Widgets:Qt5Widgets.dll
 0004:00000714       __imp_?count@QComboBox@@QBEHXZ 0041d714     Qt5Widgets:Qt5Widgets.dll
 0004:00000718       __imp_??1QComboBox@@UAE@XZ 0041d718     Qt5Widgets:Qt5Widgets.dll
 0004:0000071c       __imp_??0QComboBox@@QAE@PAVQWidget@@@Z 0041d71c     Qt5Widgets:Qt5Widgets.dll
 0004:00000720       __imp_?addButton@QButtonGroup@@QAEXPAVQAbstractButton@@H@Z 0041d720     Qt5Widgets:Qt5Widgets.dll
 0004:00000724       __imp_??1QButtonGroup@@UAE@XZ 0041d724     Qt5Widgets:Qt5Widgets.dll
 0004:00000728       __imp_??0QButtonGroup@@QAE@PAVQObject@@@Z 0041d728     Qt5Widgets:Qt5Widgets.dll
 0004:0000072c       __imp_?setSizePolicy@QWidget@@QAEXVQSizePolicy@@@Z 0041d72c     Qt5Widgets:Qt5Widgets.dll
 0004:00000730       __imp_?sizePolicy@QWidget@@QBE?AVQSizePolicy@@XZ 0041d730     Qt5Widgets:Qt5Widgets.dll
 0004:00000734       __imp_?resize@QWidget@@QAEXABVQSize@@@Z 0041d734     Qt5Widgets:Qt5Widgets.dll
 0004:00000738       __imp_?setWindowTitle@QWidget@@QAEXABVQString@@@Z 0041d738     Qt5Widgets:Qt5Widgets.dll
 0004:0000073c       __imp_?setMaximumSize@QWidget@@QAEXHH@Z 0041d73c     Qt5Widgets:Qt5Widgets.dll
 0004:00000740       __imp_?setMinimumSize@QWidget@@QAEXHH@Z 0041d740     Qt5Widgets:Qt5Widgets.dll
 0004:00000744       __imp_??1QWidget@@UAE@XZ   0041d744     Qt5Widgets:Qt5Widgets.dll
 0004:00000748       __imp_??0QWidget@@QAE@PAV0@V?$QFlags@W4WindowType@Qt@@@@@Z 0041d748     Qt5Widgets:Qt5Widgets.dll
 0004:0000074c       __imp_?setVerticalStretch@QSizePolicy@@QAEXH@Z 0041d74c     Qt5Widgets:Qt5Widgets.dll
 0004:00000750       __imp_?setHorizontalStretch@QSizePolicy@@QAEXH@Z 0041d750     Qt5Widgets:Qt5Widgets.dll
 0004:00000754       __imp_??0QSizePolicy@@QAE@W4Policy@0@0W4ControlType@0@@Z 0041d754     Qt5Widgets:Qt5Widgets.dll
 0004:00000758       __imp_?closeEvent@QWidget@@MAEXPAVQCloseEvent@@@Z 0041d758     Qt5Widgets:Qt5Widgets.dll
 0004:0000075c       __imp_?childEvent@QLayout@@MAEXPAVQChildEvent@@@Z 0041d75c     Qt5Widgets:Qt5Widgets.dll
 0004:00000760       __imp_?checkStateSet@QAbstractButton@@MAEXXZ 0041d760     Qt5Widgets:Qt5Widgets.dll
 0004:00000764       __imp_?changeEvent@QWidget@@MAEXPAVQEvent@@@Z 0041d764     Qt5Widgets:Qt5Widgets.dll
 0004:00000768       __imp_?changeEvent@QTextEdit@@MAEXPAVQEvent@@@Z 0041d768     Qt5Widgets:Qt5Widgets.dll
 0004:0000076c       __imp_?changeEvent@QLabel@@MAEXPAVQEvent@@@Z 0041d76c     Qt5Widgets:Qt5Widgets.dll
 0004:00000770       __imp_?changeEvent@QComboBox@@MAEXPAVQEvent@@@Z 0041d770     Qt5Widgets:Qt5Widgets.dll
 0004:00000774       __imp_?changeEvent@QAbstractButton@@MAEXPAVQEvent@@@Z 0041d774     Qt5Widgets:Qt5Widgets.dll
 0004:00000778       __imp_?canInsertFromMimeData@QTextEdit@@MBE_NPBVQMimeData@@@Z 0041d778     Qt5Widgets:Qt5Widgets.dll
 0004:0000077c       __imp_?addItem@QGridLayout@@MAEXPAVQLayoutItem@@@Z 0041d77c     Qt5Widgets:Qt5Widgets.dll
 0004:00000780       __imp_?addItem@QBoxLayout@@UAEXPAVQLayoutItem@@@Z 0041d780     Qt5Widgets:Qt5Widgets.dll
 0004:00000784       __imp_?actionEvent@QWidget@@MAEXPAVQActionEvent@@@Z 0041d784     Qt5Widgets:Qt5Widgets.dll
 0004:00000788       __imp_?warning@QMessageBox@@SA?AW4StandardButton@1@PAVQWidget@@ABVQString@@1V?$QFlags@W4StandardButton@QMessageBox@@@@W421@@Z 0041d788     Qt5Widgets:Qt5Widgets.dll
 0004:0000078c       __imp_?information@QMessageBox@@SA?AW4StandardButton@1@PAVQWidget@@ABVQString@@1V?$QFlags@W4StandardButton@QMessageBox@@@@W421@@Z 0041d78c     Qt5Widgets:Qt5Widgets.dll
 0004:00000790       __imp_?append@QTextEdit@@QAEXABVQString@@@Z 0041d790     Qt5Widgets:Qt5Widgets.dll
 0004:00000794       __imp_?setText@QTextEdit@@QAEXABVQString@@@Z 0041d794     Qt5Widgets:Qt5Widgets.dll
 0004:00000798       __imp_?toPlainText@QTextEdit@@QBE?AVQString@@XZ 0041d798     Qt5Widgets:Qt5Widgets.dll
 0004:0000079c       __imp_??1QTextEdit@@UAE@XZ 0041d79c     Qt5Widgets:Qt5Widgets.dll
 0004:000007a0       __imp_??0QTextEdit@@QAE@PAVQWidget@@@Z 0041d7a0     Qt5Widgets:Qt5Widgets.dll
 0004:000007a4       __imp_??1QRadioButton@@UAE@XZ 0041d7a4     Qt5Widgets:Qt5Widgets.dll
 0004:000007a8       __imp_??0QRadioButton@@QAE@PAVQWidget@@@Z 0041d7a8     Qt5Widgets:Qt5Widgets.dll
 0004:000007ac       __imp_??1QPushButton@@UAE@XZ 0041d7ac     Qt5Widgets:Qt5Widgets.dll
 0004:000007b0       __imp_??0QPushButton@@QAE@PAVQWidget@@@Z 0041d7b0     Qt5Widgets:Qt5Widgets.dll
 0004:000007b4       __imp_?setChecked@QAbstractButton@@QAEX_N@Z 0041d7b4     Qt5Widgets:Qt5Widgets.dll
 0004:000007b8       __imp_?isChecked@QAbstractButton@@QBE_NXZ 0041d7b8     Qt5Widgets:Qt5Widgets.dll
 0004:000007bc       __imp_?setText@QAbstractButton@@QAEXABVQString@@@Z 0041d7bc     Qt5Widgets:Qt5Widgets.dll
 0004:000007c0       __imp_?setText@QLabel@@QAEXABVQString@@@Z 0041d7c0     Qt5Widgets:Qt5Widgets.dll
 0004:000007c4       __imp_??1QLabel@@UAE@XZ    0041d7c4     Qt5Widgets:Qt5Widgets.dll
 0004:000007c8       __imp_??0QLabel@@QAE@PAVQWidget@@V?$QFlags@W4WindowType@Qt@@@@@Z 0041d7c8     Qt5Widgets:Qt5Widgets.dll
 0004:000007cc       __imp_?setSpacing@QGridLayout@@QAEXH@Z 0041d7cc     Qt5Widgets:Qt5Widgets.dll
 0004:000007d0       __imp_?addWidget@QGridLayout@@QAEXPAVQWidget@@HHHHV?$QFlags@W4AlignmentFlag@Qt@@@@@Z 0041d7d0     Qt5Widgets:Qt5Widgets.dll
 0004:000007d4       __imp_??1QGridLayout@@UAE@XZ 0041d7d4     Qt5Widgets:Qt5Widgets.dll
 0004:000007d8       __imp_?mouseMoveEvent@QRadioButton@@MAEXPAVQMouseEvent@@@Z 0041d7d8     Qt5Widgets:Qt5Widgets.dll
 0004:000007dc       __imp_??0QGridLayout@@QAE@XZ 0041d7dc     Qt5Widgets:Qt5Widgets.dll
 0004:000007e0       __imp_?hasHeightForWidth@QGridLayout@@UBE_NXZ 0041d7e0     Qt5Widgets:Qt5Widgets.dll
 0004:000007e4       \177Qt5Widgets_NULL_THUNK_DATA 0041d7e4     Qt5Widgets:Qt5Widgets.dll
 0004:000008d8       __imp__CommandLineToArgvW@8 0041d8d8     shell32:SHELL32.dll
 0004:000008dc       \177SHELL32_NULL_THUNK_DATA 0041d8dc     shell32:SHELL32.dll
 0004:00000908       __IMPORT_DESCRIPTOR_Qt5Core 0041d908     Qt5Core:Qt5Core.dll
 0004:0000091c       __IMPORT_DESCRIPTOR_Qt5Gui 0041d91c     Qt5Gui:Qt5Gui.dll
 0004:00000930       __IMPORT_DESCRIPTOR_Qt5Network 0041d930     Qt5Network:Qt5Network.dll
 0004:00000944       __IMPORT_DESCRIPTOR_Qt5Widgets 0041d944     Qt5Widgets:Qt5Widgets.dll
 0004:00000958       __IMPORT_DESCRIPTOR_MSVCR120 0041d958     MSVCRT:MSVCR120.dll
 0004:0000096c       __IMPORT_DESCRIPTOR_MSVCP120 0041d96c     msvcprt:MSVCP120.dll
 0004:00000980       __IMPORT_DESCRIPTOR_KERNEL32 0041d980     kernel32:KERNEL32.dll
 0004:00000994       __IMPORT_DESCRIPTOR_SHELL32 0041d994     shell32:SHELL32.dll
 0004:000009a8       __NULL_IMPORT_DESCRIPTOR   0041d9a8     Qt5Core:Qt5Core.dll
