 comBySocket

 Timestamp is 5b4dc29e (Tue Jul 17 18:19:10 2018)

 Preferred load address is 00400000

 Start         Length     Name                   Class
 0001:00000000 000156b8H .text                   CODE
 0001:000156c0 00002a39H .text$x                 CODE
 0001:00018100 000013aeH .text$yc                CODE
 0001:000194b0 00001058H .text$yd                CODE
 0002:00000000 00000104H .CRT$XCA                DATA
 0002:00000104 00000104H .CRT$XCAA               DATA
 0002:00000208 0000011bH .CRT$XCU                DATA
 0002:00000324 00000104H .CRT$XCZ                DATA
 0002:00000428 00000104H .CRT$XIA                DATA
 0002:0000052c 00000104H .CRT$XIAA               DATA
 0002:00000630 00000104H .CRT$XIY                DATA
 0002:00000734 00000104H .CRT$XIZ                DATA
 0002:00000840 00003708H .rdata                  DATA
 0002:00003f48 00000176H .rdata$debug            DATA
 0002:000040c0 00000ad6H .rdata$r                DATA
 0002:00004ba0 00000271H .rdata$sxdata           DATA
 0002:00004e14 00000104H .rtc$IAA                DATA
 0002:00004f18 00000104H .rtc$IZZ                DATA
 0002:0000501c 00000104H .rtc$TAA                DATA
 0002:00005120 00000104H .rtc$TZZ                DATA
 0002:00005228 00001d76H .xdata$x                DATA
 0002:00006f9e 00000000H .edata                  DATA
 0003:00000000 00000f18H .data                   DATA
 0003:00000f18 000009a4H .bss                    DATA
 0004:00000000 00000078H .idata$2                DATA
 0004:00000078 00000014H .idata$3                DATA
 0004:0000008c 000009ecH .idata$4                DATA
 0004:00000a78 000009ecH .idata$5                DATA
 0004:00001464 0000535fH .idata$6                DATA

  Address         Publics by Value              Rva+Base       Lib:Object

 0000:0000004d       ___safe_se_handler_count   0000004d     <absolute>
 0000:00000000       ___ImageBase               00400000     <linker-defined>
 0001:00000f00       _AES128_ECB_encrypt        00401f00 f   aes.obj
 0001:000015b0       _AES128_ECB_decrypt        004025b0 f   aes.obj
 0001:00002740       ??0comBySocket@@QAE@PAVQWidget@@@Z 00403740 f   combysocket.obj
 0001:00002ba0       ??1comBySocket@@UAE@XZ     00403ba0 f   combysocket.obj
 0001:00002c50       ?setParam@comBySocket@@QAEXVQString@@00@Z 00403c50 f   combysocket.obj
 0001:00002d40       ?inClear@comBySocket@@QAEXXZ 00403d40 f   combysocket.obj
 0001:00002db0       ?outClear@comBySocket@@QAEXXZ 00403db0 f   combysocket.obj
 0001:00002e20       ?setCom@comBySocket@@QAEXXZ 00403e20 f   combysocket.obj
 0001:00002e40       ?getCom@comBySocket@@QAEXXZ 00403e40 f   combysocket.obj
 0001:00002e60       ?sendCom@comBySocket@@QAEXXZ 00403e60 f   combysocket.obj
 0001:00002e80       ?grabCom@comBySocket@@QAEXXZ 00403e80 f   combysocket.obj
 0001:00002ea0       ?sendOutClear@comBySocket@@QAEXXZ 00403ea0 f   combysocket.obj
 0001:00002eb0       ?eventFilter@comBySocket@@UAE_NPAVQObject@@PAVQEvent@@@Z 00403eb0 f   combysocket.obj
 0001:00002f70       ?StringToWstring@@YA?AV?$basic_string@_WU?$char_traits@_W@std@@V?$allocator@_W@2@@std@@V?$basic_string@DU?$char_traits@D@std@@V?$allocator@D@2@@2@@Z 00403f70 f   combysocket.obj
 0001:00003070       ?sendData@comBySocket@@QAEXAAV?$vector@EV?$allocator@E@std@@@std@@@Z 00404070 f   combysocket.obj
 0001:000035f0       ?doProcess@comBySocket@@QAEXH@Z 004045f0 f   combysocket.obj
 0001:00003a90       ?connectServer@comBySocket@@QAEXXZ 00404a90 f   combysocket.obj
 0001:00003b40       ?disconnectServer@comBySocket@@QAEXXZ 00404b40 f   combysocket.obj
 0001:00003bf0       ?connected@comBySocket@@QAEXXZ 00404bf0 f   combysocket.obj
 0001:00003c80       ?disconnected@comBySocket@@QAEXXZ 00404c80 f   combysocket.obj
 0001:00003d20       ?bytesWritten@comBySocket@@QAEX_J@Z 00404d20 f   combysocket.obj
 0001:00003d30       ?backDataConvent@comBySocket@@QAEXVQString@@@Z 00404d30 f   combysocket.obj
 0001:00004ad0       ?readFromServer@comBySocket@@QAEXXZ 00405ad0 f   combysocket.obj
 0001:00005610       ?timerEvent@comBySocket@@MAEXPAVQTimerEvent@@@Z 00406610 f   combysocket.obj
 0001:00005650       ?displayTcpError@comBySocket@@QAEXW4SocketError@QAbstractSocket@@@Z 00406650 f   combysocket.obj
 0001:00006420       ??0QStringList@@QAE@XZ     00407420 f i combysocket.obj
 0001:00006440       ??1QStringList@@QAE@XZ     00407440 f i combysocket.obj
 0001:00006460       ?setupUi@Ui_comBySocketClass@@QAEXPAVQWidget@@@Z 00407460 f i combysocket.obj
 0001:00007a30       ?retranslateUi@Ui_comBySocketClass@@QAEXPAVQWidget@@@Z 00408a30 f i combysocket.obj
 0001:00007dc0       ??_GQVBoxLayout@@UAEPAXI@Z 00408dc0 f i combysocket.obj
 0001:00007dc0       ??_EQVBoxLayout@@UAEPAXI@Z 00408dc0 f i combysocket.obj
 0001:00007e00       ??_GQGridLayout@@UAEPAXI@Z 00408e00 f i combysocket.obj
 0001:00007e00       ??_EQGridLayout@@UAEPAXI@Z 00408e00 f i combysocket.obj
 0001:00007e40       ??_GQPushButton@@UAEPAXI@Z 00408e40 f i combysocket.obj
 0001:00007e40       ??_EQPushButton@@UAEPAXI@Z 00408e40 f i combysocket.obj
 0001:00007e80       ??_GQComboBox@@UAEPAXI@Z   00408e80 f i combysocket.obj
 0001:00007e80       ??_EQComboBox@@UAEPAXI@Z   00408e80 f i combysocket.obj
 0001:00007ec0       ??_GQTextEdit@@UAEPAXI@Z   00408ec0 f i combysocket.obj
 0001:00007ec0       ??_EQTextEdit@@UAEPAXI@Z   00408ec0 f i combysocket.obj
 0001:00007f00       ??_EQRadioButton@@UAEPAXI@Z 00408f00 f i combysocket.obj
 0001:00007f00       ??_GQRadioButton@@UAEPAXI@Z 00408f00 f i combysocket.obj
 0001:00007f40       ??_GQButtonGroup@@UAEPAXI@Z 00408f40 f i combysocket.obj
 0001:00007f40       ??_EQButtonGroup@@UAEPAXI@Z 00408f40 f i combysocket.obj
 0001:00007f80       ??_EQLabel@@UAEPAXI@Z      00408f80 f i combysocket.obj
 0001:00007f80       ??_GQLabel@@UAEPAXI@Z      00408f80 f i combysocket.obj
 0001:00007fc0       ??_GQCheckBox@@UAEPAXI@Z   00408fc0 f i combysocket.obj
 0001:00007fc0       ??_EQCheckBox@@UAEPAXI@Z   00408fc0 f i combysocket.obj
 0001:00008000       ??_GcomBySocket@@UAEPAXI@Z 00409000 f i combysocket.obj
 0001:00008000       ??_EcomBySocket@@UAEPAXI@Z 00409000 f i combysocket.obj
 0001:00008040       ??0typeCurState@@QAE@XZ    00409040 f i combysocket.obj
 0001:000080c0       ??1typeCurState@@QAE@XZ    004090c0 f i combysocket.obj
 0001:00008140       ??_EQTcpSocket@@UAEPAXI@Z  00409140 f i combysocket.obj
 0001:00008140       ??_GQTcpSocket@@UAEPAXI@Z  00409140 f i combysocket.obj
 0001:00008180       ??8@YA_NVQChar@@0@Z        00409180 f i combysocket.obj
 0001:000081c0       ??N@YA_NVQChar@@0@Z        004091c0 f i combysocket.obj
 0001:00008200       ??P@YA_NVQChar@@0@Z        00409200 f i combysocket.obj
 0001:00008240       ??H@YA?BVQString@@ABV0@0@Z 00409240 f i combysocket.obj
 0001:000082f0       ??H@YA?BVQString@@ABV0@PBD@Z 004092f0 f i combysocket.obj
 0001:000083d0       ??U@YA?AV?$QFlags@W4StandardButton@QMessageBox@@@@W4StandardButton@QMessageBox@@0@Z 004093d0 f i combysocket.obj
 0001:00008400       ??0QLatin1Char@@QAE@D@Z    00409400 f i combysocket.obj
 0001:00008420       ?tr@comBySocket@@SA?AVQString@@PBD0@Z 00409420 f i combysocket.obj
 0001:00008460       ??0?$QFlags@W4WindowType@Qt@@@@QAE@PAPAX@Z 00409460 f i combysocket.obj
 0001:00008480       ??0?$QFlags@W4AlignmentFlag@Qt@@@@QAE@PAPAX@Z 00409480 f i combysocket.obj
 0001:000084a0       ??1?$basic_string@DU?$char_traits@D@std@@V?$allocator@D@2@@std@@QAE@XZ 004094a0 f i combysocket.obj
 0001:00008510       ?c_str@?$basic_string@DU?$char_traits@D@std@@V?$allocator@D@2@@std@@QBEPBDXZ 00409510 f i combysocket.obj
 0001:00008530       ?size@?$basic_string@DU?$char_traits@D@std@@V?$allocator@D@2@@std@@QBEIXZ 00409530 f i combysocket.obj
 0001:00008550       ??0?$basic_string@_WU?$char_traits@_W@std@@V?$allocator@_W@2@@std@@QAE@PB_W@Z 00409550 f i combysocket.obj
 0001:000085f0       ??0?$basic_string@_WU?$char_traits@_W@std@@V?$allocator@_W@2@@std@@QAE@$$QAV01@@Z 004095f0 f i combysocket.obj
 0001:000086a0       ??1?$basic_string@_WU?$char_traits@_W@std@@V?$allocator@_W@2@@std@@QAE@XZ 004096a0 f i combysocket.obj
 0001:00008710       ??0?$QFlags@W4OpenModeFlag@QIODevice@@@@QAE@W4OpenModeFlag@QIODevice@@@Z 00409710 f i combysocket.obj
 0001:00008730       ??0?$QList@VQString@@@@QAE@XZ 00409730 f i combysocket.obj
 0001:00008760       ??0?$QFlags@W4ProcessEventsFlag@QEventLoop@@@@QAE@W4ProcessEventsFlag@QEventLoop@@@Z 00409760 f i combysocket.obj
 0001:00008780       ??0?$QFlags@W4StandardButton@QMessageBox@@@@QAE@W4StandardButton@QMessageBox@@@Z 00409780 f i combysocket.obj
 0001:000087a0       ??U?$QFlags@W4StandardButton@QMessageBox@@@@QBE?AV0@W4StandardButton@QMessageBox@@@Z 004097a0 f i combysocket.obj
 0001:000087d0       ??0?$vector@EV?$allocator@E@std@@@std@@QAE@XZ 004097d0 f i combysocket.obj
 0001:00008800       ?push_back@?$vector@EV?$allocator@E@std@@@std@@QAEX$$QAE@Z 00409800 f i combysocket.obj
 0001:00008950       ??1?$vector@EV?$allocator@E@std@@@std@@QAE@XZ 00409950 f i combysocket.obj
 0001:000089c0       ?resize@?$vector@EV?$allocator@E@std@@@std@@QAEXI@Z 004099c0 f i combysocket.obj
 0001:00008ba0       ?size@?$vector@EV?$allocator@E@std@@@std@@QBEIXZ 00409ba0 f i combysocket.obj
 0001:00008bc0       ??A?$vector@EV?$allocator@E@std@@@std@@QAEAAEI@Z 00409bc0 f i combysocket.obj
 0001:00008c70       ??0?$QVector@D@@QAE@XZ     00409c70 f i combysocket.obj
 0001:00008ca0       ??1?$QVector@D@@QAE@XZ     00409ca0 f i combysocket.obj
 0001:00008cf0       ??1?$_Vector_iterator@V?$_Vector_val@EV?$allocator@E@std@@@std@@@std@@QAE@XZ 00409cf0 f i combysocket.obj
 0001:00008d10       ??0?$_Vector_const_iterator@V?$_Vector_val@EV?$allocator@E@std@@@std@@@std@@QAE@ABV01@@Z 00409d10 f i combysocket.obj
 0001:00008d50       ??1?$_Vector_const_iterator@V?$_Vector_val@EV?$allocator@E@std@@@std@@@std@@QAE@XZ 00409d50 f i combysocket.obj
 0001:00008d70       ??0?$_Iterator012@Urandom_access_iterator_tag@std@@EHPBEABEU_Iterator_base12@2@@std@@QAE@ABU01@@Z 00409d70 f i combysocket.obj
 0001:00008da0       ??0_Iterator_base12@std@@QAE@ABU01@@Z 00409da0 f i combysocket.obj
 0001:00008de0       ??4_Iterator_base12@std@@QAEAAU01@ABU01@@Z 00409de0 f i combysocket.obj
 0001:00008e20       ?_Adopt@_Iterator_base12@std@@QAEXPBU_Container_base12@2@@Z 00409e20 f i combysocket.obj
 0001:00008ee0       ?_Orphan_me@_Iterator_base12@std@@QAEXXZ 00409ee0 f i combysocket.obj
 0001:00008f70       ??1?$_Iterator012@Urandom_access_iterator_tag@std@@EHPBEABEU_Iterator_base12@2@@std@@QAE@XZ 00409f70 f i combysocket.obj
 0001:00008f90       ??1_Iterator_base12@std@@QAE@XZ 00409f90 f i combysocket.obj
 0001:00009010       ?_Tidy@?$basic_string@DU?$char_traits@D@std@@V?$allocator@D@2@@std@@QAEX_NI@Z 0040a010 f i combysocket.obj
 0001:000090b0       ?copy@?$char_traits@D@std@@SAPADPADPBDI@Z 0040a0b0 f i combysocket.obj
 0001:000090d0       ?_Myptr@?$basic_string@DU?$char_traits@D@std@@V?$allocator@D@2@@std@@QBEPBDXZ 0040a0d0 f i combysocket.obj
 0001:00009110       ??1?$_String_val@DV?$allocator@D@std@@@std@@QAE@XZ 0040a110 f i combysocket.obj
 0001:000091d0       ?assign@?$basic_string@_WU?$char_traits@_W@std@@V?$allocator@_W@2@@std@@QAEAAV12@$$QAV12@@Z 0040a1d0 f i combysocket.obj
 0001:000092e0       ?move@?$char_traits@_W@std@@SAPA_WPA_WPB_WI@Z 0040a2e0 f i combysocket.obj
 0001:00009300       _wmemmove                  0040a300 f i combysocket.obj
 0001:00009330       ?assign@?$basic_string@_WU?$char_traits@_W@std@@V?$allocator@_W@2@@std@@QAEAAV12@PB_W@Z 0040a330 f i combysocket.obj
 0001:00009380       ?length@?$char_traits@_W@std@@SAIPB_W@Z 0040a380 f i combysocket.obj
 0001:000093a0       ?_Tidy@?$basic_string@_WU?$char_traits@_W@std@@V?$allocator@_W@2@@std@@QAEX_NI@Z 0040a3a0 f i combysocket.obj
 0001:00009440       ?copy@?$char_traits@_W@std@@SAPA_WPA_WPB_WI@Z 0040a440 f i combysocket.obj
 0001:00009460       _wmemcpy                   0040a460 f i combysocket.obj
 0001:00009490       ??0?$_String_val@_WV?$allocator@_W@std@@@std@@QAE@V?$allocator@_W@1@@Z 0040a490 f i combysocket.obj
 0001:00009560       ??0_Container_proxy@std@@QAE@XZ 0040a560 f i combysocket.obj
 0001:00009590       ??1?$_String_val@_WV?$allocator@_W@std@@@std@@QAE@XZ 0040a590 f i combysocket.obj
 0001:00009650       ??0?$allocator@_W@std@@QAE@XZ 0040a650 f i combysocket.obj
 0001:00009670       ??0?$allocator@_W@std@@QAE@ABV01@@Z 0040a670 f i combysocket.obj
 0001:00009690       ?begin@?$vector@EV?$allocator@E@std@@@std@@QAE?AV?$_Vector_iterator@V?$_Vector_val@EV?$allocator@E@std@@@std@@@2@XZ 0040a690 f i combysocket.obj
 0001:000096e0       ?end@?$vector@EV?$allocator@E@std@@@std@@QAE?AV?$_Vector_iterator@V?$_Vector_val@EV?$allocator@E@std@@@std@@@2@XZ 0040a6e0 f i combysocket.obj
 0001:00009730       ?erase@?$vector@EV?$allocator@E@std@@@std@@QAE?AV?$_Vector_iterator@V?$_Vector_val@EV?$allocator@E@std@@@std@@@2@V?$_Vector_const_iterator@V?$_Vector_val@EV?$allocator@E@std@@@std@@@2@0@Z 0040a730 f i combysocket.obj
 0001:00009920       ?_Getcont@_Iterator_base12@std@@QBEPBU_Container_base12@2@XZ 0040a920 f i combysocket.obj
 0001:00009960       ?_Inside@?$vector@EV?$allocator@E@std@@@std@@IBE_NPBE@Z 0040a960 f i combysocket.obj
 0001:000099b0       ?_Reserve@?$vector@EV?$allocator@E@std@@@std@@IAEXI@Z 0040a9b0 f i combysocket.obj
 0001:00009a30       ?_Tidy@?$vector@EV?$allocator@E@std@@@std@@IAEXXZ 0040aa30 f i combysocket.obj
 0001:00009ac0       ?_Orphan_range@?$vector@EV?$allocator@E@std@@@std@@IBEXPAE0@Z 0040aac0 f i combysocket.obj
 0001:00009bb0       ?_Clrcont@_Iterator_base12@std@@QAEXXZ 0040abb0 f i combysocket.obj
 0001:00009bd0       ?_Getpnext@_Iterator_base12@std@@QAEPAPAU12@XZ 0040abd0 f i combysocket.obj
 0001:00009bf0       ??0?$_Vector_val@EV?$allocator@E@std@@@std@@QAE@V?$allocator@E@1@@Z 0040abf0 f i combysocket.obj
 0001:00009cf0       ??1?$_Vector_val@EV?$allocator@E@std@@@std@@QAE@XZ 0040acf0 f i combysocket.obj
 0001:00009db0       ??0?$allocator@E@std@@QAE@XZ 0040adb0 f i combysocket.obj
 0001:00009dd0       ??H?$_Vector_iterator@V?$_Vector_val@EV?$allocator@E@std@@@std@@@std@@QBE?AV01@H@Z 0040add0 f i combysocket.obj
 0001:00009e70       ??0?$_Vector_iterator@V?$_Vector_val@EV?$allocator@E@std@@@std@@@std@@QAE@ABV01@@Z 0040ae70 f i combysocket.obj
 0001:00009ea0       ?_Eos@?$basic_string@DU?$char_traits@D@std@@V?$allocator@D@2@@std@@QAEXI@Z 0040aea0 f i combysocket.obj
 0001:00009ef0       ?assign@?$char_traits@D@std@@SAXAADABD@Z 0040aef0 f i combysocket.obj
 0001:00009f10       ?_Myptr@?$basic_string@DU?$char_traits@D@std@@V?$allocator@D@2@@std@@QAEPADXZ 0040af10 f i combysocket.obj
 0001:00009f50       ?deallocate@?$allocator@D@std@@QAEXPADI@Z 0040af50 f i combysocket.obj
 0001:00009f70       ??4?$basic_string@_WU?$char_traits@_W@std@@V?$allocator@_W@2@@std@@QAEAAV01@ABV01@@Z 0040af70 f i combysocket.obj
 0001:00009f90       ?assign@?$basic_string@_WU?$char_traits@_W@std@@V?$allocator@_W@2@@std@@QAEAAV12@PB_WI@Z 0040af90 f i combysocket.obj
 0001:0000a060       ?assign@?$basic_string@_WU?$char_traits@_W@std@@V?$allocator@_W@2@@std@@QAEAAV12@ABV12@II@Z 0040b060 f i combysocket.obj
 0001:0000a150       ?size@?$basic_string@_WU?$char_traits@_W@std@@V?$allocator@_W@2@@std@@QBEIXZ 0040b150 f i combysocket.obj
 0001:0000a170       ?_Myptr@?$basic_string@_WU?$char_traits@_W@std@@V?$allocator@_W@2@@std@@QAEPA_WXZ 0040b170 f i combysocket.obj
 0001:0000a1b0       ?_Myptr@?$basic_string@_WU?$char_traits@_W@std@@V?$allocator@_W@2@@std@@QBEPB_WXZ 0040b1b0 f i combysocket.obj
 0001:0000a1f0       ?erase@?$basic_string@_WU?$char_traits@_W@std@@V?$allocator@_W@2@@std@@QAEAAV12@II@Z 0040b1f0 f i combysocket.obj
 0001:0000a2b0       ?get_allocator@?$basic_string@_WU?$char_traits@_W@std@@V?$allocator@_W@2@@std@@QBE?AV?$allocator@_W@2@XZ 0040b2b0 f i combysocket.obj
 0001:0000a2e0       ?_Eos@?$basic_string@_WU?$char_traits@_W@std@@V?$allocator@_W@2@@std@@QAEXI@Z 0040b2e0 f i combysocket.obj
 0001:0000a330       ?assign@?$char_traits@_W@std@@SAXAA_WAB_W@Z 0040b330 f i combysocket.obj
 0001:0000a350       ?_Grow@?$basic_string@_WU?$char_traits@_W@std@@V?$allocator@_W@2@@std@@QAE_NI_N@Z 0040b350 f i combysocket.obj
 0001:0000a410       ?_Xran@?$basic_string@_WU?$char_traits@_W@std@@V?$allocator@_W@2@@std@@QBEXXZ 0040b410 f i combysocket.obj
 0001:0000a430       ?deallocate@?$allocator@_W@std@@QAEXPA_WI@Z 0040b430 f i combysocket.obj
 0001:0000a450       ?reserve@?$vector@EV?$allocator@E@std@@@std@@QAEXI@Z 0040b450 f i combysocket.obj
 0001:0000a5f0       ?capacity@?$vector@EV?$allocator@E@std@@@std@@QBEIXZ 0040b5f0 f i combysocket.obj
 0001:0000a610       ?_Make_iter@?$vector@EV?$allocator@E@std@@@std@@QBE?AV?$_Vector_iterator@V?$_Vector_val@EV?$allocator@E@std@@@std@@@2@V?$_Vector_const_iterator@V?$_Vector_val@EV?$allocator@E@std@@@std@@@2@@Z 0040b610 f i combysocket.obj
 0001:0000a6a0       ?max_size@?$vector@EV?$allocator@E@std@@@std@@QBEIXZ 0040b6a0 f i combysocket.obj
 0001:0000a6c0       ?_Destroy@?$vector@EV?$allocator@E@std@@@std@@IAEXPAE0@Z 0040b6c0 f i combysocket.obj
 0001:0000a6f0       ?_Grow_to@?$vector@EV?$allocator@E@std@@@std@@IBEII@Z 0040b6f0 f i combysocket.obj
 0001:0000a760       ?_Xlen@?$vector@EV?$allocator@E@std@@@std@@IBEXXZ 0040b760 f i combysocket.obj
 0001:0000a780       ??0?$allocator@E@std@@QAE@ABV01@@Z 0040b780 f i combysocket.obj
 0001:0000a7a0       ?deallocate@?$allocator@E@std@@QAEXPAEI@Z 0040b7a0 f i combysocket.obj
 0001:0000a7c0       ??0?$_Vector_iterator@V?$_Vector_val@EV?$allocator@E@std@@@std@@@std@@QAE@PAEPBU_Container_base12@1@@Z 0040b7c0 f i combysocket.obj
 0001:0000a7f0       ??Y?$_Vector_iterator@V?$_Vector_val@EV?$allocator@E@std@@@std@@@std@@QAEAAV01@H@Z 0040b7f0 f i combysocket.obj
 0001:0000a820       ??9?$_Vector_const_iterator@V?$_Vector_val@EV?$allocator@E@std@@@std@@@std@@QBE_NABV01@@Z 0040b820 f i combysocket.obj
 0001:0000a850       ??M?$_Vector_const_iterator@V?$_Vector_val@EV?$allocator@E@std@@@std@@@std@@QBE_NABV01@@Z 0040b850 f i combysocket.obj
 0001:0000a890       ?deallocate@?$allocator@U_Container_proxy@std@@@std@@QAEXPAU_Container_proxy@2@I@Z 0040b890 f i combysocket.obj
 0001:0000a8b0       ?allocate@?$allocator@U_Container_proxy@std@@@std@@QAEPAU_Container_proxy@2@I@Z 0040b8b0 f i combysocket.obj
 0001:0000a8e0       ?assign@?$basic_string@_WU?$char_traits@_W@std@@V?$allocator@_W@2@@std@@QAEAAV12@ABV12@@Z 0040b8e0 f i combysocket.obj
 0001:0000a910       ?max_size@?$basic_string@_WU?$char_traits@_W@std@@V?$allocator@_W@2@@std@@QBEIXZ 0040b910 f i combysocket.obj
 0001:0000a960       ?_Copy@?$basic_string@_WU?$char_traits@_W@std@@V?$allocator@_W@2@@std@@QAEXII@Z 0040b960 f i combysocket.obj
 0001:0000ab50       ?_Inside@?$basic_string@_WU?$char_traits@_W@std@@V?$allocator@_W@2@@std@@QAE_NPB_W@Z 0040bb50 f i combysocket.obj
 0001:0000aba0       ?_Xlen@?$basic_string@_WU?$char_traits@_W@std@@V?$allocator@_W@2@@std@@QBEXXZ 0040bba0 f i combysocket.obj
 0001:0000abc0       ?allocate@?$allocator@E@std@@QAEPAEI@Z 0040bbc0 f i combysocket.obj
 0001:0000abf0       ?max_size@?$allocator@E@std@@QBEIXZ 0040bbf0 f i combysocket.obj
 0001:0000ac30       ??0?$_Vector_const_iterator@V?$_Vector_val@EV?$allocator@E@std@@@std@@@std@@QAE@PAEPBU_Container_base12@1@@Z 0040bc30 f i combysocket.obj
 0001:0000acb0       ??Y?$_Vector_const_iterator@V?$_Vector_val@EV?$allocator@E@std@@@std@@@std@@QAEAAV01@H@Z 0040bcb0 f i combysocket.obj
 0001:0000ada0       ??8?$_Vector_const_iterator@V?$_Vector_val@EV?$allocator@E@std@@@std@@@std@@QBE_NABV01@@Z 0040bda0 f i combysocket.obj
 0001:0000ade0       ?_Compat@?$_Vector_const_iterator@V?$_Vector_val@EV?$allocator@E@std@@@std@@@std@@QBEXABV12@@Z 0040bde0 f i combysocket.obj
 0001:0000aea0       ??0?$_Iterator012@Urandom_access_iterator_tag@std@@EHPBEABEU_Iterator_base12@2@@std@@QAE@XZ 0040bea0 f i combysocket.obj
 0001:0000aec0       ??0_Iterator_base12@std@@QAE@XZ 0040bec0 f i combysocket.obj
 0001:0000aef0       ?allocate@?$allocator@_W@std@@QAEPA_WI@Z 0040bef0 f i combysocket.obj
 0001:0000af20       ?max_size@?$allocator@_W@std@@QBEIXZ 0040bf20 f i combysocket.obj
 0001:0000af60       ??1?$QList@VQString@@@@QAE@XZ 0040bf60 f i combysocket.obj
 0001:0000afa0       ??$qToBigEndian@H@@YAHH@Z  0040bfa0 f i combysocket.obj
 0001:0000afc0       ??$qbswap@H@@YAHH@Z        0040bfc0 f i combysocket.obj
 0001:0000afe0       ??$qbswap@I@@YAII@Z        0040bfe0 f i combysocket.obj
 0001:0000b030       ??$qToBigEndian@I@@YAII@Z  0040c030 f i combysocket.obj
 0001:0000b050       ??A?$QVector@D@@QAEAADH@Z  0040c050 f i combysocket.obj
 0001:0000b0d0       ?qt_noop@@YAXXZ            0040c0d0 f i combysocket.obj
 0001:0000b0e0       ?free@?$QVector@D@@AAEXPAU?$QVectorTypedData@D@@@Z 0040c0e0 f i combysocket.obj
 0001:0000b150       ??$forward@V?$allocator@_W@std@@@std@@YA$$QAV?$allocator@_W@0@AAV10@@Z 0040c150 f i combysocket.obj
 0001:0000b160       ??$forward@V?$basic_string@_WU?$char_traits@_W@std@@V?$allocator@_W@2@@std@@@std@@YA$$QAV?$basic_string@_WU?$char_traits@_W@std@@V?$allocator@_W@2@@0@AAV10@@Z 0040c160 f i combysocket.obj
 0001:0000b170       ??$addressof@E@std@@YAPAEAAE@Z 0040c170 f i combysocket.obj
 0001:0000b180       ??$forward@E@std@@YA$$QAEAAE@Z 0040c180 f i combysocket.obj
 0001:0000b190       ??$_Cons_val@V?$allocator@E@std@@EE@std@@YAXAAV?$allocator@E@0@PAE$$QAE@Z 0040c190 f i combysocket.obj
 0001:0000b1c0       ??$_Uninitialized_default_fill_n@PAEIEV?$allocator@E@std@@@std@@YAXPAEIPBEAAV?$allocator@E@0@@Z 0040c1c0 f i combysocket.obj
 0001:0000b220       ??$?0D@?$allocator@U_Container_proxy@std@@@std@@QAE@ABV?$allocator@D@1@@Z 0040c220 f i combysocket.obj
 0001:0000b240       ??$_Cons_val@V?$allocator@U_Container_proxy@std@@@std@@U_Container_proxy@2@U32@@std@@YAXAAV?$allocator@U_Container_proxy@std@@@0@PAU_Container_proxy@0@$$QAU20@@Z 0040c240 f i combysocket.obj
 0001:0000b270       ??$_Dest_val@V?$allocator@U_Container_proxy@std@@@std@@U_Container_proxy@2@@std@@YAXAAV?$allocator@U_Container_proxy@std@@@0@PAU_Container_proxy@0@@Z 0040c270 f i combysocket.obj
 0001:0000b290       ??$?9_W_W@std@@YA_NABV?$allocator@_W@0@0@Z 0040c290 f i combysocket.obj
 0001:0000b2c0       ??$_Debug_pointer@_W@std@@YAXPB_W0I@Z 0040c2c0 f i combysocket.obj
 0001:0000b2f0       ??$?0_W@?$allocator@U_Container_proxy@std@@@std@@QAE@ABV?$allocator@_W@1@@Z 0040c2f0 f i combysocket.obj
 0001:0000b310       ??$_Move@PAEPAE@std@@YAPAEPAE00@Z 0040c310 f i combysocket.obj
 0001:0000b360       ??$?0E@?$allocator@U_Container_proxy@std@@@std@@QAE@ABV?$allocator@E@1@@Z 0040c360 f i combysocket.obj
 0001:0000b380       ??$_Umove@PAE@?$vector@EV?$allocator@E@std@@@std@@IAEPAEPAE00@Z 0040c380 f i combysocket.obj
 0001:0000b3c0       ??$_Destroy_range@V?$allocator@E@std@@@std@@YAXPAE0AAV?$allocator@E@0@@Z 0040c3c0 f i combysocket.obj
 0001:0000b410       ??$_Allocate@U_Container_proxy@std@@@std@@YAPAU_Container_proxy@0@IPAU10@@Z 0040c410 f i combysocket.obj
 0001:0000b490       ??0bad_alloc@std@@QAE@PBD@Z 0040c490 f i combysocket.obj
 0001:0000b4c0       ??1bad_alloc@std@@UAE@XZ   0040c4c0 f i combysocket.obj
 0001:0000b4f0       ??_Ebad_alloc@std@@UAEPAXI@Z 0040c4f0 f i combysocket.obj
 0001:0000b4f0       ??_Gbad_alloc@std@@UAEPAXI@Z 0040c4f0 f i combysocket.obj
 0001:0000b530       ??$_Allocate@E@std@@YAPAEIPAE@Z 0040c530 f i combysocket.obj
 0001:0000b5a0       ??$_Allocate@_W@std@@YAPA_WIPA_W@Z 0040c5a0 f i combysocket.obj
 0001:0000b620       ??0bad_alloc@std@@QAE@ABV01@@Z 0040c620 f i combysocket.obj
 0001:0000b650       ?construct@?$allocator@E@std@@QAEXPAE$$QAE@Z 0040c650 f i combysocket.obj
 0001:0000b700       ??2@YAPAXIPAX@Z            0040c700 f i combysocket.obj
 0001:0000b710       ??3@YAXPAX0@Z              0040c710 f i combysocket.obj
 0001:0000b720       ?data@?$QVector@D@@QAEPADXZ 0040c720 f i combysocket.obj
 0001:0000b750       ?alignOfTypedData@?$QVector@D@@ABEHXZ 0040c750 f i combysocket.obj
 0001:0000b790       ??$qMax@H@@YAABHABH0@Z     0040c790 f i combysocket.obj
 0001:0000b7d0       ?construct@?$allocator@U_Container_proxy@std@@@std@@QAEXPAU_Container_proxy@2@$$QAU32@@Z 0040c7d0 f i combysocket.obj
 0001:0000b880       ?destroy@?$allocator@U_Container_proxy@std@@@std@@QAEXPAU_Container_proxy@2@@Z 0040c880 f i combysocket.obj
 0001:0000b8a0       ?free@?$QVectorTypedData@D@@SAXPAU1@H@Z 0040c8a0 f i combysocket.obj
 0001:0000b8c0       ?detach@?$QVector@D@@QAEXXZ 0040c8c0 f i combysocket.obj
 0001:0000b8f0       ?free@?$QList@VQString@@@@AAEXPAUData@QListData@@@Z 0040c8f0 f i combysocket.obj
 0001:0000b940       ?detach_helper@?$QVector@D@@AAEXXZ 0040c940 f i combysocket.obj
 0001:0000b970       ??$_Val_type@PAE@std@@YAPAEPAE@Z 0040c970 f i combysocket.obj
 0001:0000b980       ??$_Ptr_cat@EE@std@@YA?AU_Scalar_ptr_iterator_tag@0@PAE0@Z 0040c980 f i combysocket.obj
 0001:0000b990       ??$_Uninit_def_fill_n@EIEE@std@@YAXPAEIPBEAAV?$allocator@E@0@0U_Scalar_ptr_iterator_tag@0@@Z 0040c990 f i combysocket.obj
 0001:0000b9c0       ??$forward@U_Container_proxy@std@@@std@@YA$$QAU_Container_proxy@0@AAU10@@Z 0040c9c0 f i combysocket.obj
 0001:0000b9d0       ??$?8_W_W@std@@YA_NABV?$allocator@_W@0@0@Z 0040c9d0 f i combysocket.obj
 0001:0000b9e0       ??$_Move@PAEPAE@std@@YAPAEPAE00U_Scalar_ptr_iterator_tag@0@@Z 0040c9e0 f i combysocket.obj
 0001:0000ba20       ??$_Uninitialized_move@PAEPAEV?$allocator@E@std@@@std@@YAPAEPAE00AAV?$allocator@E@0@@Z 0040ca20 f i combysocket.obj
 0001:0000ba80       ??$_Destroy_range@V?$allocator@E@std@@@std@@YAXPAE0AAV?$allocator@E@0@U_Scalar_ptr_iterator_tag@0@@Z 0040ca80 f i combysocket.obj
 0001:0000ba90       ??$_Destroy@U_Container_proxy@std@@@std@@YAXPAU_Container_proxy@0@@Z 0040ca90 f i combysocket.obj
 0001:0000baa0       ?node_destruct@?$QList@VQString@@@@AAEXPAUNode@1@0@Z 0040caa0 f i combysocket.obj
 0001:0000bb40       ??_GQString@@QAEPAXI@Z     0040cb40 f i combysocket.obj
 0001:0000bb80       ?realloc@?$QVector@D@@AAEXHH@Z 0040cb80 f i combysocket.obj
 0001:0000c0e0       ??$qMin@H@@YAABHABH0@Z     0040d0e0 f i combysocket.obj
 0001:0000c120       ??$_Fill_n@PAEIE@std@@YAXPAEIABE@Z 0040d120 f i combysocket.obj
 0001:0000c160       ??$_Uninit_move@EEE@std@@YAPAEPAE00AAV?$allocator@E@0@0U_Scalar_ptr_iterator_tag@0@@Z 0040d160 f i combysocket.obj
 0001:0000c1d0       ?sizeOfTypedData@?$QVector@D@@AAEHXZ 0040d1d0 f i combysocket.obj
 0001:0000c1f0       ?malloc@?$QVector@D@@AAEPAUQVectorData@@H@Z 0040d1f0 f i combysocket.obj
 0001:0000c250       ??$_Debug_range@PAE@std@@YAXPAE0PB_WI@Z 0040d250 f i combysocket.obj
 0001:0000c2a0       ??$_Debug_pointer@E@std@@YAXPAEPB_WI@Z 0040d2a0 f i combysocket.obj
 0001:0000c2d0       ??$_Iter_cat@PAE@std@@YA?AUrandom_access_iterator_tag@0@ABQAE@Z 0040d2d0 f i combysocket.obj
 0001:0000c2f0       ??$_Debug_range2@PAE@std@@YAXPAE0PB_WIUrandom_access_iterator_tag@0@@Z 0040d2f0 f i combysocket.obj
 0001:0000c360       ??_EQLabel@@W7AEPAXI@Z     0040d360 f i combysocket.obj
 0001:0000c370       ??_EQPushButton@@W7AEPAXI@Z 0040d370 f i combysocket.obj
 0001:0000c380       ??_EQTextEdit@@W7AEPAXI@Z  0040d380 f i combysocket.obj
 0001:0000c390       ??_EcomBySocket@@W7AEPAXI@Z 0040d390 f i combysocket.obj
 0001:0000c3a0       ??_EQRadioButton@@W7AEPAXI@Z 0040d3a0 f i combysocket.obj
 0001:0000c3b0       ??_EQCheckBox@@W7AEPAXI@Z  0040d3b0 f i combysocket.obj
 0001:0000c3c0       ??_EQVBoxLayout@@W7AEPAXI@Z 0040d3c0 f i combysocket.obj
 0001:0000c3d0       ??_EQGridLayout@@W7AEPAXI@Z 0040d3d0 f i combysocket.obj
 0001:0000c3e0       ??_EQComboBox@@W7AEPAXI@Z  0040d3e0 f i combysocket.obj
 0001:0000c3f0       ??0?$basic_string@DU?$char_traits@D@std@@V?$allocator@D@2@@std@@QAE@PBD@Z 0040d3f0 f i combysocket.obj
 0001:0000c490       ?assign@?$basic_string@DU?$char_traits@D@std@@V?$allocator@D@2@@std@@QAEAAV12@PBD@Z 0040d490 f i combysocket.obj
 0001:0000c4e0       ?length@?$char_traits@D@std@@SAIPBD@Z 0040d4e0 f i combysocket.obj
 0001:0000c500       ?assign@?$basic_string@DU?$char_traits@D@std@@V?$allocator@D@2@@std@@QAEAAV12@PBDI@Z 0040d500 f i combysocket.obj
 0001:0000c5c0       ??0?$_String_val@DV?$allocator@D@std@@@std@@QAE@V?$allocator@D@1@@Z 0040d5c0 f i combysocket.obj
 0001:0000c690       ??0?$allocator@D@std@@QAE@XZ 0040d690 f i combysocket.obj
 0001:0000c6b0       ??0?$allocator@D@std@@QAE@ABV01@@Z 0040d6b0 f i combysocket.obj
 0001:0000c6d0       ?assign@?$basic_string@DU?$char_traits@D@std@@V?$allocator@D@2@@std@@QAEAAV12@ABV12@II@Z 0040d6d0 f i combysocket.obj
 0001:0000c7b0       ?_Grow@?$basic_string@DU?$char_traits@D@std@@V?$allocator@D@2@@std@@QAE_NI_N@Z 0040d7b0 f i combysocket.obj
 0001:0000c870       ?_Inside@?$basic_string@DU?$char_traits@D@std@@V?$allocator@D@2@@std@@QAE_NPBD@Z 0040d870 f i combysocket.obj
 0001:0000c8c0       ?_Xran@?$basic_string@DU?$char_traits@D@std@@V?$allocator@D@2@@std@@QBEXXZ 0040d8c0 f i combysocket.obj
 0001:0000c8e0       ?erase@?$basic_string@DU?$char_traits@D@std@@V?$allocator@D@2@@std@@QAEAAV12@II@Z 0040d8e0 f i combysocket.obj
 0001:0000c990       ?move@?$char_traits@D@std@@SAPADPADPBDI@Z 0040d990 f i combysocket.obj
 0001:0000c9b0       ?max_size@?$basic_string@DU?$char_traits@D@std@@V?$allocator@D@2@@std@@QBEIXZ 0040d9b0 f i combysocket.obj
 0001:0000ca00       ?_Copy@?$basic_string@DU?$char_traits@D@std@@V?$allocator@D@2@@std@@QAEXII@Z 0040da00 f i combysocket.obj
 0001:0000cbf0       ?_Xlen@?$basic_string@DU?$char_traits@D@std@@V?$allocator@D@2@@std@@QBEXXZ 0040dbf0 f i combysocket.obj
 0001:0000cc10       ?allocate@?$allocator@D@std@@QAEPADI@Z 0040dc10 f i combysocket.obj
 0001:0000cc40       ?max_size@?$allocator@D@std@@QBEIXZ 0040dc40 f i combysocket.obj
 0001:0000cc80       ??$_Debug_pointer@D@std@@YAXPBDPB_WI@Z 0040dc80 f i combysocket.obj
 0001:0000ccb0       ??$_Allocate@D@std@@YAPADIPAD@Z 0040dcb0 f i combysocket.obj
 0001:0000cd20       _deskey                    0040dd20 f   d3des.obj
 0001:0000d140       _cpkey                     0040e140 f   d3des.obj
 0001:0000d180       _usekey                    0040e180 f   d3des.obj
 0001:0000d1c0       _des                       0040e1c0 f   d3des.obj
 0001:0000da80       ?DesEncrypt@Encrypt@@YA_NPAE00AAI@Z 0040ea80 f   Encrypt.obj
 0001:0000db20       ?DesDecrypt@Encrypt@@YA_NPAE00AAI@Z 0040eb20 f   Encrypt.obj
 0001:0000dbe0       ?AesEncrypt@Encrypt@@YA_NPAE00I@Z 0040ebe0 f   Encrypt.obj
 0001:0000dc30       ?AesDecrypt@Encrypt@@YA_NPAE00I@Z 0040ec30 f   Encrypt.obj
 0001:0000dd00       ?qt_static_metacall@comBySocket@@CAXPAVQObject@@W4Call@QMetaObject@@HPAPAX@Z 0040ed00 f   moc_combysocket.obj
 0001:0000dee0       ?metaObject@comBySocket@@UBEPBUQMetaObject@@XZ 0040eee0 f   moc_combysocket.obj
 0001:0000df20       ?qt_metacast@comBySocket@@UAEPAXPBD@Z 0040ef20 f   moc_combysocket.obj
 0001:0000df60       ?qt_metacall@comBySocket@@UAEHW4Call@QMetaObject@@HPAPAX@Z 0040ef60 f   moc_combysocket.obj
 0001:0000e070       ??C?$QScopedPointer@VQObjectData@@U?$QScopedPointerDeleter@VQObjectData@@@@@@QBEPAVQObjectData@@XZ 0040f070 f i moc_combysocket.obj
 0001:0000e0d0       ?qInitResources_combysocket@@YAHXZ 0040f0d0 f   qrc_combysocket.obj
 0001:0000e0e0       ?qCleanupResources_combysocket@@YAHXZ 0040f0e0 f   qrc_combysocket.obj
 0001:0000e0f0       ??0qCleanupResources_combysocket__dest_class__@@QAE@XZ 0040f0f0 f i qrc_combysocket.obj
 0001:0000e110       ??1qCleanupResources_combysocket__dest_class__@@QAE@XZ 0040f110 f i qrc_combysocket.obj
 0001:0000e130       ??0CLanbeProtocol@@QAE@XZ  0040f130 f   LanbeProtocol.obj
 0001:0000e150       ??1CLanbeProtocol@@QAE@XZ  0040f150 f   LanbeProtocol.obj
 0001:0000e160       ?prepareCmd@CLanbeProtocol@@QAEHEAAV?$vector@EV?$allocator@E@std@@@std@@0@Z 0040f160 f   LanbeProtocol.obj
 0001:0000e2b0       ?sendAuthData@CLanbeProtocol@@QAEHAAV?$vector@EV?$allocator@E@std@@@std@@@Z 0040f2b0 f   LanbeProtocol.obj
 0001:0000e330       ?getKeyboardState@CLanbeProtocol@@QAEHAAV?$vector@EV?$allocator@E@std@@@std@@@Z 0040f330 f   LanbeProtocol.obj
 0001:0000e3b0       ?setBaudrate@CLanbeProtocol@@QAEHEAAV?$vector@EV?$allocator@E@std@@@std@@@Z 0040f3b0 f   LanbeProtocol.obj
 0001:0000e440       ?getBaudrate@CLanbeProtocol@@QAEHAAV?$vector@EV?$allocator@E@std@@@std@@@Z 0040f440 f   LanbeProtocol.obj
 0001:0000e4c0       ?grabCom@CLanbeProtocol@@QAEHAAV?$vector@EV?$allocator@E@std@@@std@@@Z 0040f4c0 f   LanbeProtocol.obj
 0001:0000e540       ?answerGrabCom@CLanbeProtocol@@QAEHAAV?$vector@EV?$allocator@E@std@@@std@@@Z 0040f540 f   LanbeProtocol.obj
 0001:0000e5c0       ?confirmGrabCom@CLanbeProtocol@@QAEHAAV?$vector@EV?$allocator@E@std@@@std@@@Z 0040f5c0 f   LanbeProtocol.obj
 0001:0000e640       ?sendData@CLanbeProtocol@@QAEHAAV?$vector@EV?$allocator@E@std@@@std@@0@Z 0040f640 f   LanbeProtocol.obj
 0001:0000e6c0       ?queryComData@CLanbeProtocol@@QAEHAAV?$vector@EV?$allocator@E@std@@@std@@@Z 0040f6c0 f   LanbeProtocol.obj
 0001:0000e740       ?sendUserID@CLanbeProtocol@@QAEHAAV?$vector@EV?$allocator@E@std@@@std@@0@Z 0040f740 f   LanbeProtocol.obj
 0001:0000e7c0       ?get_crc@CLanbeProtocol@@QAEEPAEI@Z 0040f7c0 f   LanbeProtocol.obj
 0001:0000e9d0       ??0?$vector@EV?$allocator@E@std@@@std@@QAE@ABV01@@Z 0040f9d0 f i LanbeProtocol.obj
 0001:0000eb20       ?data@?$vector@EV?$allocator@E@std@@@std@@QAEPAEXZ 0040fb20 f i LanbeProtocol.obj
 0001:0000eb40       ?begin@?$vector@EV?$allocator@E@std@@@std@@QBE?AV?$_Vector_const_iterator@V?$_Vector_val@EV?$allocator@E@std@@@std@@@2@XZ 0040fb40 f i LanbeProtocol.obj
 0001:0000eb90       ?end@?$vector@EV?$allocator@E@std@@@std@@QBE?AV?$_Vector_const_iterator@V?$_Vector_val@EV?$allocator@E@std@@@std@@@2@XZ 0040fb90 f i LanbeProtocol.obj
 0001:0000ebe0       ?_Buy@?$vector@EV?$allocator@E@std@@@std@@IAE_NI@Z 0040fbe0 f i LanbeProtocol.obj
 0001:0000ec80       ??$_Ucopy@V?$_Vector_const_iterator@V?$_Vector_val@EV?$allocator@E@std@@@std@@@std@@@?$vector@EV?$allocator@E@std@@@std@@IAEPAEV?$_Vector_const_iterator@V?$_Vector_val@EV?$allocator@E@std@@@std@@@1@0PAE@Z 0040fc80 f i LanbeProtocol.obj
 0001:0000ed60       ??$_Uninitialized_copy@V?$_Vector_const_iterator@V?$_Vector_val@EV?$allocator@E@std@@@std@@@std@@PAEV?$allocator@E@2@@std@@YAPAEV?$_Vector_const_iterator@V?$_Vector_val@EV?$allocator@E@std@@@std@@@0@0PAEAAV?$allocator@E@0@@Z 0040fd60 f i LanbeProtocol.obj
 0001:0000ee50       ??$_Ptr_cat@V?$_Vector_const_iterator@V?$_Vector_val@EV?$allocator@E@std@@@std@@@std@@PAE@std@@YA?AU_Nonscalar_ptr_iterator_tag@0@AAV?$_Vector_const_iterator@V?$_Vector_val@EV?$allocator@E@std@@@std@@@0@AAPAE@Z 0040fe50 f i LanbeProtocol.obj
 0001:0000ee60       ??$_Uninit_copy@V?$_Vector_const_iterator@V?$_Vector_val@EV?$allocator@E@std@@@std@@@std@@PAEV?$allocator@E@2@@std@@YAPAEV?$_Vector_const_iterator@V?$_Vector_val@EV?$allocator@E@std@@@std@@@0@0PAEAAV?$allocator@E@0@U_Nonscalar_ptr_iterator_tag@0@@Z 0040fe60 f i LanbeProtocol.obj
 0001:0000f020       ??D?$_Vector_const_iterator@V?$_Vector_val@EV?$allocator@E@std@@@std@@@std@@QBEABEXZ 00410020 f i LanbeProtocol.obj
 0001:0000f100       ??E?$_Vector_const_iterator@V?$_Vector_val@EV?$allocator@E@std@@@std@@@std@@QAEAAV01@XZ 00410100 f i LanbeProtocol.obj
 0001:0000f1d0       ??$_Debug_range@V?$_Vector_const_iterator@V?$_Vector_val@EV?$allocator@E@std@@@std@@@std@@@std@@YAXV?$_Vector_const_iterator@V?$_Vector_val@EV?$allocator@E@std@@@std@@@0@0PB_WI@Z 004101d0 f i LanbeProtocol.obj
 0001:0000f2b0       ??$_Cons_val@V?$allocator@E@std@@EABE@std@@YAXAAV?$allocator@E@0@PAEABE@Z 004102b0 f i LanbeProtocol.obj
 0001:0000f2e0       ??$_Dest_val@V?$allocator@E@std@@E@std@@YAXAAV?$allocator@E@0@PAE@Z 004102e0 f i LanbeProtocol.obj
 0001:0000f300       ?construct@?$allocator@E@std@@QAEXPAEABE@Z 00410300 f i LanbeProtocol.obj
 0001:0000f330       ?destroy@?$allocator@E@std@@QAEXPAE@Z 00410330 f i LanbeProtocol.obj
 0001:0000f350       ??$_Iter_cat@V?$_Vector_const_iterator@V?$_Vector_val@EV?$allocator@E@std@@@std@@@std@@@std@@YA?AUrandom_access_iterator_tag@0@ABV?$_Vector_const_iterator@V?$_Vector_val@EV?$allocator@E@std@@@std@@@0@@Z 00410350 f i LanbeProtocol.obj
 0001:0000f370       ??$_Debug_range2@V?$_Vector_const_iterator@V?$_Vector_val@EV?$allocator@E@std@@@std@@@std@@@std@@YAXV?$_Vector_const_iterator@V?$_Vector_val@EV?$allocator@E@std@@@std@@@0@0PB_WIUrandom_access_iterator_tag@0@@Z 00410370 f i LanbeProtocol.obj
 0001:0000f460       ??$forward@ABE@std@@YAABEABE@Z 00410460 f i LanbeProtocol.obj
 0001:0000f470       ??$_Construct@EABE@std@@YAXPAEABE@Z 00410470 f i LanbeProtocol.obj
 0001:0000f520       ??$_Destroy@E@std@@YAXPAE@Z 00410520 f i LanbeProtocol.obj
 0001:0000f530       ??$_Debug_pointer@V?$_Vector_const_iterator@V?$_Vector_val@EV?$allocator@E@std@@@std@@@std@@@std@@YAXAAV?$_Vector_const_iterator@V?$_Vector_val@EV?$allocator@E@std@@@std@@@0@PB_WI@Z 00410530 f i LanbeProtocol.obj
 0001:0000f540       _main                      00410540 f   main.obj
 0001:00010420       ??1?$QForeachContainer@VQStringList@@@@QAE@XZ 00411420 f i main.obj
 0001:00010440       ??0?$basic_string@DU?$char_traits@D@std@@V?$allocator@D@2@@std@@QAE@XZ 00411440 f i main.obj
 0001:000104c0       ??4?$basic_string@DU?$char_traits@D@std@@V?$allocator@D@2@@std@@QAEAAV01@$$QAV01@@Z 004114c0 f i main.obj
 0001:000104f0       ?condition@?$QForeachContainer@VQStringList@@@@QBE_NXZ 004114f0 f i main.obj
 0001:00010560       ??Dconst_iterator@?$QList@VQString@@@@QBEABVQString@@XZ 00411560 f i main.obj
 0001:00010580       ??Econst_iterator@?$QList@VQString@@@@QAEAAV01@XZ 00411580 f i main.obj
 0001:000105b0       ?assign@?$basic_string@DU?$char_traits@D@std@@V?$allocator@D@2@@std@@QAEAAV12@$$QAV12@@Z 004115b0 f i main.obj
 0001:000106c0       ??9const_iterator@?$QList@VQString@@@@QBE_NABV01@@Z 004116c0 f i main.obj
 0001:000106f0       ?t@Node@?$QList@VQString@@@@QAEAAVQString@@XZ 004116f0 f i main.obj
 0001:00010720       ??4?$basic_string@DU?$char_traits@D@std@@V?$allocator@D@2@@std@@QAEAAV01@ABV01@@Z 00411720 f i main.obj
 0001:00010740       ?get_allocator@?$basic_string@DU?$char_traits@D@std@@V?$allocator@D@2@@std@@QBE?AV?$allocator@D@2@XZ 00411740 f i main.obj
 0001:00010770       ?assign@?$basic_string@DU?$char_traits@D@std@@V?$allocator@D@2@@std@@QAEAAV12@ABV12@@Z 00411770 f i main.obj
 0001:000107a0       ??$qForeachContainerNew@VQStringList@@@@YA?AV?$QForeachContainer@VQStringList@@@@ABVQStringList@@@Z 004117a0 f i main.obj
 0001:000107d0       ??$qForeachPointer@VQStringList@@@@YAPAVQStringList@@ABV0@@Z 004117d0 f i main.obj
 0001:000107e0       ??$qForeachContainer@VQStringList@@@@YAPBV?$QForeachContainer@VQStringList@@@@PBUQForeachContainerBase@@PBVQStringList@@@Z 004117e0 f i main.obj
 0001:000107f0       ??$forward@V?$basic_string@DU?$char_traits@D@std@@V?$allocator@D@2@@std@@@std@@YA$$QAV?$basic_string@DU?$char_traits@D@std@@V?$allocator@D@2@@0@AAV10@@Z 004117f0 f i main.obj
 0001:00010800       ??$?9DD@std@@YA_NABV?$allocator@D@0@0@Z 00411800 f i main.obj
 0001:00010830       ??0?$QForeachContainer@VQStringList@@@@QAE@ABVQStringList@@@Z 00411830 f i main.obj
 0001:000108d0       ??0QStringList@@QAE@ABV0@@Z 004118d0 f i main.obj
 0001:00010900       ??0?$QList@VQString@@@@QAE@ABV0@@Z 00411900 f i main.obj
 0001:00010950       ?detach_helper@?$QList@VQString@@@@AAEXXZ 00411950 f i main.obj
 0001:00010980       ?begin@?$QList@VQString@@@@QBE?AVconst_iterator@1@XZ 00411980 f i main.obj
 0001:000109b0       ?end@?$QList@VQString@@@@QBE?AVconst_iterator@1@XZ 004119b0 f i main.obj
 0001:000109e0       ??0const_iterator@?$QList@VQString@@@@QAE@PAUNode@1@@Z 004119e0 f i main.obj
 0001:00010a00       ?detach_helper@?$QList@VQString@@@@AAEXH@Z 00411a00 f i main.obj
 0001:00010b20       ?node_copy@?$QList@VQString@@@@AAEXPAUNode@1@00@Z 00411b20 f i main.obj
 0001:00010db0       ??$?8DD@std@@YA_NABV?$allocator@D@0@0@Z 00411db0 f i main.obj
 0001:00010dc0       ?qbyte2StrA@@YAXPBEKAAV?$QVector@D@@@Z 00411dc0 f   utils.obj
 0001:00010ec0       ?str2byte@@YA_NPBDAAV?$vector@EV?$allocator@E@std@@@std@@@Z 00411ec0 f   utils.obj
 0001:00011050       ?str2byteA@@YA_NPBDAAV?$vector@EV?$allocator@E@std@@@std@@@Z 00412050 f   utils.obj
 0001:000111e0       ?strTrim@@YAXAAV?$basic_string@DU?$char_traits@D@std@@V?$allocator@D@2@@std@@@Z 004121e0 f   utils.obj
 0001:00011340       ??1?$_String_iterator@DU?$char_traits@D@std@@V?$allocator@D@2@@std@@QAE@XZ 00412340 f i utils.obj
 0001:00011360       ??0?$_String_const_iterator@DU?$char_traits@D@std@@V?$allocator@D@2@@std@@QAE@ABV01@@Z 00412360 f i utils.obj
 0001:000113a0       ??1?$_String_const_iterator@DU?$char_traits@D@std@@V?$allocator@D@2@@std@@QAE@XZ 004123a0 f i utils.obj
 0001:000113c0       ??0?$_Iterator012@Urandom_access_iterator_tag@std@@DHPBDABDU_Iterator_base12@2@@std@@QAE@ABU01@@Z 004123c0 f i utils.obj
 0001:000113f0       ??1?$_Iterator012@Urandom_access_iterator_tag@std@@DHPBDABDU_Iterator_base12@2@@std@@QAE@XZ 004123f0 f i utils.obj
 0001:00011410       ?begin@?$basic_string@DU?$char_traits@D@std@@V?$allocator@D@2@@std@@QAE?AV?$_String_iterator@DU?$char_traits@D@std@@V?$allocator@D@2@@2@XZ 00412410 f i utils.obj
 0001:00011460       ?end@?$basic_string@DU?$char_traits@D@std@@V?$allocator@D@2@@std@@QAE?AV?$_String_iterator@DU?$char_traits@D@std@@V?$allocator@D@2@@2@XZ 00412460 f i utils.obj
 0001:000114b0       ?find_first_of@?$basic_string@DU?$char_traits@D@std@@V?$allocator@D@2@@std@@QBEIPBDI@Z 004124b0 f i utils.obj
 0001:00011500       ?find_first_not_of@?$basic_string@DU?$char_traits@D@std@@V?$allocator@D@2@@std@@QBEIPBDI@Z 00412500 f i utils.obj
 0001:00011550       ?find_last_not_of@?$basic_string@DU?$char_traits@D@std@@V?$allocator@D@2@@std@@QBEIPBDI@Z 00412550 f i utils.obj
 0001:000115a0       ?push_back@?$QVector@D@@QAEXABD@Z 004125a0 f i utils.obj
 0001:000115c0       ?clear@?$vector@EV?$allocator@E@std@@@std@@QAEXXZ 004125c0 f i utils.obj
 0001:000116d0       ??D?$_String_const_iterator@DU?$char_traits@D@std@@V?$allocator@D@2@@std@@QBEABDXZ 004126d0 f i utils.obj
 0001:000117c0       ??Y?$_String_const_iterator@DU?$char_traits@D@std@@V?$allocator@D@2@@std@@QAEAAV01@H@Z 004127c0 f i utils.obj
 0001:000118e0       ??9?$_String_const_iterator@DU?$char_traits@D@std@@V?$allocator@D@2@@std@@QBE_NABV01@@Z 004128e0 f i utils.obj
 0001:00011910       ?find_first_of@?$basic_string@DU?$char_traits@D@std@@V?$allocator@D@2@@std@@QBEIPBDII@Z 00412910 f i utils.obj
 0001:000119e0       ?find@?$char_traits@D@std@@SAPBDPBDIABD@Z 004129e0 f i utils.obj
 0001:00011a10       ?find_first_not_of@?$basic_string@DU?$char_traits@D@std@@V?$allocator@D@2@@std@@QBEIPBDII@Z 00412a10 f i utils.obj
 0001:00011ad0       ?find_last_not_of@?$basic_string@DU?$char_traits@D@std@@V?$allocator@D@2@@std@@QBEIPBDII@Z 00412ad0 f i utils.obj
 0001:00011bb0       ??8?$_String_const_iterator@DU?$char_traits@D@std@@V?$allocator@D@2@@std@@QBE_NABV01@@Z 00412bb0 f i utils.obj
 0001:00011bf0       ??0?$_String_iterator@DU?$char_traits@D@std@@V?$allocator@D@2@@std@@QAE@PADPBU_Container_base12@1@@Z 00412bf0 f i utils.obj
 0001:00011c20       ??0?$_String_const_iterator@DU?$char_traits@D@std@@V?$allocator@D@2@@std@@QAE@PBDPBU_Container_base12@1@@Z 00412c20 f i utils.obj
 0001:00011ca0       ?_Compat@?$_String_const_iterator@DU?$char_traits@D@std@@V?$allocator@D@2@@std@@QBEXABV12@@Z 00412ca0 f i utils.obj
 0001:00011d60       ??0?$_Iterator012@Urandom_access_iterator_tag@std@@DHPBDABDU_Iterator_base12@2@@std@@QAE@XZ 00412d60 f i utils.obj
 0001:00011d80       ?reserve@?$QVector@D@@QAEXH@Z 00412d80 f i utils.obj
 0001:00011df0       ?clear@?$QVector@D@@QAEXXZ 00412df0 f i utils.obj
 0001:00011e90       ?append@?$QVector@D@@QAEXABD@Z 00412e90 f i utils.obj
 0001:00012020       ??4?$QVector@D@@QAE?AV0@$$QAV0@@Z 00413020 f i utils.obj
 0001:00012070       ??0?$QVector@D@@QAE@ABV0@@Z 00413070 f i utils.obj
 0001:000120c0       ??$qSwap@PAU?$QVectorTypedData@D@@@@YAXAAPAU?$QVectorTypedData@D@@0@Z 004130c0 f i utils.obj
 0001:000120e0       ??$swap@PAU?$QVectorTypedData@D@@@std@@YAXAAPAU?$QVectorTypedData@D@@0@Z 004130e0 f i utils.obj
 0001:00012130       ??$_Move@AAPAU?$QVectorTypedData@D@@@std@@YA$$QAPAU?$QVectorTypedData@D@@AAPAU1@@Z 00413130 f i utils.obj
 0001:0001213a       ??1QVariant@@QAE@XZ        0041313a f   QtCore4:QtCore4.dll
 0001:00012140       ?number@QString@@SA?AV1@HH@Z 00413140 f   QtCore4:QtCore4.dll
 0001:00012146       ??0QVariant@@QAE@XZ        00413146 f   QtCore4:QtCore4.dll
 0001:0001214c       ?connect@QObject@@SA_NPBV1@PBD01W4ConnectionType@Qt@@@Z 0041314c f   QtCore4:QtCore4.dll
 0001:00012152       ?qFlagLocation@@YAPBDPBD@Z 00413152 f   QtCore4:QtCore4.dll
 0001:00012158       ??1QString@@QAE@XZ         00413158 f   QtCore4:QtCore4.dll
 0001:0001215e       ??0QString@@QAE@PBD@Z      0041315e f   QtCore4:QtCore4.dll
 0001:00012164       ?installEventFilter@QObject@@QAEXPAV1@@Z 00413164 f   QtCore4:QtCore4.dll
 0001:0001216a       ??0QString@@QAE@XZ         0041316a f   QtCore4:QtCore4.dll
 0001:00012170       ?childEvent@QObject@@MAEXPAVQChildEvent@@@Z 00413170 f   QtCore4:QtCore4.dll
 0001:00012176       ?customEvent@QObject@@MAEXPAVQEvent@@@Z 00413176 f   QtCore4:QtCore4.dll
 0001:0001217c       ?connectNotify@QObject@@MAEXPBD@Z 0041317c f   QtCore4:QtCore4.dll
 0001:00012182       ?disconnectNotify@QObject@@MAEXPBD@Z 00413182 f   QtCore4:QtCore4.dll
 0001:00012188       ?event@QObject@@UAE_NPAVQEvent@@@Z 00413188 f   QtCore4:QtCore4.dll
 0001:0001218e       ?eventFilter@QObject@@UAE_NPAV1@PAVQEvent@@@Z 0041318e f   QtCore4:QtCore4.dll
 0001:00012194       ?timerEvent@QObject@@MAEXPAVQTimerEvent@@@Z 00413194 f   QtCore4:QtCore4.dll
 0001:0001219a       ?open@QIODevice@@UAE_NV?$QFlags@W4OpenModeFlag@QIODevice@@@@@Z 0041319a f   QtCore4:QtCore4.dll
 0001:000121a0       ?pos@QIODevice@@UBE_JXZ    004131a0 f   QtCore4:QtCore4.dll
 0001:000121a6       ?size@QIODevice@@UBE_JXZ   004131a6 f   QtCore4:QtCore4.dll
 0001:000121ac       ?seek@QIODevice@@UAE_N_J@Z 004131ac f   QtCore4:QtCore4.dll
 0001:000121b2       ?reset@QIODevice@@UAE_NXZ  004131b2 f   QtCore4:QtCore4.dll
 0001:000121b8       ?connectSlotsByName@QMetaObject@@SAXPAVQObject@@@Z 004131b8 f   QtCore4:QtCore4.dll
 0001:000121be       ?setObjectName@QObject@@QAEXABVQString@@@Z 004131be f   QtCore4:QtCore4.dll
 0001:000121c4       ?fromUtf8@QString@@SA?AV1@PBDH@Z 004131c4 f   QtCore4:QtCore4.dll
 0001:000121ca       ?isEmpty@QString@@QBE_NXZ  004131ca f   QtCore4:QtCore4.dll
 0001:000121d0       ?objectName@QObject@@QBE?AVQString@@XZ 004131d0 f   QtCore4:QtCore4.dll
 0001:000121d6       ?translate@QCoreApplication@@SA?AVQString@@PBD00W4Encoding@1@@Z 004131d6 f   QtCore4:QtCore4.dll
 0001:000121dc       ??4QString@@QAEAAV0@ABV0@@Z 004131dc f   QtCore4:QtCore4.dll
 0001:000121e2       ?toInt@QString@@QBEHPA_NH@Z 004131e2 f   QtCore4:QtCore4.dll
 0001:000121e8       ?type@QEvent@@QBE?AW4Type@1@XZ 004131e8 f   QtCore4:QtCore4.dll
 0001:000121ee       ??1QByteArray@@QAE@XZ      004131ee f   QtCore4:QtCore4.dll
 0001:000121f4       ?data@QByteArray@@QAEPADXZ 004131f4 f   QtCore4:QtCore4.dll
 0001:000121fa       ?toLatin1@QString@@QBE?AVQByteArray@@XZ 004131fa f   QtCore4:QtCore4.dll
 0001:00012200       ?toStdString@QString@@QBE?AV?$basic_string@DU?$char_traits@D@std@@V?$allocator@D@2@@std@@XZ 00413200 f   QtCore4:QtCore4.dll
 0001:00012206       ?remove@QString@@QAEAAV1@ABV1@W4CaseSensitivity@Qt@@@Z 00413206 f   QtCore4:QtCore4.dll
 0001:0001220c       ?size@QString@@QBEHXZ      0041320c f   QtCore4:QtCore4.dll
 0001:00012212       ??4QString@@QAEAAV0@$$QAV0@@Z 00413212 f   QtCore4:QtCore4.dll
 0001:00012218       ??4QString@@QAEAAV0@PBD@Z  00413218 f   QtCore4:QtCore4.dll
 0001:0001221e       ?write@QIODevice@@QAE_JPBD_J@Z 0041321e f   QtCore4:QtCore4.dll
 0001:00012224       ?processEvents@QCoreApplication@@SAXV?$QFlags@W4ProcessEventsFlag@QEventLoop@@@@@Z 00413224 f   QtCore4:QtCore4.dll
 0001:0001222a       ?elapsed@QElapsedTimer@@QBE_JXZ 0041322a f   QtCore4:QtCore4.dll
 0001:00012230       ?start@QElapsedTimer@@QAEXXZ 00413230 f   QtCore4:QtCore4.dll
 0001:00012236       ?killTimer@QObject@@QAEXH@Z 00413236 f   QtCore4:QtCore4.dll
 0001:0001223c       ??BQCharRef@@QBE?AVQChar@@XZ 0041323c f   QtCore4:QtCore4.dll
 0001:00012242       ??0QChar@@QAE@D@Z          00413242 f   QtCore4:QtCore4.dll
 0001:00012248       ??8QString@@QBE_NPBD@Z     00413248 f   QtCore4:QtCore4.dll
 0001:0001224e       ?mid@QString@@QBE?AV1@HH@Z 0041324e f   QtCore4:QtCore4.dll
 0001:00012254       ?right@QString@@QBE?AV1@H@Z 00413254 f   QtCore4:QtCore4.dll
 0001:0001225a       ?length@QString@@QBEHXZ    0041325a f   QtCore4:QtCore4.dll
 0001:00012260       ?left@QString@@QBE?AV1@H@Z 00413260 f   QtCore4:QtCore4.dll
 0001:00012266       ?toAscii@QCharRef@@QBE?BDXZ 00413266 f   QtCore4:QtCore4.dll
 0001:0001226c       ??AQString@@QAE?AVQCharRef@@H@Z 0041326c f   QtCore4:QtCore4.dll
 0001:00012272       ?indexOf@QString@@QBEHABV1@HW4CaseSensitivity@Qt@@@Z 00413272 f   QtCore4:QtCore4.dll
 0001:00012278       ?unicode@QChar@@QAEAAGXZ   00413278 f   QtCore4:QtCore4.dll
 0001:0001227e       ?startTimer@QObject@@QAEHH@Z 0041327e f   QtCore4:QtCore4.dll
 0001:00012284       ??0QString@@QAE@ABV0@@Z    00413284 f   QtCore4:QtCore4.dll
 0001:0001228a       ?toUnicode@QTextCodec@@QBE?AVQString@@PBD@Z 0041328a f   QtCore4:QtCore4.dll
 0001:00012290       ?codecForMib@QTextCodec@@SAPAV1@H@Z 00413290 f   QtCore4:QtCore4.dll
 0001:00012296       ?length@QByteArray@@QBEHXZ 00413296 f   QtCore4:QtCore4.dll
 0001:0001229c       ??9QByteRef@@QBE_ND@Z      0041329c f   QtCore4:QtCore4.dll
 0001:000122a2       ??8QByteRef@@QBE_ND@Z      004132a2 f   QtCore4:QtCore4.dll
 0001:000122a8       ??BQByteRef@@QBE?BDXZ      004132a8 f   QtCore4:QtCore4.dll
 0001:000122ae       ??AQByteArray@@QAE?AVQByteRef@@H@Z 004132ae f   QtCore4:QtCore4.dll
 0001:000122b4       ?readAll@QIODevice@@QAE?AVQByteArray@@XZ 004132b4 f   QtCore4:QtCore4.dll
 0001:000122ba       ??YQString@@QAEAAV0@ABV0@@Z 004132ba f   QtCore4:QtCore4.dll
 0001:000122c0       ?fromAscii@QString@@SA?AV1@PBDH@Z 004132c0 f   QtCore4:QtCore4.dll
 0001:000122c6       ?timerId@QTimerEvent@@QBEHXZ 004132c6 f   QtCore4:QtCore4.dll
 0001:000122cc       ?arg@QString@@QBE?AV1@ABV1@HABVQChar@@@Z 004132cc f   QtCore4:QtCore4.dll
 0001:000122d2       ?errorString@QIODevice@@QBE?AVQString@@XZ 004132d2 f   QtCore4:QtCore4.dll
 0001:000122d8       ??0QChar@@QAE@UQLatin1Char@@@Z 004132d8 f   QtCore4:QtCore4.dll
 0001:000122de       ?tr@QMetaObject@@QBE?AVQString@@PBD0@Z 004132de f   QtCore4:QtCore4.dll
 0001:000122e4       ?ref@QBasicAtomicInt@@QAE_NXZ 004132e4 f   QtCore4:QtCore4.dll
 0001:000122ea       ?deref@QBasicAtomicInt@@QAE_NXZ 004132ea f   QtCore4:QtCore4.dll
 0001:000122f0       ?qt_assert_x@@YAXPBD00H@Z  004132f0 f   QtCore4:QtCore4.dll
 0001:000122f6       ?free@QVectorData@@SAXPAU1@H@Z 004132f6 f   QtCore4:QtCore4.dll
 0001:000122fc       ??9QBasicAtomicInt@@QBE_NH@Z 004132fc f   QtCore4:QtCore4.dll
 0001:00012302       ?qFree@@YAXPAX@Z           00413302 f   QtCore4:QtCore4.dll
 0001:00012308       ?qMemSet@@YAPAXPAXHI@Z     00413308 f   QtCore4:QtCore4.dll
 0001:0001230e       ??4QBasicAtomicInt@@QAEAAV0@H@Z 0041330e f   QtCore4:QtCore4.dll
 0001:00012314       ?reallocate@QVectorData@@SAPAU1@PAU1@HHH@Z 00413314 f   QtCore4:QtCore4.dll
 0001:0001231a       ?qBadAlloc@@YAXXZ          0041331a f   QtCore4:QtCore4.dll
 0001:00012320       ?qt_assert@@YAXPBD0H@Z     00413320 f   QtCore4:QtCore4.dll
 0001:00012326       ?allocate@QVectorData@@SAPAU1@HH@Z 00413326 f   QtCore4:QtCore4.dll
 0001:0001232c       ?cast@QMetaObject@@QBEPAVQObject@@PAV2@@Z 0041332c f   QtCore4:QtCore4.dll
 0001:00012332       ?startsWith@QString@@QBE_NABV1@W4CaseSensitivity@Qt@@@Z 00413332 f   QtCore4:QtCore4.dll
 0001:00012338       ?split@QString@@QBE?AVQStringList@@ABV1@W4SplitBehavior@1@W4CaseSensitivity@Qt@@@Z 00413338 f   QtCore4:QtCore4.dll
 0001:0001233e       ?lastIndexOf@QString@@QBEHABV1@HW4CaseSensitivity@Qt@@@Z 0041333e f   QtCore4:QtCore4.dll
 0001:00012344       ?setCodecForCStrings@QTextCodec@@SAXPAV1@@Z 00413344 f   QtCore4:QtCore4.dll
 0001:0001234a       ?setCodecForLocale@QTextCodec@@SAXPAV1@@Z 0041334a f   QtCore4:QtCore4.dll
 0001:00012350       ?codecForLocale@QTextCodec@@SAPAV1@XZ 00413350 f   QtCore4:QtCore4.dll
 0001:00012356       ?setCodecForTr@QTextCodec@@SAXPAV1@@Z 00413356 f   QtCore4:QtCore4.dll
 0001:0001235c       ?codecForName@QTextCodec@@SAPAV1@PBD@Z 0041335c f   QtCore4:QtCore4.dll
 0001:00012362       ?begin@QListData@@QBEPAPAXXZ 00413362 f   QtCore4:QtCore4.dll
 0001:00012368       ?end@QListData@@QBEPAPAXXZ 00413368 f   QtCore4:QtCore4.dll
 0001:0001236e       ?detach@QListData@@QAEPAUData@1@H@Z 0041336e f   QtCore4:QtCore4.dll
 0001:00012374       ??8QBasicAtomicInt@@QBE_NH@Z 00413374 f   QtCore4:QtCore4.dll
 0001:0001237a       ?grow@QVectorData@@SAHHHH_N@Z 0041337a f   QtCore4:QtCore4.dll
 0001:00012380       ??1QWidget@@UAE@XZ         00413380 f   QtGuid4:QtGuid4.dll
 0001:00012386       ?setChecked@QAbstractButton@@QAEX_N@Z 00413386 f   QtGuid4:QtGuid4.dll
 0001:0001238c       ?setCurrentIndex@QComboBox@@QAEXH@Z 0041338c f   QtGuid4:QtGuid4.dll
 0001:00012392       ?addItem@QComboBox@@QAEXABVQString@@ABVQVariant@@@Z 00413392 f   QtGuid4:QtGuid4.dll
 0001:00012398       ?setText@QAbstractButton@@QAEXABVQString@@@Z 00413398 f   QtGuid4:QtGuid4.dll
 0001:0001239e       ?setText@QLabel@@QAEXABVQString@@@Z 0041339e f   QtGuid4:QtGuid4.dll
 0001:000123a4       ??0QWidget@@QAE@PAV0@V?$QFlags@W4WindowType@Qt@@@@@Z 004133a4 f   QtGuid4:QtGuid4.dll
 0001:000123aa       ?event@QWidget@@MAE_NPAVQEvent@@@Z 004133aa f   QtGuid4:QtGuid4.dll
 0001:000123b0       ?setVisible@QWidget@@UAEX_N@Z 004133b0 f   QtGuid4:QtGuid4.dll
 0001:000123b6       ?sizeHint@QWidget@@UBE?AVQSize@@XZ 004133b6 f   QtGuid4:QtGuid4.dll
 0001:000123bc       ?minimumSizeHint@QWidget@@UBE?AVQSize@@XZ 004133bc f   QtGuid4:QtGuid4.dll
 0001:000123c2       ?heightForWidth@QWidget@@UBEHH@Z 004133c2 f   QtGuid4:QtGuid4.dll
 0001:000123c8       ?mousePressEvent@QWidget@@MAEXPAVQMouseEvent@@@Z 004133c8 f   QtGuid4:QtGuid4.dll
 0001:000123ce       ?mouseReleaseEvent@QWidget@@MAEXPAVQMouseEvent@@@Z 004133ce f   QtGuid4:QtGuid4.dll
 0001:000123d4       ?mouseDoubleClickEvent@QWidget@@MAEXPAVQMouseEvent@@@Z 004133d4 f   QtGuid4:QtGuid4.dll
 0001:000123da       ?mouseMoveEvent@QWidget@@MAEXPAVQMouseEvent@@@Z 004133da f   QtGuid4:QtGuid4.dll
 0001:000123e0       ?wheelEvent@QWidget@@MAEXPAVQWheelEvent@@@Z 004133e0 f   QtGuid4:QtGuid4.dll
 0001:000123e6       ?keyPressEvent@QWidget@@MAEXPAVQKeyEvent@@@Z 004133e6 f   QtGuid4:QtGuid4.dll
 0001:000123ec       ?keyReleaseEvent@QWidget@@MAEXPAVQKeyEvent@@@Z 004133ec f   QtGuid4:QtGuid4.dll
 0001:000123f2       ?focusInEvent@QWidget@@MAEXPAVQFocusEvent@@@Z 004133f2 f   QtGuid4:QtGuid4.dll
 0001:000123f8       ?focusOutEvent@QWidget@@MAEXPAVQFocusEvent@@@Z 004133f8 f   QtGuid4:QtGuid4.dll
 0001:000123fe       ?enterEvent@QWidget@@MAEXPAVQEvent@@@Z 004133fe f   QtGuid4:QtGuid4.dll
 0001:00012404       ?leaveEvent@QWidget@@MAEXPAVQEvent@@@Z 00413404 f   QtGuid4:QtGuid4.dll
 0001:0001240a       ?paintEvent@QWidget@@MAEXPAVQPaintEvent@@@Z 0041340a f   QtGuid4:QtGuid4.dll
 0001:00012410       ?moveEvent@QWidget@@MAEXPAVQMoveEvent@@@Z 00413410 f   QtGuid4:QtGuid4.dll
 0001:00012416       ?resizeEvent@QWidget@@MAEXPAVQResizeEvent@@@Z 00413416 f   QtGuid4:QtGuid4.dll
 0001:0001241c       ?closeEvent@QWidget@@MAEXPAVQCloseEvent@@@Z 0041341c f   QtGuid4:QtGuid4.dll
 0001:00012422       ?contextMenuEvent@QWidget@@MAEXPAVQContextMenuEvent@@@Z 00413422 f   QtGuid4:QtGuid4.dll
 0001:00012428       ?tabletEvent@QWidget@@MAEXPAVQTabletEvent@@@Z 00413428 f   QtGuid4:QtGuid4.dll
 0001:0001242e       ?actionEvent@QWidget@@MAEXPAVQActionEvent@@@Z 0041342e f   QtGuid4:QtGuid4.dll
 0001:00012434       ?dragEnterEvent@QWidget@@MAEXPAVQDragEnterEvent@@@Z 00413434 f   QtGuid4:QtGuid4.dll
 0001:0001243a       ?dragMoveEvent@QWidget@@MAEXPAVQDragMoveEvent@@@Z 0041343a f   QtGuid4:QtGuid4.dll
 0001:00012440       ?dragLeaveEvent@QWidget@@MAEXPAVQDragLeaveEvent@@@Z 00413440 f   QtGuid4:QtGuid4.dll
 0001:00012446       ?dropEvent@QWidget@@MAEXPAVQDropEvent@@@Z 00413446 f   QtGuid4:QtGuid4.dll
 0001:0001244c       ?showEvent@QWidget@@MAEXPAVQShowEvent@@@Z 0041344c f   QtGuid4:QtGuid4.dll
 0001:00012452       ?hideEvent@QWidget@@MAEXPAVQHideEvent@@@Z 00413452 f   QtGuid4:QtGuid4.dll
 0001:00012458       ?winEvent@QWidget@@MAE_NPAUtagMSG@@PAJ@Z 00413458 f   QtGuid4:QtGuid4.dll
 0001:0001245e       ?changeEvent@QWidget@@MAEXPAVQEvent@@@Z 0041345e f   QtGuid4:QtGuid4.dll
 0001:00012464       ?inputMethodEvent@QWidget@@MAEXPAVQInputMethodEvent@@@Z 00413464 f   QtGuid4:QtGuid4.dll
 0001:0001246a       ?inputMethodQuery@QWidget@@UBE?AVQVariant@@W4InputMethodQuery@Qt@@@Z 0041346a f   QtGuid4:QtGuid4.dll
 0001:00012470       ?focusNextPrevChild@QWidget@@MAE_N_N@Z 00413470 f   QtGuid4:QtGuid4.dll
 0001:00012476       ?styleChange@QWidget@@MAEXAAVQStyle@@@Z 00413476 f   QtGuid4:QtGuid4.dll
 0001:0001247c       ?enabledChange@QWidget@@MAEX_N@Z 0041347c f   QtGuid4:QtGuid4.dll
 0001:00012482       ?paletteChange@QWidget@@MAEXABVQPalette@@@Z 00413482 f   QtGuid4:QtGuid4.dll
 0001:00012488       ?fontChange@QWidget@@MAEXABVQFont@@@Z 00413488 f   QtGuid4:QtGuid4.dll
 0001:0001248e       ?windowActivationChange@QWidget@@MAEX_N@Z 0041348e f   QtGuid4:QtGuid4.dll
 0001:00012494       ?languageChange@QWidget@@MAEXXZ 00413494 f   QtGuid4:QtGuid4.dll
 0001:0001249a       ?devType@QWidget@@UBEHXZ   0041349a f   QtGuid4:QtGuid4.dll
 0001:000124a0       ?paintEngine@QWidget@@UBEPAVQPaintEngine@@XZ 004134a0 f   QtGuid4:QtGuid4.dll
 0001:000124a6       ?getDC@QWidget@@UBEPAUHDC__@@XZ 004134a6 f   QtGuid4:QtGuid4.dll
 0001:000124ac       ?releaseDC@QWidget@@UBEXPAUHDC__@@@Z 004134ac f   QtGuid4:QtGuid4.dll
 0001:000124b2       ?metric@QWidget@@MBEHW4PaintDeviceMetric@QPaintDevice@@@Z 004134b2 f   QtGuid4:QtGuid4.dll
 0001:000124b8       ?addLayout@QBoxLayout@@QAEXPAVQLayout@@H@Z 004134b8 f   QtGuid4:QtGuid4.dll
 0001:000124be       ??0QCheckBox@@QAE@PAVQWidget@@@Z 004134be f   QtGuid4:QtGuid4.dll
 0001:000124c4       ??0QLabel@@QAE@PAVQWidget@@V?$QFlags@W4WindowType@Qt@@@@@Z 004134c4 f   QtGuid4:QtGuid4.dll
 0001:000124ca       ?addButton@QButtonGroup@@QAEXPAVQAbstractButton@@@Z 004134ca f   QtGuid4:QtGuid4.dll
 0001:000124d0       ??0QButtonGroup@@QAE@PAVQObject@@@Z 004134d0 f   QtGuid4:QtGuid4.dll
 0001:000124d6       ??0QRadioButton@@QAE@PAVQWidget@@@Z 004134d6 f   QtGuid4:QtGuid4.dll
 0001:000124dc       ??0QTextEdit@@QAE@PAVQWidget@@@Z 004134dc f   QtGuid4:QtGuid4.dll
 0001:000124e2       ?setEditable@QComboBox@@QAEX_N@Z 004134e2 f   QtGuid4:QtGuid4.dll
 0001:000124e8       ??0QComboBox@@QAE@PAVQWidget@@@Z 004134e8 f   QtGuid4:QtGuid4.dll
 0001:000124ee       ?addWidget@QGridLayout@@QAEXPAVQWidget@@HHHHV?$QFlags@W4AlignmentFlag@Qt@@@@@Z 004134ee f   QtGuid4:QtGuid4.dll
 0001:000124f4       ??0QPushButton@@QAE@PAVQWidget@@@Z 004134f4 f   QtGuid4:QtGuid4.dll
 0001:000124fa       ?setSpacing@QGridLayout@@QAEXH@Z 004134fa f   QtGuid4:QtGuid4.dll
 0001:00012500       ??0QGridLayout@@QAE@XZ     00413500 f   QtGuid4:QtGuid4.dll
 0001:00012506       ?setSizeConstraint@QLayout@@QAEXW4SizeConstraint@1@@Z 00413506 f   QtGuid4:QtGuid4.dll
 0001:0001250c       ??0QVBoxLayout@@QAE@XZ     0041350c f   QtGuid4:QtGuid4.dll
 0001:00012512       ?setContentsMargins@QLayout@@QAEXHHHH@Z 00413512 f   QtGuid4:QtGuid4.dll
 0001:00012518       ?setSpacing@QBoxLayout@@QAEXH@Z 00413518 f   QtGuid4:QtGuid4.dll
 0001:0001251e       ??0QVBoxLayout@@QAE@PAVQWidget@@@Z 0041351e f   QtGuid4:QtGuid4.dll
 0001:00012524       ?setSizePolicy@QWidget@@QAEXVQSizePolicy@@@Z 00413524 f   QtGuid4:QtGuid4.dll
 0001:0001252a       ?setHeightForWidth@QSizePolicy@@QAEX_N@Z 0041352a f   QtGuid4:QtGuid4.dll
 0001:00012530       ?hasHeightForWidth@QSizePolicy@@QBE_NXZ 00413530 f   QtGuid4:QtGuid4.dll
 0001:00012536       ?sizePolicy@QWidget@@QBE?AVQSizePolicy@@XZ 00413536 f   QtGuid4:QtGuid4.dll
 0001:0001253c       ?setVerticalStretch@QSizePolicy@@QAEXE@Z 0041353c f   QtGuid4:QtGuid4.dll
 0001:00012542       ?setHorizontalStretch@QSizePolicy@@QAEXE@Z 00413542 f   QtGuid4:QtGuid4.dll
 0001:00012548       ??0QSizePolicy@@QAE@W4Policy@0@0@Z 00413548 f   QtGuid4:QtGuid4.dll
 0001:0001254e       ?resize@QWidget@@QAEXHH@Z  0041354e f   QtGuid4:QtGuid4.dll
 0001:00012554       ?metaObject@QVBoxLayout@@UBEPBUQMetaObject@@XZ 00413554 f   QtGuid4:QtGuid4.dll
 0001:0001255a       ?qt_metacast@QVBoxLayout@@UAEPAXPBD@Z 0041355a f   QtGuid4:QtGuid4.dll
 0001:00012560       ?qt_metacall@QVBoxLayout@@UAEHW4Call@QMetaObject@@HPAPAX@Z 00413560 f   QtGuid4:QtGuid4.dll
 0001:00012566       ?childEvent@QLayout@@MAEXPAVQChildEvent@@@Z 00413566 f   QtGuid4:QtGuid4.dll
 0001:0001256c       ?addItem@QBoxLayout@@UAEXPAVQLayoutItem@@@Z 0041356c f   QtGuid4:QtGuid4.dll
 0001:00012572       ?itemAt@QBoxLayout@@UBEPAVQLayoutItem@@H@Z 00413572 f   QtGuid4:QtGuid4.dll
 0001:00012578       ?takeAt@QBoxLayout@@UAEPAVQLayoutItem@@H@Z 00413578 f   QtGuid4:QtGuid4.dll
 0001:0001257e       ?indexOf@QLayout@@UBEHPAVQWidget@@@Z 0041357e f   QtGuid4:QtGuid4.dll
 0001:00012584       ?count@QBoxLayout@@UBEHXZ  00413584 f   QtGuid4:QtGuid4.dll
 0001:0001258a       ?sizeHint@QBoxLayout@@UBE?AVQSize@@XZ 0041358a f   QtGuid4:QtGuid4.dll
 0001:00012590       ?minimumSize@QBoxLayout@@UBE?AVQSize@@XZ 00413590 f   QtGuid4:QtGuid4.dll
 0001:00012596       ?maximumSize@QBoxLayout@@UBE?AVQSize@@XZ 00413596 f   QtGuid4:QtGuid4.dll
 0001:0001259c       ?expandingDirections@QBoxLayout@@UBE?AV?$QFlags@W4Orientation@Qt@@@@XZ 0041359c f   QtGuid4:QtGuid4.dll
 0001:000125a2       ?setGeometry@QBoxLayout@@UAEXABVQRect@@@Z 004135a2 f   QtGuid4:QtGuid4.dll
 0001:000125a8       ?geometry@QLayout@@UBE?AVQRect@@XZ 004135a8 f   QtGuid4:QtGuid4.dll
 0001:000125ae       ?isEmpty@QLayout@@UBE_NXZ  004135ae f   QtGuid4:QtGuid4.dll
 0001:000125b4       ?hasHeightForWidth@QBoxLayout@@UBE_NXZ 004135b4 f   QtGuid4:QtGuid4.dll
 0001:000125ba       ?heightForWidth@QBoxLayout@@UBEHH@Z 004135ba f   QtGuid4:QtGuid4.dll
 0001:000125c0       ?minimumHeightForWidth@QBoxLayout@@UBEHH@Z 004135c0 f   QtGuid4:QtGuid4.dll
 0001:000125c6       ?invalidate@QBoxLayout@@UAEXXZ 004135c6 f   QtGuid4:QtGuid4.dll
 0001:000125cc       ?widget@QLayoutItem@@UAEPAVQWidget@@XZ 004135cc f   QtGuid4:QtGuid4.dll
 0001:000125d2       ?layout@QLayout@@UAEPAV1@XZ 004135d2 f   QtGuid4:QtGuid4.dll
 0001:000125d8       ?spacerItem@QLayoutItem@@UAEPAVQSpacerItem@@XZ 004135d8 f   QtGuid4:QtGuid4.dll
 0001:000125de       ?metaObject@QGridLayout@@UBEPBUQMetaObject@@XZ 004135de f   QtGuid4:QtGuid4.dll
 0001:000125e4       ?qt_metacast@QGridLayout@@UAEPAXPBD@Z 004135e4 f   QtGuid4:QtGuid4.dll
 0001:000125ea       ?qt_metacall@QGridLayout@@UAEHW4Call@QMetaObject@@HPAPAX@Z 004135ea f   QtGuid4:QtGuid4.dll
 0001:000125f0       ?addItem@QGridLayout@@MAEXPAVQLayoutItem@@@Z 004135f0 f   QtGuid4:QtGuid4.dll
 0001:000125f6       ?itemAt@QGridLayout@@UBEPAVQLayoutItem@@H@Z 004135f6 f   QtGuid4:QtGuid4.dll
 0001:000125fc       ?takeAt@QGridLayout@@UAEPAVQLayoutItem@@H@Z 004135fc f   QtGuid4:QtGuid4.dll
 0001:00012602       ?count@QGridLayout@@UBEHXZ 00413602 f   QtGuid4:QtGuid4.dll
 0001:00012608       ?sizeHint@QGridLayout@@UBE?AVQSize@@XZ 00413608 f   QtGuid4:QtGuid4.dll
 0001:0001260e       ?minimumSize@QGridLayout@@UBE?AVQSize@@XZ 0041360e f   QtGuid4:QtGuid4.dll
 0001:00012614       ?maximumSize@QGridLayout@@UBE?AVQSize@@XZ 00413614 f   QtGuid4:QtGuid4.dll
 0001:0001261a       ?expandingDirections@QGridLayout@@UBE?AV?$QFlags@W4Orientation@Qt@@@@XZ 0041361a f   QtGuid4:QtGuid4.dll
 0001:00012620       ?setGeometry@QGridLayout@@UAEXABVQRect@@@Z 00413620 f   QtGuid4:QtGuid4.dll
 0001:00012626       ?hasHeightForWidth@QGridLayout@@UBE_NXZ 00413626 f   QtGuid4:QtGuid4.dll
 0001:0001262c       ?heightForWidth@QGridLayout@@UBEHH@Z 0041362c f   QtGuid4:QtGuid4.dll
 0001:00012632       ?minimumHeightForWidth@QGridLayout@@UBEHH@Z 00413632 f   QtGuid4:QtGuid4.dll
 0001:00012638       ?invalidate@QGridLayout@@UAEXXZ 00413638 f   QtGuid4:QtGuid4.dll
 0001:0001263e       ?metaObject@QPushButton@@UBEPBUQMetaObject@@XZ 0041363e f   QtGuid4:QtGuid4.dll
 0001:00012644       ?qt_metacast@QPushButton@@UAEPAXPBD@Z 00413644 f   QtGuid4:QtGuid4.dll
 0001:0001264a       ?qt_metacall@QPushButton@@UAEHW4Call@QMetaObject@@HPAPAX@Z 0041364a f   QtGuid4:QtGuid4.dll
 0001:00012650       ?event@QPushButton@@MAE_NPAVQEvent@@@Z 00413650 f   QtGuid4:QtGuid4.dll
 0001:00012656       ?timerEvent@QAbstractButton@@MAEXPAVQTimerEvent@@@Z 00413656 f   QtGuid4:QtGuid4.dll
 0001:0001265c       ?sizeHint@QPushButton@@UBE?AVQSize@@XZ 0041365c f   QtGuid4:QtGuid4.dll
 0001:00012662       ?minimumSizeHint@QPushButton@@UBE?AVQSize@@XZ 00413662 f   QtGuid4:QtGuid4.dll
 0001:00012668       ?mousePressEvent@QAbstractButton@@MAEXPAVQMouseEvent@@@Z 00413668 f   QtGuid4:QtGuid4.dll
 0001:0001266e       ?mouseReleaseEvent@QAbstractButton@@MAEXPAVQMouseEvent@@@Z 0041366e f   QtGuid4:QtGuid4.dll
 0001:00012674       ?mouseMoveEvent@QAbstractButton@@MAEXPAVQMouseEvent@@@Z 00413674 f   QtGuid4:QtGuid4.dll
 0001:0001267a       ?keyPressEvent@QPushButton@@MAEXPAVQKeyEvent@@@Z 0041367a f   QtGuid4:QtGuid4.dll
 0001:00012680       ?keyReleaseEvent@QAbstractButton@@MAEXPAVQKeyEvent@@@Z 00413680 f   QtGuid4:QtGuid4.dll
 0001:00012686       ?focusInEvent@QPushButton@@MAEXPAVQFocusEvent@@@Z 00413686 f   QtGuid4:QtGuid4.dll
 0001:0001268c       ?focusOutEvent@QPushButton@@MAEXPAVQFocusEvent@@@Z 0041368c f   QtGuid4:QtGuid4.dll
 0001:00012692       ?paintEvent@QPushButton@@MAEXPAVQPaintEvent@@@Z 00413692 f   QtGuid4:QtGuid4.dll
 0001:00012698       ?changeEvent@QAbstractButton@@MAEXPAVQEvent@@@Z 00413698 f   QtGuid4:QtGuid4.dll
 0001:0001269e       ?hitButton@QAbstractButton@@MBE_NABVQPoint@@@Z 0041369e f   QtGuid4:QtGuid4.dll
 0001:000126a4       ?checkStateSet@QAbstractButton@@MAEXXZ 004136a4 f   QtGuid4:QtGuid4.dll
 0001:000126aa       ?nextCheckState@QAbstractButton@@MAEXXZ 004136aa f   QtGuid4:QtGuid4.dll
 0001:000126b0       ?metaObject@QComboBox@@UBEPBUQMetaObject@@XZ 004136b0 f   QtGuid4:QtGuid4.dll
 0001:000126b6       ?qt_metacast@QComboBox@@UAEPAXPBD@Z 004136b6 f   QtGuid4:QtGuid4.dll
 0001:000126bc       ?qt_metacall@QComboBox@@UAEHW4Call@QMetaObject@@HPAPAX@Z 004136bc f   QtGuid4:QtGuid4.dll
 0001:000126c2       ?event@QComboBox@@UAE_NPAVQEvent@@@Z 004136c2 f   QtGuid4:QtGuid4.dll
 0001:000126c8       ?sizeHint@QComboBox@@UBE?AVQSize@@XZ 004136c8 f   QtGuid4:QtGuid4.dll
 0001:000126ce       ?minimumSizeHint@QComboBox@@UBE?AVQSize@@XZ 004136ce f   QtGuid4:QtGuid4.dll
 0001:000126d4       ?mousePressEvent@QComboBox@@MAEXPAVQMouseEvent@@@Z 004136d4 f   QtGuid4:QtGuid4.dll
 0001:000126da       ?mouseReleaseEvent@QComboBox@@MAEXPAVQMouseEvent@@@Z 004136da f   QtGuid4:QtGuid4.dll
 0001:000126e0       ?wheelEvent@QComboBox@@MAEXPAVQWheelEvent@@@Z 004136e0 f   QtGuid4:QtGuid4.dll
 0001:000126e6       ?keyPressEvent@QComboBox@@MAEXPAVQKeyEvent@@@Z 004136e6 f   QtGuid4:QtGuid4.dll
 0001:000126ec       ?keyReleaseEvent@QComboBox@@MAEXPAVQKeyEvent@@@Z 004136ec f   QtGuid4:QtGuid4.dll
 0001:000126f2       ?focusInEvent@QComboBox@@MAEXPAVQFocusEvent@@@Z 004136f2 f   QtGuid4:QtGuid4.dll
 0001:000126f8       ?focusOutEvent@QComboBox@@MAEXPAVQFocusEvent@@@Z 004136f8 f   QtGuid4:QtGuid4.dll
 0001:000126fe       ?paintEvent@QComboBox@@MAEXPAVQPaintEvent@@@Z 004136fe f   QtGuid4:QtGuid4.dll
 0001:00012704       ?resizeEvent@QComboBox@@MAEXPAVQResizeEvent@@@Z 00413704 f   QtGuid4:QtGuid4.dll
 0001:0001270a       ?contextMenuEvent@QComboBox@@MAEXPAVQContextMenuEvent@@@Z 0041370a f   QtGuid4:QtGuid4.dll
 0001:00012710       ?showEvent@QComboBox@@MAEXPAVQShowEvent@@@Z 00413710 f   QtGuid4:QtGuid4.dll
 0001:00012716       ?hideEvent@QComboBox@@MAEXPAVQHideEvent@@@Z 00413716 f   QtGuid4:QtGuid4.dll
 0001:0001271c       ?changeEvent@QComboBox@@MAEXPAVQEvent@@@Z 0041371c f   QtGuid4:QtGuid4.dll
 0001:00012722       ?inputMethodEvent@QComboBox@@MAEXPAVQInputMethodEvent@@@Z 00413722 f   QtGuid4:QtGuid4.dll
 0001:00012728       ?inputMethodQuery@QComboBox@@MBE?AVQVariant@@W4InputMethodQuery@Qt@@@Z 00413728 f   QtGuid4:QtGuid4.dll
 0001:0001272e       ?showPopup@QComboBox@@UAEXXZ 0041372e f   QtGuid4:QtGuid4.dll
 0001:00012734       ?hidePopup@QComboBox@@UAEXXZ 00413734 f   QtGuid4:QtGuid4.dll
 0001:0001273a       ?metaObject@QTextEdit@@UBEPBUQMetaObject@@XZ 0041373a f   QtGuid4:QtGuid4.dll
 0001:00012740       ?qt_metacast@QTextEdit@@UAEPAXPBD@Z 00413740 f   QtGuid4:QtGuid4.dll
 0001:00012746       ?qt_metacall@QTextEdit@@UAEHW4Call@QMetaObject@@HPAPAX@Z 00413746 f   QtGuid4:QtGuid4.dll
 0001:0001274c       ?event@QTextEdit@@MAE_NPAVQEvent@@@Z 0041374c f   QtGuid4:QtGuid4.dll
 0001:00012752       ?timerEvent@QTextEdit@@MAEXPAVQTimerEvent@@@Z 00413752 f   QtGuid4:QtGuid4.dll
 0001:00012758       ?sizeHint@QAbstractScrollArea@@UBE?AVQSize@@XZ 00413758 f   QtGuid4:QtGuid4.dll
 0001:0001275e       ?minimumSizeHint@QAbstractScrollArea@@UBE?AVQSize@@XZ 0041375e f   QtGuid4:QtGuid4.dll
 0001:00012764       ?mousePressEvent@QTextEdit@@MAEXPAVQMouseEvent@@@Z 00413764 f   QtGuid4:QtGuid4.dll
 0001:0001276a       ?mouseReleaseEvent@QTextEdit@@MAEXPAVQMouseEvent@@@Z 0041376a f   QtGuid4:QtGuid4.dll
 0001:00012770       ?mouseDoubleClickEvent@QTextEdit@@MAEXPAVQMouseEvent@@@Z 00413770 f   QtGuid4:QtGuid4.dll
 0001:00012776       ?mouseMoveEvent@QTextEdit@@MAEXPAVQMouseEvent@@@Z 00413776 f   QtGuid4:QtGuid4.dll
 0001:0001277c       ?wheelEvent@QTextEdit@@MAEXPAVQWheelEvent@@@Z 0041377c f   QtGuid4:QtGuid4.dll
 0001:00012782       ?keyPressEvent@QTextEdit@@MAEXPAVQKeyEvent@@@Z 00413782 f   QtGuid4:QtGuid4.dll
 0001:00012788       ?keyReleaseEvent@QTextEdit@@MAEXPAVQKeyEvent@@@Z 00413788 f   QtGuid4:QtGuid4.dll
 0001:0001278e       ?focusInEvent@QTextEdit@@MAEXPAVQFocusEvent@@@Z 0041378e f   QtGuid4:QtGuid4.dll
 0001:00012794       ?focusOutEvent@QTextEdit@@MAEXPAVQFocusEvent@@@Z 00413794 f   QtGuid4:QtGuid4.dll
 0001:0001279a       ?paintEvent@QTextEdit@@MAEXPAVQPaintEvent@@@Z 0041379a f   QtGuid4:QtGuid4.dll
 0001:000127a0       ?resizeEvent@QTextEdit@@MAEXPAVQResizeEvent@@@Z 004137a0 f   QtGuid4:QtGuid4.dll
 0001:000127a6       ?contextMenuEvent@QTextEdit@@MAEXPAVQContextMenuEvent@@@Z 004137a6 f   QtGuid4:QtGuid4.dll
 0001:000127ac       ?dragEnterEvent@QTextEdit@@MAEXPAVQDragEnterEvent@@@Z 004137ac f   QtGuid4:QtGuid4.dll
 0001:000127b2       ?dragMoveEvent@QTextEdit@@MAEXPAVQDragMoveEvent@@@Z 004137b2 f   QtGuid4:QtGuid4.dll
 0001:000127b8       ?dragLeaveEvent@QTextEdit@@MAEXPAVQDragLeaveEvent@@@Z 004137b8 f   QtGuid4:QtGuid4.dll
 0001:000127be       ?dropEvent@QTextEdit@@MAEXPAVQDropEvent@@@Z 004137be f   QtGuid4:QtGuid4.dll
 0001:000127c4       ?showEvent@QTextEdit@@MAEXPAVQShowEvent@@@Z 004137c4 f   QtGuid4:QtGuid4.dll
 0001:000127ca       ?changeEvent@QTextEdit@@MAEXPAVQEvent@@@Z 004137ca f   QtGuid4:QtGuid4.dll
 0001:000127d0       ?inputMethodEvent@QTextEdit@@MAEXPAVQInputMethodEvent@@@Z 004137d0 f   QtGuid4:QtGuid4.dll
 0001:000127d6       ?inputMethodQuery@QTextEdit@@MBE?AVQVariant@@W4InputMethodQuery@Qt@@@Z 004137d6 f   QtGuid4:QtGuid4.dll
 0001:000127dc       ?focusNextPrevChild@QTextEdit@@MAE_N_N@Z 004137dc f   QtGuid4:QtGuid4.dll
 0001:000127e2       ?viewportEvent@QAbstractScrollArea@@MAE_NPAVQEvent@@@Z 004137e2 f   QtGuid4:QtGuid4.dll
 0001:000127e8       ?scrollContentsBy@QTextEdit@@MAEXHH@Z 004137e8 f   QtGuid4:QtGuid4.dll
 0001:000127ee       ?loadResource@QTextEdit@@UAE?AVQVariant@@HABVQUrl@@@Z 004137ee f   QtGuid4:QtGuid4.dll
 0001:000127f4       ?createMimeDataFromSelection@QTextEdit@@MBEPAVQMimeData@@XZ 004137f4 f   QtGuid4:QtGuid4.dll
 0001:000127fa       ?canInsertFromMimeData@QTextEdit@@MBE_NPBVQMimeData@@@Z 004137fa f   QtGuid4:QtGuid4.dll
 0001:00012800       ?insertFromMimeData@QTextEdit@@MAEXPBVQMimeData@@@Z 00413800 f   QtGuid4:QtGuid4.dll
 0001:00012806       ?metaObject@QRadioButton@@UBEPBUQMetaObject@@XZ 00413806 f   QtGuid4:QtGuid4.dll
 0001:0001280c       ?qt_metacast@QRadioButton@@UAEPAXPBD@Z 0041380c f   QtGuid4:QtGuid4.dll
 0001:00012812       ?qt_metacall@QRadioButton@@UAEHW4Call@QMetaObject@@HPAPAX@Z 00413812 f   QtGuid4:QtGuid4.dll
 0001:00012818       ?event@QRadioButton@@MAE_NPAVQEvent@@@Z 00413818 f   QtGuid4:QtGuid4.dll
 0001:0001281e       ?sizeHint@QRadioButton@@UBE?AVQSize@@XZ 0041381e f   QtGuid4:QtGuid4.dll
 0001:00012824       ?minimumSizeHint@QRadioButton@@UBE?AVQSize@@XZ 00413824 f   QtGuid4:QtGuid4.dll
 0001:0001282a       ?mouseMoveEvent@QRadioButton@@MAEXPAVQMouseEvent@@@Z 0041382a f   QtGuid4:QtGuid4.dll
 0001:00012830       ?keyPressEvent@QAbstractButton@@MAEXPAVQKeyEvent@@@Z 00413830 f   QtGuid4:QtGuid4.dll
 0001:00012836       ?focusInEvent@QAbstractButton@@MAEXPAVQFocusEvent@@@Z 00413836 f   QtGuid4:QtGuid4.dll
 0001:0001283c       ?focusOutEvent@QAbstractButton@@MAEXPAVQFocusEvent@@@Z 0041383c f   QtGuid4:QtGuid4.dll
 0001:00012842       ?paintEvent@QRadioButton@@MAEXPAVQPaintEvent@@@Z 00413842 f   QtGuid4:QtGuid4.dll
 0001:00012848       ?hitButton@QRadioButton@@MBE_NABVQPoint@@@Z 00413848 f   QtGuid4:QtGuid4.dll
 0001:0001284e       ?metaObject@QButtonGroup@@UBEPBUQMetaObject@@XZ 0041384e f   QtGuid4:QtGuid4.dll
 0001:00012854       ?qt_metacast@QButtonGroup@@UAEPAXPBD@Z 00413854 f   QtGuid4:QtGuid4.dll
 0001:0001285a       ?qt_metacall@QButtonGroup@@UAEHW4Call@QMetaObject@@HPAPAX@Z 0041385a f   QtGuid4:QtGuid4.dll
 0001:00012860       ?metaObject@QLabel@@UBEPBUQMetaObject@@XZ 00413860 f   QtGuid4:QtGuid4.dll
 0001:00012866       ?qt_metacast@QLabel@@UAEPAXPBD@Z 00413866 f   QtGuid4:QtGuid4.dll
 0001:0001286c       ?qt_metacall@QLabel@@UAEHW4Call@QMetaObject@@HPAPAX@Z 0041386c f   QtGuid4:QtGuid4.dll
 0001:00012872       ?event@QLabel@@MAE_NPAVQEvent@@@Z 00413872 f   QtGuid4:QtGuid4.dll
 0001:00012878       ?sizeHint@QLabel@@UBE?AVQSize@@XZ 00413878 f   QtGuid4:QtGuid4.dll
 0001:0001287e       ?minimumSizeHint@QLabel@@UBE?AVQSize@@XZ 0041387e f   QtGuid4:QtGuid4.dll
 0001:00012884       ?heightForWidth@QLabel@@UBEHH@Z 00413884 f   QtGuid4:QtGuid4.dll
 0001:0001288a       ?mousePressEvent@QLabel@@MAEXPAVQMouseEvent@@@Z 0041388a f   QtGuid4:QtGuid4.dll
 0001:00012890       ?mouseReleaseEvent@QLabel@@MAEXPAVQMouseEvent@@@Z 00413890 f   QtGuid4:QtGuid4.dll
 0001:00012896       ?mouseMoveEvent@QLabel@@MAEXPAVQMouseEvent@@@Z 00413896 f   QtGuid4:QtGuid4.dll
 0001:0001289c       ?keyPressEvent@QLabel@@MAEXPAVQKeyEvent@@@Z 0041389c f   QtGuid4:QtGuid4.dll
 0001:000128a2       ?focusInEvent@QLabel@@MAEXPAVQFocusEvent@@@Z 004138a2 f   QtGuid4:QtGuid4.dll
 0001:000128a8       ?focusOutEvent@QLabel@@MAEXPAVQFocusEvent@@@Z 004138a8 f   QtGuid4:QtGuid4.dll
 0001:000128ae       ?paintEvent@QLabel@@MAEXPAVQPaintEvent@@@Z 004138ae f   QtGuid4:QtGuid4.dll
 0001:000128b4       ?contextMenuEvent@QLabel@@MAEXPAVQContextMenuEvent@@@Z 004138b4 f   QtGuid4:QtGuid4.dll
 0001:000128ba       ?changeEvent@QLabel@@MAEXPAVQEvent@@@Z 004138ba f   QtGuid4:QtGuid4.dll
 0001:000128c0       ?focusNextPrevChild@QLabel@@MAE_N_N@Z 004138c0 f   QtGuid4:QtGuid4.dll
 0001:000128c6       ?metaObject@QCheckBox@@UBEPBUQMetaObject@@XZ 004138c6 f   QtGuid4:QtGuid4.dll
 0001:000128cc       ?qt_metacast@QCheckBox@@UAEPAXPBD@Z 004138cc f   QtGuid4:QtGuid4.dll
 0001:000128d2       ?qt_metacall@QCheckBox@@UAEHW4Call@QMetaObject@@HPAPAX@Z 004138d2 f   QtGuid4:QtGuid4.dll
 0001:000128d8       ?event@QCheckBox@@MAE_NPAVQEvent@@@Z 004138d8 f   QtGuid4:QtGuid4.dll
 0001:000128de       ?sizeHint@QCheckBox@@UBE?AVQSize@@XZ 004138de f   QtGuid4:QtGuid4.dll
 0001:000128e4       ?minimumSizeHint@QCheckBox@@UBE?AVQSize@@XZ 004138e4 f   QtGuid4:QtGuid4.dll
 0001:000128ea       ?mouseMoveEvent@QCheckBox@@MAEXPAVQMouseEvent@@@Z 004138ea f   QtGuid4:QtGuid4.dll
 0001:000128f0       ?paintEvent@QCheckBox@@MAEXPAVQPaintEvent@@@Z 004138f0 f   QtGuid4:QtGuid4.dll
 0001:000128f6       ?hitButton@QCheckBox@@MBE_NABVQPoint@@@Z 004138f6 f   QtGuid4:QtGuid4.dll
 0001:000128fc       ?checkStateSet@QCheckBox@@MAEXXZ 004138fc f   QtGuid4:QtGuid4.dll
 0001:00012902       ?nextCheckState@QCheckBox@@MAEXXZ 00413902 f   QtGuid4:QtGuid4.dll
 0001:00012908       ?setWindowTitle@QWidget@@QAEXABVQString@@@Z 00413908 f   QtGuid4:QtGuid4.dll
 0001:0001290e       ??1QVBoxLayout@@UAE@XZ     0041390e f   QtGuid4:QtGuid4.dll
 0001:00012914       ??1QGridLayout@@UAE@XZ     00413914 f   QtGuid4:QtGuid4.dll
 0001:0001291a       ??1QPushButton@@UAE@XZ     0041391a f   QtGuid4:QtGuid4.dll
 0001:00012920       ??1QComboBox@@UAE@XZ       00413920 f   QtGuid4:QtGuid4.dll
 0001:00012926       ??1QTextEdit@@UAE@XZ       00413926 f   QtGuid4:QtGuid4.dll
 0001:0001292c       ??1QRadioButton@@UAE@XZ    0041392c f   QtGuid4:QtGuid4.dll
 0001:00012932       ??1QButtonGroup@@UAE@XZ    00413932 f   QtGuid4:QtGuid4.dll
 0001:00012938       ??1QLabel@@UAE@XZ          00413938 f   QtGuid4:QtGuid4.dll
 0001:0001293e       ??1QCheckBox@@UAE@XZ       0041393e f   QtGuid4:QtGuid4.dll
 0001:00012944       ?append@QTextEdit@@QAEXABVQString@@@Z 00413944 f   QtGuid4:QtGuid4.dll
 0001:0001294a       ?setText@QTextEdit@@QAEXABVQString@@@Z 0041394a f   QtGuid4:QtGuid4.dll
 0001:00012950       ?isChecked@QAbstractButton@@QBE_NXZ 00413950 f   QtGuid4:QtGuid4.dll
 0001:00012956       ?key@QKeyEvent@@QBEHXZ     00413956 f   QtGuid4:QtGuid4.dll
 0001:0001295c       ?text@QTextBlock@@QBE?AVQString@@XZ 0041395c f   QtGuid4:QtGuid4.dll
 0001:00012962       ??4QTextBlock@@QAEAAV0@ABV0@@Z 00413962 f   QtGuid4:QtGuid4.dll
 0001:00012968       ?findBlockByLineNumber@QTextDocument@@QBE?AVQTextBlock@@H@Z 00413968 f   QtGuid4:QtGuid4.dll
 0001:0001296e       ?lineCount@QTextDocument@@QBEHXZ 0041396e f   QtGuid4:QtGuid4.dll
 0001:00012974       ?document@QTextEdit@@QBEPAVQTextDocument@@XZ 00413974 f   QtGuid4:QtGuid4.dll
 0001:0001297a       ??0QTextBlock@@QAE@XZ      0041397a f   QtGuid4:QtGuid4.dll
 0001:00012980       ?currentIndex@QComboBox@@QBEHXZ 00413980 f   QtGuid4:QtGuid4.dll
 0001:00012986       ?moveCursor@QTextEdit@@QAEXW4MoveOperation@QTextCursor@@W4MoveMode@3@@Z 00413986 f   QtGuid4:QtGuid4.dll
 0001:0001298c       ?setTextBackgroundColor@QTextEdit@@QAEXABVQColor@@@Z 0041398c f   QtGuid4:QtGuid4.dll
 0001:00012992       ?setTextColor@QTextEdit@@QAEXABVQColor@@@Z 00413992 f   QtGuid4:QtGuid4.dll
 0001:00012998       ??0QColor@@QAE@W4GlobalColor@Qt@@@Z 00413998 f   QtGuid4:QtGuid4.dll
 0001:0001299e       ?setFontUnderline@QTextEdit@@QAEX_N@Z 0041399e f   QtGuid4:QtGuid4.dll
 0001:000129a4       ??1QCursor@@QAE@XZ         004139a4 f   QtGuid4:QtGuid4.dll
 0001:000129aa       ?setCursor@QWidget@@QAEXABVQCursor@@@Z 004139aa f   QtGuid4:QtGuid4.dll
 0001:000129b0       ??0QCursor@@QAE@W4CursorShape@Qt@@@Z 004139b0 f   QtGuid4:QtGuid4.dll
 0001:000129b6       ?removeSelectedText@QTextCursor@@QAEXXZ 004139b6 f   QtGuid4:QtGuid4.dll
 0001:000129bc       ?movePosition@QTextCursor@@QAE_NW4MoveOperation@1@W4MoveMode@1@H@Z 004139bc f   QtGuid4:QtGuid4.dll
 0001:000129c2       ??1QTextCursor@@QAE@XZ     004139c2 f   QtGuid4:QtGuid4.dll
 0001:000129c8       ??4QTextCursor@@QAEAAV0@ABV0@@Z 004139c8 f   QtGuid4:QtGuid4.dll
 0001:000129ce       ?textCursor@QTextEdit@@QBE?AVQTextCursor@@XZ 004139ce f   QtGuid4:QtGuid4.dll
 0001:000129d4       ??0QTextCursor@@QAE@XZ     004139d4 f   QtGuid4:QtGuid4.dll
 0001:000129da       ?information@QMessageBox@@SA?AW4StandardButton@1@PAVQWidget@@ABVQString@@1V?$QFlags@W4StandardButton@QMessageBox@@@@W421@@Z 004139da f   QtGuid4:QtGuid4.dll
 0001:000129e0       ?warning@QMessageBox@@SA?AW4StandardButton@1@PAVQWidget@@ABVQString@@1V?$QFlags@W4StandardButton@QMessageBox@@@@W421@@Z 004139e0 f   QtGuid4:QtGuid4.dll
 0001:000129e6       ?qt_metacast@QWidget@@UAEPAXPBD@Z 004139e6 f   QtGuid4:QtGuid4.dll
 0001:000129ec       ?qt_metacall@QWidget@@UAEHW4Call@QMetaObject@@HPAPAX@Z 004139ec f   QtGuid4:QtGuid4.dll
 0001:000129f2       ??1QApplication@@UAE@XZ    004139f2 f   QtGuid4:QtGuid4.dll
 0001:000129f8       ?exec@QApplication@@SAHXZ  004139f8 f   QtGuid4:QtGuid4.dll
 0001:000129fe       ?show@QWidget@@QAEXXZ      004139fe f   QtGuid4:QtGuid4.dll
 0001:00012a04       ??0QApplication@@QAE@AAHPAPADH@Z 00413a04 f   QtGuid4:QtGuid4.dll
[...]
 0004:0000101c       __imp_?scrollContentsBy@QTextEdit@@MAEXHH@Z 0042601c     QtGuid4:QtGuid4.dll
 0004:00001020       __imp_?loadResource@QTextEdit@@UAE?AVQVariant@@HABVQUrl@@@Z 00426020     QtGuid4:QtGuid4.dll
 0004:00001024       __imp_?createMimeDataFromSelection@QTextEdit@@MBEPAVQMimeData@@XZ 00426024     QtGuid4:QtGuid4.dll
 0004:00001028       __imp_?canInsertFromMimeData@QTextEdit@@MBE_NPBVQMimeData@@@Z 00426028     QtGuid4:QtGuid4.dll
 0004:0000102c       __imp_?insertFromMimeData@QTextEdit@@MAEXPBVQMimeData@@@Z 0042602c     QtGuid4:QtGuid4.dll
 0004:00001030       __imp_?metaObject@QRadioButton@@UBEPBUQMetaObject@@XZ 00426030     QtGuid4:QtGuid4.dll
 0004:00001034       __imp_?qt_metacast@QRadioButton@@UAEPAXPBD@Z 00426034     QtGuid4:QtGuid4.dll
 0004:00001038       __imp_?qt_metacall@QRadioButton@@UAEHW4Call@QMetaObject@@HPAPAX@Z 00426038     QtGuid4:QtGuid4.dll
 0004:0000103c       __imp_?event@QRadioButton@@MAE_NPAVQEvent@@@Z 0042603c     QtGuid4:QtGuid4.dll
 0004:00001040       __imp_?sizeHint@QRadioButton@@UBE?AVQSize@@XZ 00426040     QtGuid4:QtGuid4.dll
 0004:00001044       __imp_?minimumSizeHint@QRadioButton@@UBE?AVQSize@@XZ 00426044     QtGuid4:QtGuid4.dll
 0004:00001048       __imp_?mouseMoveEvent@QRadioButton@@MAEXPAVQMouseEvent@@@Z 00426048     QtGuid4:QtGuid4.dll
 0004:0000104c       __imp_?keyPressEvent@QAbstractButton@@MAEXPAVQKeyEvent@@@Z 0042604c     QtGuid4:QtGuid4.dll
 0004:00001050       __imp_?focusInEvent@QAbstractButton@@MAEXPAVQFocusEvent@@@Z 00426050     QtGuid4:QtGuid4.dll
 0004:00001054       __imp_?focusOutEvent@QAbstractButton@@MAEXPAVQFocusEvent@@@Z 00426054     QtGuid4:QtGuid4.dll
 0004:00001058       __imp_?paintEvent@QRadioButton@@MAEXPAVQPaintEvent@@@Z 00426058     QtGuid4:QtGuid4.dll
 0004:0000105c       __imp_?hitButton@QRadioButton@@MBE_NABVQPoint@@@Z 0042605c     QtGuid4:QtGuid4.dll
 0004:00001060       __imp_?metaObject@QButtonGroup@@UBEPBUQMetaObject@@XZ 00426060     QtGuid4:QtGuid4.dll
 0004:00001064       __imp_?qt_metacast@QButtonGroup@@UAEPAXPBD@Z 00426064     QtGuid4:QtGuid4.dll
 0004:00001068       __imp_?qt_metacall@QButtonGroup@@UAEHW4Call@QMetaObject@@HPAPAX@Z 00426068     QtGuid4:QtGuid4.dll
 0004:0000106c       __imp_?metaObject@QLabel@@UBEPBUQMetaObject@@XZ 0042606c     QtGuid4:QtGuid4.dll
 0004:00001070       __imp_?qt_metacast@QLabel@@UAEPAXPBD@Z 00426070     QtGuid4:QtGuid4.dll
 0004:00001074       __imp_?qt_metacall@QLabel@@UAEHW4Call@QMetaObject@@HPAPAX@Z 00426074     QtGuid4:QtGuid4.dll
 0004:00001078       __imp_?event@QLabel@@MAE_NPAVQEvent@@@Z 00426078     QtGuid4:QtGuid4.dll
 0004:0000107c       __imp_?sizeHint@QLabel@@UBE?AVQSize@@XZ 0042607c     QtGuid4:QtGuid4.dll
 0004:00001080       __imp_?minimumSizeHint@QLabel@@UBE?AVQSize@@XZ 00426080     QtGuid4:QtGuid4.dll
 0004:00001084       __imp_?heightForWidth@QLabel@@UBEHH@Z 00426084     QtGuid4:QtGuid4.dll
 0004:00001088       __imp_?mousePressEvent@QLabel@@MAEXPAVQMouseEvent@@@Z 00426088     QtGuid4:QtGuid4.dll
 0004:0000108c       __imp_?mouseReleaseEvent@QLabel@@MAEXPAVQMouseEvent@@@Z 0042608c     QtGuid4:QtGuid4.dll
 0004:00001090       __imp_?mouseMoveEvent@QLabel@@MAEXPAVQMouseEvent@@@Z 00426090     QtGuid4:QtGuid4.dll
 0004:00001094       __imp_?keyPressEvent@QLabel@@MAEXPAVQKeyEvent@@@Z 00426094     QtGuid4:QtGuid4.dll
 0004:00001098       __imp_?focusInEvent@QLabel@@MAEXPAVQFocusEvent@@@Z 00426098     QtGuid4:QtGuid4.dll
 0004:0000109c       __imp_?focusOutEvent@QLabel@@MAEXPAVQFocusEvent@@@Z 0042609c     QtGuid4:QtGuid4.dll
 0004:000010a0       __imp_?paintEvent@QLabel@@MAEXPAVQPaintEvent@@@Z 004260a0     QtGuid4:QtGuid4.dll
 0004:000010a4       __imp_?contextMenuEvent@QLabel@@MAEXPAVQContextMenuEvent@@@Z 004260a4     QtGuid4:QtGuid4.dll
 0004:000010a8       __imp_?changeEvent@QLabel@@MAEXPAVQEvent@@@Z 004260a8     QtGuid4:QtGuid4.dll
 0004:000010ac       __imp_?focusNextPrevChild@QLabel@@MAE_N_N@Z 004260ac     QtGuid4:QtGuid4.dll
 0004:000010b0       __imp_?metaObject@QCheckBox@@UBEPBUQMetaObject@@XZ 004260b0     QtGuid4:QtGuid4.dll
 0004:000010b4       __imp_?qt_metacast@QCheckBox@@UAEPAXPBD@Z 004260b4     QtGuid4:QtGuid4.dll
 0004:000010b8       __imp_?qt_metacall@QCheckBox@@UAEHW4Call@QMetaObject@@HPAPAX@Z 004260b8     QtGuid4:QtGuid4.dll
 0004:000010bc       __imp_?event@QCheckBox@@MAE_NPAVQEvent@@@Z 004260bc     QtGuid4:QtGuid4.dll
 0004:000010c0       __imp_?sizeHint@QCheckBox@@UBE?AVQSize@@XZ 004260c0     QtGuid4:QtGuid4.dll
 0004:000010c4       __imp_?minimumSizeHint@QCheckBox@@UBE?AVQSize@@XZ 004260c4     QtGuid4:QtGuid4.dll
 0004:000010c8       __imp_?mouseMoveEvent@QCheckBox@@MAEXPAVQMouseEvent@@@Z 004260c8     QtGuid4:QtGuid4.dll
 0004:000010cc       __imp_?paintEvent@QCheckBox@@MAEXPAVQPaintEvent@@@Z 004260cc     QtGuid4:QtGuid4.dll
 0004:000010d0       __imp_?hitButton@QCheckBox@@MBE_NABVQPoint@@@Z 004260d0     QtGuid4:QtGuid4.dll
 0004:000010d4       __imp_?checkStateSet@QCheckBox@@MAEXXZ 004260d4     QtGuid4:QtGuid4.dll
 0004:000010d8       __imp_?nextCheckState@QCheckBox@@MAEXXZ 004260d8     QtGuid4:QtGuid4.dll
 0004:000010dc       __imp_?setWindowTitle@QWidget@@QAEXABVQString@@@Z 004260dc     QtGuid4:QtGuid4.dll
 0004:000010e0       __imp_??1QVBoxLayout@@UAE@XZ 004260e0     QtGuid4:QtGuid4.dll
 0004:000010e4       __imp_??1QGridLayout@@UAE@XZ 004260e4     QtGuid4:QtGuid4.dll
 0004:000010e8       __imp_??1QPushButton@@UAE@XZ 004260e8     QtGuid4:QtGuid4.dll
 0004:000010ec       __imp_??1QComboBox@@UAE@XZ 004260ec     QtGuid4:QtGuid4.dll
 0004:000010f0       __imp_??1QTextEdit@@UAE@XZ 004260f0     QtGuid4:QtGuid4.dll
 0004:000010f4       __imp_??1QRadioButton@@UAE@XZ 004260f4     QtGuid4:QtGuid4.dll
 0004:000010f8       __imp_??1QButtonGroup@@UAE@XZ 004260f8     QtGuid4:QtGuid4.dll
 0004:000010fc       __imp_??1QLabel@@UAE@XZ    004260fc     QtGuid4:QtGuid4.dll
 0004:00001100       __imp_??1QCheckBox@@UAE@XZ 00426100     QtGuid4:QtGuid4.dll
 0004:00001104       __imp_?append@QTextEdit@@QAEXABVQString@@@Z 00426104     QtGuid4:QtGuid4.dll
 0004:00001108       __imp_?setText@QTextEdit@@QAEXABVQString@@@Z 00426108     QtGuid4:QtGuid4.dll
 0004:0000110c       __imp_?isChecked@QAbstractButton@@QBE_NXZ 0042610c     QtGuid4:QtGuid4.dll
 0004:00001110       __imp_?key@QKeyEvent@@QBEHXZ 00426110     QtGuid4:QtGuid4.dll
 0004:00001114       __imp_?text@QTextBlock@@QBE?AVQString@@XZ 00426114     QtGuid4:QtGuid4.dll
 0004:00001118       __imp_??4QTextBlock@@QAEAAV0@ABV0@@Z 00426118     QtGuid4:QtGuid4.dll
 0004:0000111c       __imp_?findBlockByLineNumber@QTextDocument@@QBE?AVQTextBlock@@H@Z 0042611c     QtGuid4:QtGuid4.dll
 0004:00001120       __imp_?lineCount@QTextDocument@@QBEHXZ 00426120     QtGuid4:QtGuid4.dll
 0004:00001124       __imp_?document@QTextEdit@@QBEPAVQTextDocument@@XZ 00426124     QtGuid4:QtGuid4.dll
 0004:00001128       __imp_??0QTextBlock@@QAE@XZ 00426128     QtGuid4:QtGuid4.dll
 0004:0000112c       __imp_?currentIndex@QComboBox@@QBEHXZ 0042612c     QtGuid4:QtGuid4.dll
 0004:00001130       __imp_?moveCursor@QTextEdit@@QAEXW4MoveOperation@QTextCursor@@W4MoveMode@3@@Z 00426130     QtGuid4:QtGuid4.dll
 0004:00001134       __imp_?setTextBackgroundColor@QTextEdit@@QAEXABVQColor@@@Z 00426134     QtGuid4:QtGuid4.dll
 0004:00001138       __imp_?setTextColor@QTextEdit@@QAEXABVQColor@@@Z 00426138     QtGuid4:QtGuid4.dll
 0004:0000113c       __imp_??0QColor@@QAE@W4GlobalColor@Qt@@@Z 0042613c     QtGuid4:QtGuid4.dll
 0004:00001140       __imp_?setFontUnderline@QTextEdit@@QAEX_N@Z 00426140     QtGuid4:QtGuid4.dll
 0004:00001144       __imp_??1QCursor@@QAE@XZ   00426144     QtGuid4:QtGuid4.dll
 0004:00001148       __imp_?setCursor@QWidget@@QAEXABVQCursor@@@Z 00426148     QtGuid4:QtGuid4.dll
 0004:0000114c       __imp_??0QCursor@@QAE@W4CursorShape@Qt@@@Z 0042614c     QtGuid4:QtGuid4.dll
 0004:00001150       __imp_?removeSelectedText@QTextCursor@@QAEXXZ 00426150     QtGuid4:QtGuid4.dll
 0004:00001154       __imp_?movePosition@QTextCursor@@QAE_NW4MoveOperation@1@W4MoveMode@1@H@Z 00426154     QtGuid4:QtGuid4.dll
 0004:00001158       __imp_??1QTextCursor@@QAE@XZ 00426158     QtGuid4:QtGuid4.dll
 0004:0000115c       __imp_??4QTextCursor@@QAEAAV0@ABV0@@Z 0042615c     QtGuid4:QtGuid4.dll
 0004:00001160       __imp_?textCursor@QTextEdit@@QBE?AVQTextCursor@@XZ 00426160     QtGuid4:QtGuid4.dll
 0004:00001164       __imp_??0QTextCursor@@QAE@XZ 00426164     QtGuid4:QtGuid4.dll
 0004:00001168       __imp_?information@QMessageBox@@SA?AW4StandardButton@1@PAVQWidget@@ABVQString@@1V?$QFlags@W4StandardButton@QMessageBox@@@@W421@@Z 00426168     QtGuid4:QtGuid4.dll
 0004:0000116c       __imp_?warning@QMessageBox@@SA?AW4StandardButton@1@PAVQWidget@@ABVQString@@1V?$QFlags@W4StandardButton@QMessageBox@@@@W421@@Z 0042616c     QtGuid4:QtGuid4.dll
 0004:00001170       __imp_?qt_metacast@QWidget@@UAEPAXPBD@Z 00426170     QtGuid4:QtGuid4.dll
 0004:00001174       __imp_?qt_metacall@QWidget@@UAEHW4Call@QMetaObject@@HPAPAX@Z 00426174     QtGuid4:QtGuid4.dll
 0004:00001178       __imp_?staticMetaObject@QWidget@@2UQMetaObject@@B 00426178     QtGuid4:QtGuid4.dll
 0004:0000117c       __imp_??1QApplication@@UAE@XZ 0042617c     QtGuid4:QtGuid4.dll
 0004:00001180       __imp_?exec@QApplication@@SAHXZ 00426180     QtGuid4:QtGuid4.dll
 0004:00001184       __imp_?show@QWidget@@QAEXXZ 00426184     QtGuid4:QtGuid4.dll
 0004:00001188       __imp_??0QApplication@@QAE@AAHPAPADH@Z 00426188     QtGuid4:QtGuid4.dll
 0004:0000118c       __imp_??1QWidget@@UAE@XZ   0042618c     QtGuid4:QtGuid4.dll
 0004:00001190       __imp_?setChecked@QAbstractButton@@QAEX_N@Z 00426190     QtGuid4:QtGuid4.dll
 0004:00001194       __imp_?setCurrentIndex@QComboBox@@QAEXH@Z 00426194     QtGuid4:QtGuid4.dll
 0004:00001198       __imp_?addItem@QComboBox@@QAEXABVQString@@ABVQVariant@@@Z 00426198     QtGuid4:QtGuid4.dll
 0004:0000119c       __imp_?setText@QAbstractButton@@QAEXABVQString@@@Z 0042619c     QtGuid4:QtGuid4.dll
 0004:000011a0       __imp_?setText@QLabel@@QAEXABVQString@@@Z 004261a0     QtGuid4:QtGuid4.dll
 0004:000011a4       __imp_??0QWidget@@QAE@PAV0@V?$QFlags@W4WindowType@Qt@@@@@Z 004261a4     QtGuid4:QtGuid4.dll
 0004:000011a8       __imp_?event@QWidget@@MAE_NPAVQEvent@@@Z 004261a8     QtGuid4:QtGuid4.dll
 0004:000011ac       __imp_?setVisible@QWidget@@UAEX_N@Z 004261ac     QtGuid4:QtGuid4.dll
 0004:000011b0       __imp_?sizeHint@QWidget@@UBE?AVQSize@@XZ 004261b0     QtGuid4:QtGuid4.dll
 0004:000011b4       __imp_?minimumSizeHint@QWidget@@UBE?AVQSize@@XZ 004261b4     QtGuid4:QtGuid4.dll
 0004:000011b8       __imp_?heightForWidth@QWidget@@UBEHH@Z 004261b8     QtGuid4:QtGuid4.dll
 0004:000011bc       __imp_?mousePressEvent@QWidget@@MAEXPAVQMouseEvent@@@Z 004261bc     QtGuid4:QtGuid4.dll
 0004:000011c0       __imp_?mouseReleaseEvent@QWidget@@MAEXPAVQMouseEvent@@@Z 004261c0     QtGuid4:QtGuid4.dll
 0004:000011c4       __imp_?mouseDoubleClickEvent@QWidget@@MAEXPAVQMouseEvent@@@Z 004261c4     QtGuid4:QtGuid4.dll
 0004:000011c8       __imp_?mouseMoveEvent@QWidget@@MAEXPAVQMouseEvent@@@Z 004261c8     QtGuid4:QtGuid4.dll
 0004:000011cc       __imp_?wheelEvent@QWidget@@MAEXPAVQWheelEvent@@@Z 004261cc     QtGuid4:QtGuid4.dll
 0004:000011d0       __imp_?keyPressEvent@QWidget@@MAEXPAVQKeyEvent@@@Z 004261d0     QtGuid4:QtGuid4.dll
 0004:000011d4       __imp_?keyReleaseEvent@QWidget@@MAEXPAVQKeyEvent@@@Z 004261d4     QtGuid4:QtGuid4.dll
 0004:000011d8       __imp_?focusInEvent@QWidget@@MAEXPAVQFocusEvent@@@Z 004261d8     QtGuid4:QtGuid4.dll
 0004:000011dc       __imp_?focusOutEvent@QWidget@@MAEXPAVQFocusEvent@@@Z 004261dc     QtGuid4:QtGuid4.dll
 0004:000011e0       __imp_?metaObject@QVBoxLayout@@UBEPBUQMetaObject@@XZ 004261e0     QtGuid4:QtGuid4.dll
 0004:000011e4       __imp_?resize@QWidget@@QAEXHH@Z 004261e4     QtGuid4:QtGuid4.dll
 0004:000011e8       __imp_??0QSizePolicy@@QAE@W4Policy@0@0@Z 004261e8     QtGuid4:QtGuid4.dll
 0004:000011ec       __imp_?setHorizontalStretch@QSizePolicy@@QAEXE@Z 004261ec     QtGuid4:QtGuid4.dll
 0004:000011f0       __imp_?setVerticalStretch@QSizePolicy@@QAEXE@Z 004261f0     QtGuid4:QtGuid4.dll
 0004:000011f4       __imp_?sizePolicy@QWidget@@QBE?AVQSizePolicy@@XZ 004261f4     QtGuid4:QtGuid4.dll
 0004:000011f8       __imp_?hasHeightForWidth@QSizePolicy@@QBE_NXZ 004261f8     QtGuid4:QtGuid4.dll
 0004:000011fc       __imp_?setHeightForWidth@QSizePolicy@@QAEX_N@Z 004261fc     QtGuid4:QtGuid4.dll
 0004:00001200       __imp_?setSizePolicy@QWidget@@QAEXVQSizePolicy@@@Z 00426200     QtGuid4:QtGuid4.dll
 0004:00001204       __imp_??0QVBoxLayout@@QAE@PAVQWidget@@@Z 00426204     QtGuid4:QtGuid4.dll
 0004:00001208       __imp_?setSpacing@QBoxLayout@@QAEXH@Z 00426208     QtGuid4:QtGuid4.dll
 0004:0000120c       __imp_?setContentsMargins@QLayout@@QAEXHHHH@Z 0042620c     QtGuid4:QtGuid4.dll
 0004:00001210       __imp_??0QVBoxLayout@@QAE@XZ 00426210     QtGuid4:QtGuid4.dll
 0004:00001214       __imp_?setSizeConstraint@QLayout@@QAEXW4SizeConstraint@1@@Z 00426214     QtGuid4:QtGuid4.dll
 0004:00001218       __imp_??0QGridLayout@@QAE@XZ 00426218     QtGuid4:QtGuid4.dll
 0004:0000121c       __imp_?setSpacing@QGridLayout@@QAEXH@Z 0042621c     QtGuid4:QtGuid4.dll
 0004:00001220       __imp_??0QPushButton@@QAE@PAVQWidget@@@Z 00426220     QtGuid4:QtGuid4.dll
 0004:00001224       __imp_?addWidget@QGridLayout@@QAEXPAVQWidget@@HHHHV?$QFlags@W4AlignmentFlag@Qt@@@@@Z 00426224     QtGuid4:QtGuid4.dll
 0004:00001228       __imp_??0QComboBox@@QAE@PAVQWidget@@@Z 00426228     QtGuid4:QtGuid4.dll
 0004:0000122c       __imp_?setEditable@QComboBox@@QAEX_N@Z 0042622c     QtGuid4:QtGuid4.dll
 0004:00001230       __imp_??0QTextEdit@@QAE@PAVQWidget@@@Z 00426230     QtGuid4:QtGuid4.dll
 0004:00001234       __imp_??0QRadioButton@@QAE@PAVQWidget@@@Z 00426234     QtGuid4:QtGuid4.dll
 0004:00001238       __imp_??0QButtonGroup@@QAE@PAVQObject@@@Z 00426238     QtGuid4:QtGuid4.dll
 0004:0000123c       __imp_?addButton@QButtonGroup@@QAEXPAVQAbstractButton@@@Z 0042623c     QtGuid4:QtGuid4.dll
 0004:00001240       __imp_??0QLabel@@QAE@PAVQWidget@@V?$QFlags@W4WindowType@Qt@@@@@Z 00426240     QtGuid4:QtGuid4.dll
 0004:00001244       __imp_??0QCheckBox@@QAE@PAVQWidget@@@Z 00426244     QtGuid4:QtGuid4.dll
 0004:00001248       __imp_?addLayout@QBoxLayout@@QAEXPAVQLayout@@H@Z 00426248     QtGuid4:QtGuid4.dll
 0004:0000124c       __imp_?metric@QWidget@@MBEHW4PaintDeviceMetric@QPaintDevice@@@Z 0042624c     QtGuid4:QtGuid4.dll
 0004:00001250       __imp_?releaseDC@QWidget@@UBEXPAUHDC__@@@Z 00426250     QtGuid4:QtGuid4.dll
 0004:00001254       __imp_?getDC@QWidget@@UBEPAUHDC__@@XZ 00426254     QtGuid4:QtGuid4.dll
 0004:00001258       __imp_?paintEngine@QWidget@@UBEPAVQPaintEngine@@XZ 00426258     QtGuid4:QtGuid4.dll
 0004:0000125c       __imp_?devType@QWidget@@UBEHXZ 0042625c     QtGuid4:QtGuid4.dll
 0004:00001260       __imp_?languageChange@QWidget@@MAEXXZ 00426260     QtGuid4:QtGuid4.dll
 0004:00001264       __imp_?windowActivationChange@QWidget@@MAEX_N@Z 00426264     QtGuid4:QtGuid4.dll
 0004:00001268       __imp_?fontChange@QWidget@@MAEXABVQFont@@@Z 00426268     QtGuid4:QtGuid4.dll
 0004:0000126c       __imp_?paletteChange@QWidget@@MAEXABVQPalette@@@Z 0042626c     QtGuid4:QtGuid4.dll
 0004:00001270       __imp_?enabledChange@QWidget@@MAEX_N@Z 00426270     QtGuid4:QtGuid4.dll
 0004:00001274       __imp_?styleChange@QWidget@@MAEXAAVQStyle@@@Z 00426274     QtGuid4:QtGuid4.dll
 0004:00001278       __imp_?focusNextPrevChild@QWidget@@MAE_N_N@Z 00426278     QtGuid4:QtGuid4.dll
 0004:0000127c       __imp_?inputMethodQuery@QWidget@@UBE?AVQVariant@@W4InputMethodQuery@Qt@@@Z 0042627c     QtGuid4:QtGuid4.dll
 0004:00001280       __imp_?inputMethodEvent@QWidget@@MAEXPAVQInputMethodEvent@@@Z 00426280     QtGuid4:QtGuid4.dll
 0004:00001284       __imp_?changeEvent@QWidget@@MAEXPAVQEvent@@@Z 00426284     QtGuid4:QtGuid4.dll
 0004:00001288       __imp_?winEvent@QWidget@@MAE_NPAUtagMSG@@PAJ@Z 00426288     QtGuid4:QtGuid4.dll
 0004:0000128c       __imp_?hideEvent@QWidget@@MAEXPAVQHideEvent@@@Z 0042628c     QtGuid4:QtGuid4.dll
 0004:00001290       __imp_?showEvent@QWidget@@MAEXPAVQShowEvent@@@Z 00426290     QtGuid4:QtGuid4.dll
 0004:00001294       __imp_?dropEvent@QWidget@@MAEXPAVQDropEvent@@@Z 00426294     QtGuid4:QtGuid4.dll
 0004:00001298       __imp_?dragLeaveEvent@QWidget@@MAEXPAVQDragLeaveEvent@@@Z 00426298     QtGuid4:QtGuid4.dll
 0004:0000129c       __imp_?dragMoveEvent@QWidget@@MAEXPAVQDragMoveEvent@@@Z 0042629c     QtGuid4:QtGuid4.dll
 0004:000012a0       __imp_?dragEnterEvent@QWidget@@MAEXPAVQDragEnterEvent@@@Z 004262a0     QtGuid4:QtGuid4.dll
 0004:000012a4       __imp_?actionEvent@QWidget@@MAEXPAVQActionEvent@@@Z 004262a4     QtGuid4:QtGuid4.dll
 0004:000012a8       __imp_?tabletEvent@QWidget@@MAEXPAVQTabletEvent@@@Z 004262a8     QtGuid4:QtGuid4.dll
 0004:000012ac       __imp_?contextMenuEvent@QWidget@@MAEXPAVQContextMenuEvent@@@Z 004262ac     QtGuid4:QtGuid4.dll
 0004:000012b0       __imp_?closeEvent@QWidget@@MAEXPAVQCloseEvent@@@Z 004262b0     QtGuid4:QtGuid4.dll
 0004:000012b4       __imp_?resizeEvent@QWidget@@MAEXPAVQResizeEvent@@@Z 004262b4     QtGuid4:QtGuid4.dll
 0004:000012b8       __imp_?moveEvent@QWidget@@MAEXPAVQMoveEvent@@@Z 004262b8     QtGuid4:QtGuid4.dll
 0004:000012bc       __imp_?paintEvent@QWidget@@MAEXPAVQPaintEvent@@@Z 004262bc     QtGuid4:QtGuid4.dll
 0004:000012c0       __imp_?leaveEvent@QWidget@@MAEXPAVQEvent@@@Z 004262c0     QtGuid4:QtGuid4.dll
 0004:000012c4       __imp_?enterEvent@QWidget@@MAEXPAVQEvent@@@Z 004262c4     QtGuid4:QtGuid4.dll
 0004:000012c8       __imp_?minimumSizeHint@QComboBox@@UBE?AVQSize@@XZ 004262c8     QtGuid4:QtGuid4.dll
 0004:000012cc       \177QtGuid4_NULL_THUNK_DATA 004262cc     QtGuid4:QtGuid4.dll
 0004:000013d8       __imp_?disconnectFromHost@QAbstractSocket@@QAEXXZ 004263d8     QtNetwork4:QtNetwork4.dll
 0004:000013dc       __imp_?state@QAbstractSocket@@QBE?AW4SocketState@1@XZ 004263dc     QtNetwork4:QtNetwork4.dll
 0004:000013e0       __imp_?abort@QAbstractSocket@@QAEXXZ 004263e0     QtNetwork4:QtNetwork4.dll
 0004:000013e4       __imp_?connectToHost@QAbstractSocket@@QAEXABVQString@@GV?$QFlags@W4OpenModeFlag@QIODevice@@@@@Z 004263e4     QtNetwork4:QtNetwork4.dll
 0004:000013e8       __imp_??1QTcpSocket@@UAE@XZ 004263e8     QtNetwork4:QtNetwork4.dll
 0004:000013ec       __imp_?writeData@QAbstractSocket@@MAE_JPBD_J@Z 004263ec     QtNetwork4:QtNetwork4.dll
 0004:000013f0       __imp_?readLineData@QAbstractSocket@@MAE_JPAD_J@Z 004263f0     QtNetwork4:QtNetwork4.dll
 0004:000013f4       __imp_?readData@QAbstractSocket@@MAE_JPAD_J@Z 004263f4     QtNetwork4:QtNetwork4.dll
 0004:000013f8       __imp_?waitForBytesWritten@QAbstractSocket@@UAE_NH@Z 004263f8     QtNetwork4:QtNetwork4.dll
 0004:000013fc       __imp_?waitForReadyRead@QAbstractSocket@@UAE_NH@Z 004263fc     QtNetwork4:QtNetwork4.dll
 0004:00001400       __imp_?canReadLine@QAbstractSocket@@UBE_NXZ 00426400     QtNetwork4:QtNetwork4.dll
 0004:00001404       __imp_?bytesToWrite@QAbstractSocket@@UBE_JXZ 00426404     QtNetwork4:QtNetwork4.dll
 0004:00001408       __imp_?bytesAvailable@QAbstractSocket@@UBE_JXZ 00426408     QtNetwork4:QtNetwork4.dll
 0004:0000140c       __imp_?atEnd@QAbstractSocket@@UBE_NXZ 0042640c     QtNetwork4:QtNetwork4.dll
 0004:00001410       __imp_?close@QAbstractSocket@@UAEXXZ 00426410     QtNetwork4:QtNetwork4.dll
 0004:00001414       __imp_?isSequential@QAbstractSocket@@UBE_NXZ 00426414     QtNetwork4:QtNetwork4.dll
 0004:00001418       __imp_?qt_metacall@QTcpSocket@@UAEHW4Call@QMetaObject@@HPAPAX@Z 00426418     QtNetwork4:QtNetwork4.dll
 0004:0000141c       __imp_?qt_metacast@QTcpSocket@@UAEPAXPBD@Z 0042641c     QtNetwork4:QtNetwork4.dll
 0004:00001420       __imp_?metaObject@QTcpSocket@@UBEPBUQMetaObject@@XZ 00426420     QtNetwork4:QtNetwork4.dll
 0004:00001424       __imp_??0QTcpSocket@@QAE@PAVQObject@@@Z 00426424     QtNetwork4:QtNetwork4.dll
 0004:00001428       \177QtNetwork4_NULL_THUNK_DATA 00426428     QtNetwork4:QtNetwork4.dll

 entry point at        0001:00012fb0

