 comBySocket

 Timestamp is 5b4dac6c (Tue Jul 17 16:44:28 2018)

 Preferred load address is 00400000

 Start         Length     Name                   Class
 0001:00000000 0000f0efH .text                   CODE
 0001:0000f0f0 000020d7H .text$x                 CODE
 0001:000111d0 000015ecH .text$yc                CODE
 0001:000127c0 0000105aH .text$yd                CODE
 0002:00000000 00000104H .CRT$XCA                DATA
 0002:00000104 00000104H .CRT$XCAA               DATA
 0002:00000208 00000113H .CRT$XCU                DATA
 0002:0000031c 00000104H .CRT$XCZ                DATA
 0002:00000420 00000104H .CRT$XIA                DATA
 0002:00000524 00000104H .CRT$XIAA               DATA
 0002:00000628 00000104H .CRT$XIY                DATA
 0002:0000072c 00000104H .CRT$XIZ                DATA
 0002:00000830 00001af9H .rdata                  DATA
 0002:0000232c 00000188H .rdata$debug            DATA
 0002:000024b4 00000a50H .rdata$r                DATA
 0002:00002f10 000001c0H .rdata$sxdata           DATA
 0002:000030d0 00000104H .rtc$IAA                DATA
 0002:000031d4 00000104H .rtc$IZZ                DATA
 0002:000032d8 00000104H .rtc$TAA                DATA
 0002:000033dc 00000104H .rtc$TZZ                DATA
 0002:000034e0 0000132eH .xdata$x                DATA
 0002:0000480e 00000000H .edata                  DATA
 0003:00000000 000012caH .data                   DATA
 0003:000012d0 0000054cH .bss                    DATA
 0004:00000000 00000078H .idata$2                DATA
 0004:00000078 00000014H .idata$3                DATA
 0004:0000008c 00000884H .idata$4                DATA
 0004:00000910 00000884H .idata$5                DATA
 0004:00001194 0000483bH .idata$6                DATA

  Address         Publics by Value              Rva+Base       Lib:Object

 0000:00000028       ___safe_se_handler_count   00000028     <absolute>
 0000:00000000       ___ImageBase               00400000     <linker-defined>
 0001:000018e0       _AES128_ECB_encrypt        004028e0 f   aes.obj
 0001:00001920       _AES128_ECB_decrypt        00402920 f   aes.obj
 0001:00001960       ??0bad_alloc@std@@QAE@PBD@Z 00402960 f i combysocket.obj
 0001:00001990       ??1bad_alloc@std@@UAE@XZ   00402990 f i combysocket.obj
 0001:000019a0       ??_Gbad_alloc@std@@UAEPAXI@Z 004029a0 f i combysocket.obj
 0001:000019a0       ??_Ebad_alloc@std@@UAEPAXI@Z 004029a0 f i combysocket.obj
 0001:000019e0       ??2@YAPAXIPAX@Z            004029e0 f i combysocket.obj
 0001:000019f0       ??3@YAXPAX0@Z              004029f0 f i combysocket.obj
 0001:00001a00       _wmemcpy                   00402a00 f i combysocket.obj
 0001:00001a30       _wmemmove                  00402a30 f i combysocket.obj
 0001:00001a60       ?length@?$char_traits@_W@std@@SAIPB_W@Z 00402a60 f i combysocket.obj
 0001:00001a90       ?copy@?$char_traits@_W@std@@SAPA_WPA_WPB_WI@Z 00402a90 f i combysocket.obj
 0001:00001ac0       ?move@?$char_traits@_W@std@@SAPA_WPA_WPB_WI@Z 00402ac0 f i combysocket.obj
 0001:00001af0       ?assign@?$char_traits@_W@std@@SAXAA_WAB_W@Z 00402af0 f i combysocket.obj
 0001:00001b10       ?length@?$char_traits@D@std@@SAIPBD@Z 00402b10 f i combysocket.obj
 0001:00001b40       ?copy@?$char_traits@D@std@@SAPADPADPBDI@Z 00402b40 f i combysocket.obj
 0001:00001b50       ?move@?$char_traits@D@std@@SAPADPADPBDI@Z 00402b50 f i combysocket.obj
 0001:00001b60       ?assign@?$char_traits@D@std@@SAXAADABD@Z 00402b60 f i combysocket.obj
 0001:00001b80       ?_Adopt@_Iterator_base0@std@@QAEXPBX@Z 00402b80 f i combysocket.obj
 0001:00001b90       ?qt_noop@@YAXXZ            00402b90 f i combysocket.obj
 0001:00001ba0       ??0QLatin1Char@@QAE@D@Z    00402ba0 f i combysocket.obj
 0001:00001bc0       ??H@YA?BVQString@@ABV0@0@Z 00402bc0 f i combysocket.obj
 0001:00001c50       ?retranslateUi@Ui_comBySocketClass@@QAEXPAVQWidget@@@Z 00402c50 f i combysocket.obj
 0001:00002070       ?tr@comBySocket@@SA?AVQString@@PBD0@Z 00403070 f i combysocket.obj
 0001:000020b0       ??$qbswap@I@@YAII@Z        004030b0 f i combysocket.obj
 0001:000020f0       ??$qbswap@H@@YAHH@Z        004030f0 f i combysocket.obj
 0001:00002130       ??0typeCurState@@QAE@XZ    00403130 f i combysocket.obj
 0001:00002170       ??1typeCurState@@QAE@XZ    00403170 f i combysocket.obj
 0001:00002210       ?inClear@comBySocket@@QAEXXZ 00403210 f   combysocket.obj
 0001:000022b0       ?outClear@comBySocket@@QAEXXZ 004032b0 f   combysocket.obj
 0001:00002350       ?sendOutClear@comBySocket@@QAEXXZ 00403350 f   combysocket.obj
 0001:00002360       ?disconnectServer@comBySocket@@QAEXXZ 00403360 f   combysocket.obj
 0001:00002450       ?bytesWritten@comBySocket@@QAEX_J@Z 00403450 f   combysocket.obj
 0001:00002460       ?displayTcpError@comBySocket@@QAEXW4SocketError@QAbstractSocket@@@Z 00403460 f   combysocket.obj
 0001:00002660       ??0?$QFlags@W4WindowType@Qt@@@@QAE@PAPAX@Z 00403660 f i combysocket.obj
 0001:00002670       ??0?$QFlags@W4AlignmentFlag@Qt@@@@QAE@PAPAX@Z 00403670 f i combysocket.obj
 0001:00002680       ?size@?$basic_string@DU?$char_traits@D@std@@V?$allocator@D@2@@std@@QBEIXZ 00403680 f i combysocket.obj
 0001:00002690       ?size@?$basic_string@_WU?$char_traits@_W@std@@V?$allocator@_W@2@@std@@QBEIXZ 00403690 f i combysocket.obj
 0001:000026a0       ??0?$QFlags@W4OpenModeFlag@QIODevice@@@@QAE@W4OpenModeFlag@QIODevice@@@Z 004036a0 f i combysocket.obj
 0001:000026c0       ??0?$QList@VQString@@@@QAE@XZ 004036c0 f i combysocket.obj
 0001:000026e0       ??0?$QFlags@W4ProcessEventsFlag@QEventLoop@@@@QAE@W4ProcessEventsFlag@QEventLoop@@@Z 004036e0 f i combysocket.obj
 0001:00002700       ??0?$QFlags@W4StandardButton@QMessageBox@@@@QAE@W4StandardButton@QMessageBox@@@Z 00403700 f i combysocket.obj
 0001:00002720       ??U?$QFlags@W4StandardButton@QMessageBox@@@@QBE?AV0@W4StandardButton@QMessageBox@@@Z 00403720 f i combysocket.obj
 0001:00002740       ?size@?$vector@EV?$allocator@E@std@@@std@@QBEIXZ 00403740 f i combysocket.obj
 0001:00002750       ??A?$vector@EV?$allocator@E@std@@@std@@QAEAAEI@Z 00403750 f i combysocket.obj
 0001:00002760       ??0?$QVector@D@@QAE@XZ     00403760 f i combysocket.obj
 0001:00002780       ?_Myptr@?$basic_string@DU?$char_traits@D@std@@V?$allocator@D@2@@std@@QBEPBDXZ 00403780 f i combysocket.obj
 0001:00002790       ??1?$_String_val@DV?$allocator@D@std@@@std@@QAE@XZ 00403790 f i combysocket.obj
 0001:000027a0       ??0?$allocator@D@std@@QAE@XZ 004037a0 f i combysocket.obj
 0001:000027b0       ??0?$allocator@D@std@@QAE@ABV01@@Z 004037b0 f i combysocket.obj
 0001:000027c0       ?_Myptr@?$basic_string@_WU?$char_traits@_W@std@@V?$allocator@_W@2@@std@@QAEPA_WXZ 004037c0 f i combysocket.obj
 0001:000027d0       ?_Myptr@?$basic_string@_WU?$char_traits@_W@std@@V?$allocator@_W@2@@std@@QBEPB_WXZ 004037d0 f i combysocket.obj
 0001:000027e0       ??1?$_String_val@_WV?$allocator@_W@std@@@std@@QAE@XZ 004037e0 f i combysocket.obj
 0001:000027f0       ??0?$allocator@_W@std@@QAE@XZ 004037f0 f i combysocket.obj
 0001:00002800       ??0?$allocator@_W@std@@QAE@ABV01@@Z 00403800 f i combysocket.obj
 0001:00002810       ?_Inside@?$vector@EV?$allocator@E@std@@@std@@IBE_NPBE@Z 00403810 f i combysocket.obj
 0001:00002840       ?_Orphan_range@?$vector@EV?$allocator@E@std@@@std@@IBEXPAE0@Z 00403840 f i combysocket.obj
 0001:00002850       ??1?$_Vector_val@EV?$allocator@E@std@@@std@@QAE@XZ 00403850 f i combysocket.obj
 0001:00002860       ??0?$allocator@E@std@@QAE@XZ 00403860 f i combysocket.obj
 0001:00002870       ?_Myptr@?$basic_string@DU?$char_traits@D@std@@V?$allocator@D@2@@std@@QAEPADXZ 00403870 f i combysocket.obj
 0001:00002880       ?_Xran@?$basic_string@DU?$char_traits@D@std@@V?$allocator@D@2@@std@@QBEXXZ 00403880 f i combysocket.obj
 0001:00002890       ?deallocate@?$allocator@D@std@@QAEXPADI@Z 00403890 f i combysocket.obj
 0001:000028b0       ?get_allocator@?$basic_string@_WU?$char_traits@_W@std@@V?$allocator@_W@2@@std@@QBE?AV?$allocator@_W@2@XZ 004038b0 f i combysocket.obj
 0001:000028c0       ?_Eos@?$basic_string@_WU?$char_traits@_W@std@@V?$allocator@_W@2@@std@@QAEXI@Z 004038c0 f i combysocket.obj
 0001:000028f0       ?_Xran@?$basic_string@_WU?$char_traits@_W@std@@V?$allocator@_W@2@@std@@QBEXXZ 004038f0 f i combysocket.obj
 0001:00002900       ?deallocate@?$allocator@_W@std@@QAEXPA_WI@Z 00403900 f i combysocket.obj
 0001:00002920       ?capacity@?$vector@EV?$allocator@E@std@@@std@@QBEIXZ 00403920 f i combysocket.obj
 0001:00002930       ?_Xlen@?$vector@EV?$allocator@E@std@@@std@@IBEXXZ 00403930 f i combysocket.obj
 0001:00002940       ??0?$allocator@E@std@@QAE@ABV01@@Z 00403940 f i combysocket.obj
 0001:00002950       ?deallocate@?$allocator@E@std@@QAEXPAEI@Z 00403950 f i combysocket.obj
 0001:00002970       ?_Xlen@?$basic_string@DU?$char_traits@D@std@@V?$allocator@D@2@@std@@QBEXXZ 00403970 f i combysocket.obj
 0001:00002980       ?_Inside@?$basic_string@_WU?$char_traits@_W@std@@V?$allocator@_W@2@@std@@QAE_NPB_W@Z 00403980 f i combysocket.obj
 0001:000029d0       ?_Xlen@?$basic_string@_WU?$char_traits@_W@std@@V?$allocator@_W@2@@std@@QBEXXZ 004039d0 f i combysocket.obj
 0001:000029e0       ?max_size@?$allocator@E@std@@QBEIXZ 004039e0 f i combysocket.obj
 0001:000029f0       ??0?$_Vector_const_iterator@V?$_Vector_val@EV?$allocator@E@std@@@std@@@std@@QAE@PAEPBU_Container_base0@1@@Z 004039f0 f i combysocket.obj
 0001:00002a10       ??Y?$_Vector_const_iterator@V?$_Vector_val@EV?$allocator@E@std@@@std@@@std@@QAEAAV01@H@Z 00403a10 f i combysocket.obj
 0001:00002a30       ?max_size@?$allocator@D@std@@QBEIXZ 00403a30 f i combysocket.obj
 0001:00002a40       ?max_size@?$allocator@_W@std@@QBEIXZ 00403a40 f i combysocket.obj
 0001:00002a50       ?_Compat@?$_Vector_const_iterator@V?$_Vector_val@EV?$allocator@E@std@@@std@@@std@@QBEXABV12@@Z 00403a50 f i combysocket.obj
 0001:00002a60       ??$qMax@H@@YAABHABH0@Z     00403a60 f i combysocket.obj
 0001:00002a80       ??$qMin@H@@YAABHABH0@Z     00403a80 f i combysocket.obj
 0001:00002aa0       ??$qToBigEndian@H@@YAHH@Z  00403aa0 f i combysocket.obj
 0001:00002ae0       ??$qToBigEndian@I@@YAII@Z  00403ae0 f i combysocket.obj
 0001:00002b20       ??$forward@V?$allocator@_W@std@@@std@@YA$$QAV?$allocator@_W@0@AAV10@@Z 00403b20 f i combysocket.obj
 0001:00002b30       ??$forward@V?$basic_string@_WU?$char_traits@_W@std@@V?$allocator@_W@2@@std@@@std@@YA$$QAV?$basic_string@_WU?$char_traits@_W@std@@V?$allocator@_W@2@@0@AAV10@@Z 00403b30 f i combysocket.obj
 0001:00002b40       ??$addressof@E@std@@YAPAEAAE@Z 00403b40 f i combysocket.obj
 0001:00002b50       ??$forward@E@std@@YA$$QAEAAE@Z 00403b50 f i combysocket.obj
 0001:00002b60       ??$_Allocate@E@std@@YAPAEIPAE@Z 00403b60 f i combysocket.obj
 0001:00002bd0       ??$_Allocate@D@std@@YAPADIPAD@Z 00403bd0 f i combysocket.obj
 0001:00002c40       ??$_Allocate@_W@std@@YAPA_WIPA_W@Z 00403c40 f i combysocket.obj
 0001:00002cb0       ??0bad_alloc@std@@QAE@ABV01@@Z 00403cb0 f i combysocket.obj
 0001:00002ce0       ?construct@?$allocator@E@std@@QAEXPAE$$QAE@Z 00403ce0 f i combysocket.obj
 0001:00002d00       ?alignOfTypedData@?$QVector@D@@ABEHXZ 00403d00 f i combysocket.obj
 0001:00002d10       ?free@?$QVectorTypedData@D@@SAXPAU1@H@Z 00403d10 f i combysocket.obj
 0001:00002d20       ??$_Val_type@PAE@std@@YAPAEPAE@Z 00403d20 f i combysocket.obj
 0001:00002d30       ??$_Ptr_cat@EE@std@@YA?AU_Scalar_ptr_iterator_tag@0@PAE0@Z 00403d30 f i combysocket.obj
 0001:00002d40       ??$?8_W_W@std@@YA_NABV?$allocator@_W@0@0@Z 00403d40 f i combysocket.obj
 0001:00002d50       ??$_Move@PAEPAE@std@@YAPAEPAE00U_Scalar_ptr_iterator_tag@0@@Z 00403d50 f i combysocket.obj
 0001:00002d80       ??$_Destroy_range@V?$allocator@E@std@@@std@@YAXPAE0AAV?$allocator@E@0@U_Scalar_ptr_iterator_tag@0@@Z 00403d80 f i combysocket.obj
 0001:00002d90       ??_GQString@@QAEPAXI@Z     00403d90 f i combysocket.obj
 0001:00002dd0       ?node_destruct@?$QList@VQString@@@@AAEXPAUNode@1@0@Z 00403dd0 f i combysocket.obj
 0001:00002e20       ??$_Fill_n@PAEIE@std@@YAXPAEIABE@Z 00403e20 f i combysocket.obj
 0001:00002e50       ??$_Uninit_move@EEE@std@@YAPAEPAE00AAV?$allocator@E@0@0U_Scalar_ptr_iterator_tag@0@@Z 00403e50 f i combysocket.obj
 0001:00002e80       ?sizeOfTypedData@?$QVector@D@@AAEHXZ 00403e80 f i combysocket.obj
 0001:00002e90       ?malloc@?$QVector@D@@AAEPAUQVectorData@@H@Z 00403e90 f i combysocket.obj
 0001:00002ed0       ?setupUi@Ui_comBySocketClass@@QAEXPAVQWidget@@@Z 00403ed0 f i combysocket.obj
 0001:00003f90       ??_EQVBoxLayout@@UAEPAXI@Z 00404f90 f i combysocket.obj
 0001:00003f90       ??_GQVBoxLayout@@UAEPAXI@Z 00404f90 f i combysocket.obj
 0001:00003fc0       ??_GQGridLayout@@UAEPAXI@Z 00404fc0 f i combysocket.obj
 0001:00003fc0       ??_EQGridLayout@@UAEPAXI@Z 00404fc0 f i combysocket.obj
 0001:00003ff0       ??_EQPushButton@@UAEPAXI@Z 00404ff0 f i combysocket.obj
 0001:00003ff0       ??_GQPushButton@@UAEPAXI@Z 00404ff0 f i combysocket.obj
 0001:00004020       ??_GQRadioButton@@UAEPAXI@Z 00405020 f i combysocket.obj
 0001:00004020       ??_EQRadioButton@@UAEPAXI@Z 00405020 f i combysocket.obj
 0001:00004050       ??_GQButtonGroup@@UAEPAXI@Z 00405050 f i combysocket.obj
 0001:00004050       ??_EQButtonGroup@@UAEPAXI@Z 00405050 f i combysocket.obj
 0001:00004080       ??_GQLabel@@UAEPAXI@Z      00405080 f i combysocket.obj
 0001:00004080       ??_EQLabel@@UAEPAXI@Z      00405080 f i combysocket.obj
 0001:000040b0       ??_GQTextEdit@@UAEPAXI@Z   004050b0 f i combysocket.obj
 0001:000040b0       ??_EQTextEdit@@UAEPAXI@Z   004050b0 f i combysocket.obj
 0001:000040e0       ??_GQComboBox@@UAEPAXI@Z   004050e0 f i combysocket.obj
 0001:000040e0       ??_EQComboBox@@UAEPAXI@Z   004050e0 f i combysocket.obj
 0001:00004110       ??_EQLabel@@W7AEPAXI@Z     00405110 f i combysocket.obj
 0001:00004120       ??_EQPushButton@@W7AEPAXI@Z 00405120 f i combysocket.obj
 0001:00004130       ??_EQTextEdit@@W7AEPAXI@Z  00405130 f i combysocket.obj
 0001:00004140       ??_EQRadioButton@@W7AEPAXI@Z 00405140 f i combysocket.obj
 0001:00004150       ??_EQVBoxLayout@@W7AEPAXI@Z 00405150 f i combysocket.obj
 0001:00004160       ??_EQGridLayout@@W7AEPAXI@Z 00405160 f i combysocket.obj
 0001:00004170       ??_EQComboBox@@W7AEPAXI@Z  00405170 f i combysocket.obj
 0001:00004180       ??U@YA?AV?$QFlags@W4StandardButton@QMessageBox@@@@W4StandardButton@QMessageBox@@0@Z 00405180 f i combysocket.obj
 0001:000041a0       ?c_str@?$basic_string@DU?$char_traits@D@std@@V?$allocator@D@2@@std@@QBEPBDXZ 004051a0 f i combysocket.obj
 0001:000041b0       ??0?$_String_val@DV?$allocator@D@std@@@std@@QAE@V?$allocator@D@1@@Z 004051b0 f i combysocket.obj
 0001:000041c0       ?_Tidy@?$basic_string@_WU?$char_traits@_W@std@@V?$allocator@_W@2@@std@@QAEX_NI@Z 004051c0 f i combysocket.obj
 0001:00004220       ??0?$_String_val@_WV?$allocator@_W@std@@@std@@QAE@V?$allocator@_W@1@@Z 00405220 f i combysocket.obj
 0001:00004230       ??0?$_Vector_val@EV?$allocator@E@std@@@std@@QAE@V?$allocator@E@1@@Z 00405230 f i combysocket.obj
 0001:00004250       ?_Eos@?$basic_string@DU?$char_traits@D@std@@V?$allocator@D@2@@std@@QAEXI@Z 00405250 f i combysocket.obj
 0001:00004270       ?_Inside@?$basic_string@DU?$char_traits@D@std@@V?$allocator@D@2@@std@@QAE_NPBD@Z 00405270 f i combysocket.obj
 0001:000042c0       ?erase@?$basic_string@_WU?$char_traits@_W@std@@V?$allocator@_W@2@@std@@QAEAAV12@II@Z 004052c0 f i combysocket.obj
 0001:00004370       ?max_size@?$vector@EV?$allocator@E@std@@@std@@QBEIXZ 00405370 f i combysocket.obj
 0001:00004380       ?_Grow_to@?$vector@EV?$allocator@E@std@@@std@@IBEII@Z 00405380 f i combysocket.obj
 0001:000043c0       ??0?$_Vector_iterator@V?$_Vector_val@EV?$allocator@E@std@@@std@@@std@@QAE@PAEPBU_Container_base0@1@@Z 004053c0 f i combysocket.obj
 0001:000043e0       ??Y?$_Vector_iterator@V?$_Vector_val@EV?$allocator@E@std@@@std@@@std@@QAEAAV01@H@Z 004053e0 f i combysocket.obj
 0001:00004400       ?erase@?$basic_string@DU?$char_traits@D@std@@V?$allocator@D@2@@std@@QAEAAV12@II@Z 00405400 f i combysocket.obj
 0001:000044b0       ?max_size@?$basic_string@DU?$char_traits@D@std@@V?$allocator@D@2@@std@@QBEIXZ 004054b0 f i combysocket.obj
 0001:000044c0       ?max_size@?$basic_string@_WU?$char_traits@_W@std@@V?$allocator@_W@2@@std@@QBEIXZ 004054c0 f i combysocket.obj
 0001:000044d0       ?allocate@?$allocator@E@std@@QAEPAEI@Z 004054d0 f i combysocket.obj
 0001:00004540       ??8?$_Vector_const_iterator@V?$_Vector_val@EV?$allocator@E@std@@@std@@@std@@QBE_NABV01@@Z 00405540 f i combysocket.obj
 0001:00004560       ?allocate@?$allocator@D@std@@QAEPADI@Z 00405560 f i combysocket.obj
 0001:000045d0       ?allocate@?$allocator@_W@std@@QAEPA_WI@Z 004055d0 f i combysocket.obj
 0001:00004640       ?free@?$QVector@D@@AAEXPAU?$QVectorTypedData@D@@@Z 00405640 f i combysocket.obj
 0001:00004660       ??$_Cons_val@V?$allocator@E@std@@EE@std@@YAXAAV?$allocator@E@0@PAE$$QAE@Z 00405660 f i combysocket.obj
 0001:00004680       ??$?9_W_W@std@@YA_NABV?$allocator@_W@0@0@Z 00405680 f i combysocket.obj
 0001:00004690       ??$_Move@PAEPAE@std@@YAPAEPAE00@Z 00405690 f i combysocket.obj
 0001:000046c0       ??$_Destroy_range@V?$allocator@E@std@@@std@@YAXPAE0AAV?$allocator@E@0@@Z 004056c0 f i combysocket.obj
 0001:000046d0       ?free@?$QList@VQString@@@@AAEXPAUData@QListData@@@Z 004056d0 f i combysocket.obj
 0001:00004740       ??$_Uninit_def_fill_n@EIEE@std@@YAXPAEIPBEAAV?$allocator@E@0@0U_Scalar_ptr_iterator_tag@0@@Z 00405740 f i combysocket.obj
 0001:00004770       ??$_Uninitialized_move@PAEPAEV?$allocator@E@std@@@std@@YAPAEPAE00AAV?$allocator@E@0@@Z 00405770 f i combysocket.obj
 0001:000047a0       ?realloc@?$QVector@D@@AAEXHH@Z 004057a0 f i combysocket.obj
 0001:000049a0       ?setParam@comBySocket@@QAEXVQString@@00@Z 004059a0 f   combysocket.obj
 0001:00004b10       ?connectServer@comBySocket@@QAEXXZ 00405b10 f   combysocket.obj
 0001:00004c10       ?disconnected@comBySocket@@QAEXXZ 00405c10 f   combysocket.obj
 0001:00004ce0       ??1?$basic_string@_WU?$char_traits@_W@std@@V?$allocator@_W@2@@std@@QAE@XZ 00405ce0 f i combysocket.obj
 0001:00004d20       ??0?$vector@EV?$allocator@E@std@@@std@@QAE@XZ 00405d20 f i combysocket.obj
 0001:00004d30       ??1?$QVector@D@@QAE@XZ     00405d30 f i combysocket.obj
 0001:00004d60       ?_Tidy@?$basic_string@DU?$char_traits@D@std@@V?$allocator@D@2@@std@@QAEX_NI@Z 00405d60 f i combysocket.obj
 0001:00004dc0       ?begin@?$vector@EV?$allocator@E@std@@@std@@QAE?AV?$_Vector_iterator@V?$_Vector_val@EV?$allocator@E@std@@@std@@@2@XZ 00405dc0 f i combysocket.obj
 0001:00004de0       ?end@?$vector@EV?$allocator@E@std@@@std@@QAE?AV?$_Vector_iterator@V?$_Vector_val@EV?$allocator@E@std@@@std@@@2@XZ 00405de0 f i combysocket.obj
 0001:00004e00       ??H?$_Vector_iterator@V?$_Vector_val@EV?$allocator@E@std@@@std@@@std@@QBE?AV01@H@Z 00405e00 f i combysocket.obj
 0001:00004e20       ?_Make_iter@?$vector@EV?$allocator@E@std@@@std@@QBE?AV?$_Vector_iterator@V?$_Vector_val@EV?$allocator@E@std@@@std@@@2@V?$_Vector_const_iterator@V?$_Vector_val@EV?$allocator@E@std@@@std@@@2@@Z 00405e20 f i combysocket.obj
 0001:00004e40       ?_Destroy@?$vector@EV?$allocator@E@std@@@std@@IAEXPAE0@Z 00405e40 f i combysocket.obj
 0001:00004e50       ??9?$_Vector_const_iterator@V?$_Vector_val@EV?$allocator@E@std@@@std@@@std@@QBE_NABV01@@Z 00405e50 f i combysocket.obj
 0001:00004e70       ?_Copy@?$basic_string@DU?$char_traits@D@std@@V?$allocator@D@2@@std@@QAEXII@Z 00405e70 f i combysocket.obj
 0001:00005040       ?_Copy@?$basic_string@_WU?$char_traits@_W@std@@V?$allocator@_W@2@@std@@QAEXII@Z 00406040 f i combysocket.obj
 0001:00005220       ??1?$QList@VQString@@@@QAE@XZ 00406220 f i combysocket.obj
 0001:00005240       ??$_Uninitialized_default_fill_n@PAEIEV?$allocator@E@std@@@std@@YAXPAEIPBEAAV?$allocator@E@0@@Z 00406240 f i combysocket.obj
 0001:00005270       ??$_Umove@PAE@?$vector@EV?$allocator@E@std@@@std@@IAEPAEPAE00@Z 00406270 f i combysocket.obj
 0001:000052a0       ?detach_helper@?$QVector@D@@AAEXXZ 004062a0 f i combysocket.obj
 0001:000052c0       ??0QStringList@@QAE@XZ     004062c0 f i combysocket.obj
 0001:000052e0       ??1QStringList@@QAE@XZ     004062e0 f i combysocket.obj
 0001:00005300       ??0comBySocket@@QAE@PAVQWidget@@@Z 00406300 f   combysocket.obj
 0001:00005960       ??_EQTcpSocket@@UAEPAXI@Z  00406960 f i combysocket.obj
 0001:00005960       ??_GQTcpSocket@@UAEPAXI@Z  00406960 f i combysocket.obj
 0001:00005990       ??_EcomBySocket@@W7AEPAXI@Z 00406990 f i combysocket.obj
 0001:000059a0       ??1comBySocket@@UAE@XZ     004069a0 f   combysocket.obj
 0001:00005ac0       ??1?$basic_string@DU?$char_traits@D@std@@V?$allocator@D@2@@std@@QAE@XZ 00406ac0 f i combysocket.obj
 0001:00005af0       ?erase@?$vector@EV?$allocator@E@std@@@std@@QAE?AV?$_Vector_iterator@V?$_Vector_val@EV?$allocator@E@std@@@std@@@2@V?$_Vector_const_iterator@V?$_Vector_val@EV?$allocator@E@std@@@std@@@2@0@Z 00406af0 f i combysocket.obj
 0001:00005b40       ?_Tidy@?$vector@EV?$allocator@E@std@@@std@@IAEXXZ 00406b40 f i combysocket.obj
 0001:00005b80       ?_Grow@?$basic_string@DU?$char_traits@D@std@@V?$allocator@D@2@@std@@QAE_NI_N@Z 00406b80 f i combysocket.obj
 0001:00005c60       ?_Grow@?$basic_string@_WU?$char_traits@_W@std@@V?$allocator@_W@2@@std@@QAE_NI_N@Z 00406c60 f i combysocket.obj
 0001:00005d50       ?reserve@?$vector@EV?$allocator@E@std@@@std@@QAEXI@Z 00406d50 f i combysocket.obj
 0001:00005de0       ?detach@?$QVector@D@@QAEXXZ 00406de0 f i combysocket.obj
 0001:00005e00       ??_GcomBySocket@@UAEPAXI@Z 00406e00 f i combysocket.obj
 0001:00005e00       ??_EcomBySocket@@UAEPAXI@Z 00406e00 f i combysocket.obj
 0001:00005e30       ??1?$vector@EV?$allocator@E@std@@@std@@QAE@XZ 00406e30 f i combysocket.obj
 0001:00005e70       ?assign@?$basic_string@_WU?$char_traits@_W@std@@V?$allocator@_W@2@@std@@QAEAAV12@ABV12@II@Z 00406e70 f i combysocket.obj
 0001:00005fb0       ?_Reserve@?$vector@EV?$allocator@E@std@@@std@@IAEXI@Z 00406fb0 f i combysocket.obj
 0001:00006020       ?assign@?$basic_string@DU?$char_traits@D@std@@V?$allocator@D@2@@std@@QAEAAV12@ABV12@II@Z 00407020 f i combysocket.obj
 0001:00006150       ?assign@?$basic_string@_WU?$char_traits@_W@std@@V?$allocator@_W@2@@std@@QAEAAV12@PB_WI@Z 00407150 f i combysocket.obj
 0001:00006280       ?assign@?$basic_string@_WU?$char_traits@_W@std@@V?$allocator@_W@2@@std@@QAEAAV12@ABV12@@Z 00407280 f i combysocket.obj
 0001:000062a0       ?data@?$QVector@D@@QAEPADXZ 004072a0 f i combysocket.obj
 0001:000062d0       ?push_back@?$vector@EV?$allocator@E@std@@@std@@QAEX$$QAE@Z 004072d0 f i combysocket.obj
 0001:00006350       ?resize@?$vector@EV?$allocator@E@std@@@std@@QAEXI@Z 00407350 f i combysocket.obj
 0001:000063e0       ?assign@?$basic_string@DU?$char_traits@D@std@@V?$allocator@D@2@@std@@QAEAAV12@PBDI@Z 004073e0 f i combysocket.obj
 0001:00006520       ?assign@?$basic_string@DU?$char_traits@D@std@@V?$allocator@D@2@@std@@QAEAAV12@PBD@Z 00407520 f i combysocket.obj
 0001:00006550       ?assign@?$basic_string@_WU?$char_traits@_W@std@@V?$allocator@_W@2@@std@@QAEAAV12@PB_W@Z 00407550 f i combysocket.obj
 0001:00006590       ??4?$basic_string@_WU?$char_traits@_W@std@@V?$allocator@_W@2@@std@@QAEAAV01@ABV01@@Z 00407590 f i combysocket.obj
 0001:000065b0       ??A?$QVector@D@@QAEAADH@Z  004075b0 f i combysocket.obj
 0001:000065f0       ?doProcess@comBySocket@@QAEXH@Z 004075f0 f   combysocket.obj
 0001:00007170       ?connected@comBySocket@@QAEXXZ 00408170 f   combysocket.obj
 0001:00007230       ?readFromServer@comBySocket@@QAEXXZ 00408230 f   combysocket.obj
 0001:00008010       ?timerEvent@comBySocket@@MAEXPAVQTimerEvent@@@Z 00409010 f   combysocket.obj
 0001:00008040       ??0?$basic_string@DU?$char_traits@D@std@@V?$allocator@D@2@@std@@QAE@PBD@Z 00409040 f i combysocket.obj
 0001:00008090       ??0?$basic_string@_WU?$char_traits@_W@std@@V?$allocator@_W@2@@std@@QAE@PB_W@Z 00409090 f i combysocket.obj
 0001:000080f0       ?assign@?$basic_string@_WU?$char_traits@_W@std@@V?$allocator@_W@2@@std@@QAEAAV12@$$QAV12@@Z 004090f0 f i combysocket.obj
 0001:00008190       ?setCom@comBySocket@@QAEXXZ 00409190 f   combysocket.obj
 0001:000081a0       ?getCom@comBySocket@@QAEXXZ 004091a0 f   combysocket.obj
 0001:000081b0       ?sendCom@comBySocket@@QAEXXZ 004091b0 f   combysocket.obj
 0001:000081c0       ?grabCom@comBySocket@@QAEXXZ 004091c0 f   combysocket.obj
 0001:000081d0       ??0?$basic_string@_WU?$char_traits@_W@std@@V?$allocator@_W@2@@std@@QAE@$$QAV01@@Z 004091d0 f i combysocket.obj
 0001:00008210       ?StringToWstring@@YA?AV?$basic_string@_WU?$char_traits@_W@std@@V?$allocator@_W@2@@std@@V?$basic_string@DU?$char_traits@D@std@@V?$allocator@D@2@@2@@Z 00409210 f   combysocket.obj
 0001:00008320       _cpkey                     00409320 f   d3des.obj
 0001:00008350       _usekey                    00409350 f   d3des.obj
 0001:00008930       _des                       00409930 f   d3des.obj
 0001:000089f0       _deskey                    004099f0 f   d3des.obj
 0001:00008e50       ?DesEncrypt@Encrypt@@YA_NPAE00AAI@Z 00409e50 f   Encrypt.obj
 0001:00008ee0       ?DesDecrypt@Encrypt@@YA_NPAE00AAI@Z 00409ee0 f   Encrypt.obj
 0001:00008f80       ?AesEncrypt@Encrypt@@YA_NPAE00I@Z 00409f80 f   Encrypt.obj
 0001:00008fe0       ?AesDecrypt@Encrypt@@YA_NPAE00I@Z 00409fe0 f   Encrypt.obj
 0001:00009040       ?qInitResources_combysocket@@YAHXZ 0040a040 f   qrc_combysocket.obj
 0001:00009050       ?qCleanupResources_combysocket@@YAHXZ 0040a050 f   qrc_combysocket.obj
 0001:00009060       ??0qCleanupResources_combysocket__dest_class__@@QAE@XZ 0040a060 f i qrc_combysocket.obj
 0001:00009070       ??1qCleanupResources_combysocket__dest_class__@@QAE@XZ 0040a070 f i qrc_combysocket.obj
 0001:00009080       ?qt_static_metacall@comBySocket@@CAXPAVQObject@@W4Call@QMetaObject@@HPAPAX@Z 0040a080 f   moc_combysocket.obj
 0001:000091b0       ?qt_metacast@comBySocket@@UAEPAXPBD@Z 0040a1b0 f   moc_combysocket.obj
 0001:00009230       ?qt_metacall@comBySocket@@UAEHW4Call@QMetaObject@@HPAPAX@Z 0040a230 f   moc_combysocket.obj
 0001:00009290       ??C?$QScopedPointer@VQObjectData@@U?$QScopedPointerDeleter@VQObjectData@@@@@@QBEPAVQObjectData@@XZ 0040a290 f i moc_combysocket.obj
 0001:000092a0       ?metaObject@comBySocket@@UBEPBUQMetaObject@@XZ 0040a2a0 f   moc_combysocket.obj
 0001:000092c0       ??0CLanbeProtocol@@QAE@XZ  0040a2c0 f   LanbeProtocol.obj
 0001:000092d0       ??1CLanbeProtocol@@QAE@XZ  0040a2d0 f   LanbeProtocol.obj
 0001:000092e0       ?get_crc@CLanbeProtocol@@QAEEPAEI@Z 0040a2e0 f   LanbeProtocol.obj
 0001:00009340       ?data@?$vector@EV?$allocator@E@std@@@std@@QAEPAEXZ 0040a340 f i LanbeProtocol.obj
 0001:00009350       ??$_Ptr_cat@V?$_Vector_const_iterator@V?$_Vector_val@EV?$allocator@E@std@@@std@@@std@@PAE@std@@YA?AU_Nonscalar_ptr_iterator_tag@0@AAV?$_Vector_const_iterator@V?$_Vector_val@EV?$allocator@E@std@@@std@@@0@AAPAE@Z 0040a350 f i LanbeProtocol.obj
 0001:00009360       ??D?$_Vector_const_iterator@V?$_Vector_val@EV?$allocator@E@std@@@std@@@std@@QBEABEXZ 0040a360 f i LanbeProtocol.obj
 0001:00009370       ??E?$_Vector_const_iterator@V?$_Vector_val@EV?$allocator@E@std@@@std@@@std@@QAEAAV01@XZ 0040a370 f i LanbeProtocol.obj
 0001:00009380       ??$forward@ABE@std@@YAABEABE@Z 0040a380 f i LanbeProtocol.obj
 0001:00009390       ??$_Construct@EABE@std@@YAXPAEABE@Z 0040a390 f i LanbeProtocol.obj
 0001:000093b0       ??$_Destroy@E@std@@YAXPAE@Z 0040a3b0 f i LanbeProtocol.obj
 0001:000093c0       ?begin@?$vector@EV?$allocator@E@std@@@std@@QBE?AV?$_Vector_const_iterator@V?$_Vector_val@EV?$allocator@E@std@@@std@@@2@XZ 0040a3c0 f i LanbeProtocol.obj
 0001:000093e0       ?end@?$vector@EV?$allocator@E@std@@@std@@QBE?AV?$_Vector_const_iterator@V?$_Vector_val@EV?$allocator@E@std@@@std@@@2@XZ 0040a3e0 f i LanbeProtocol.obj
 0001:00009400       ?construct@?$allocator@E@std@@QAEXPAEABE@Z 0040a400 f i LanbeProtocol.obj
 0001:00009420       ?destroy@?$allocator@E@std@@QAEXPAE@Z 0040a420 f i LanbeProtocol.obj
 0001:00009430       ?_Buy@?$vector@EV?$allocator@E@std@@@std@@IAE_NI@Z 0040a430 f i LanbeProtocol.obj
 0001:00009490       ??$_Cons_val@V?$allocator@E@std@@EABE@std@@YAXAAV?$allocator@E@0@PAEABE@Z 0040a490 f i LanbeProtocol.obj
 0001:000094b0       ??$_Dest_val@V?$allocator@E@std@@E@std@@YAXAAV?$allocator@E@0@PAE@Z 0040a4b0 f i LanbeProtocol.obj
 0001:000094c0       ??$_Uninit_copy@V?$_Vector_const_iterator@V?$_Vector_val@EV?$allocator@E@std@@@std@@@std@@PAEV?$allocator@E@2@@std@@YAPAEV?$_Vector_const_iterator@V?$_Vector_val@EV?$allocator@E@std@@@std@@@0@0PAEAAV?$allocator@E@0@U_Nonscalar_ptr_iterator_tag@0@@Z 0040a4c0 f i LanbeProtocol.obj
 0001:000094f0       ??$_Uninitialized_copy@V?$_Vector_const_iterator@V?$_Vector_val@EV?$allocator@E@std@@@std@@@std@@PAEV?$allocator@E@2@@std@@YAPAEV?$_Vector_const_iterator@V?$_Vector_val@EV?$allocator@E@std@@@std@@@0@0PAEAAV?$allocator@E@0@@Z 0040a4f0 f i LanbeProtocol.obj
 0001:00009520       ??$_Ucopy@V?$_Vector_const_iterator@V?$_Vector_val@EV?$allocator@E@std@@@std@@@std@@@?$vector@EV?$allocator@E@std@@@std@@IAEPAEV?$_Vector_const_iterator@V?$_Vector_val@EV?$allocator@E@std@@@std@@@1@0PAE@Z 0040a520 f i LanbeProtocol.obj
 0001:00009550       ?prepareCmd@CLanbeProtocol@@QAEHEAAV?$vector@EV?$allocator@E@std@@@std@@0@Z 0040a550 f   LanbeProtocol.obj
 0001:00009690       ?sendAuthData@CLanbeProtocol@@QAEHAAV?$vector@EV?$allocator@E@std@@@std@@@Z 0040a690 f   LanbeProtocol.obj
 0001:00009740       ?getKeyboardState@CLanbeProtocol@@QAEHAAV?$vector@EV?$allocator@E@std@@@std@@@Z 0040a740 f   LanbeProtocol.obj
 0001:000097f0       ?setBaudrate@CLanbeProtocol@@QAEHEAAV?$vector@EV?$allocator@E@std@@@std@@@Z 0040a7f0 f   LanbeProtocol.obj
 0001:000098b0       ?getBaudrate@CLanbeProtocol@@QAEHAAV?$vector@EV?$allocator@E@std@@@std@@@Z 0040a8b0 f   LanbeProtocol.obj
 0001:00009960       ?grabCom@CLanbeProtocol@@QAEHAAV?$vector@EV?$allocator@E@std@@@std@@@Z 0040a960 f   LanbeProtocol.obj
 0001:00009a10       ?answerGrabCom@CLanbeProtocol@@QAEHAAV?$vector@EV?$allocator@E@std@@@std@@@Z 0040aa10 f   LanbeProtocol.obj
 0001:00009ac0       ?confirmGrabCom@CLanbeProtocol@@QAEHAAV?$vector@EV?$allocator@E@std@@@std@@@Z 0040aac0 f   LanbeProtocol.obj
 0001:00009b70       ?queryComData@CLanbeProtocol@@QAEHAAV?$vector@EV?$allocator@E@std@@@std@@@Z 0040ab70 f   LanbeProtocol.obj
 0001:00009c20       ??0?$vector@EV?$allocator@E@std@@@std@@QAE@ABV01@@Z 0040ac20 f i LanbeProtocol.obj
 0001:00009d10       ?sendData@CLanbeProtocol@@QAEHAAV?$vector@EV?$allocator@E@std@@@std@@0@Z 0040ad10 f   LanbeProtocol.obj
 0001:00009da0       ?sendUserID@CLanbeProtocol@@QAEHAAV?$vector@EV?$allocator@E@std@@@std@@0@Z 0040ada0 f   LanbeProtocol.obj
 0001:00009e30       ??Econst_iterator@?$QList@VQString@@@@QAEAAV01@XZ 0040ae30 f i main.obj
 0001:00009e40       ??9const_iterator@?$QList@VQString@@@@QBE_NABV01@@Z 0040ae40 f i main.obj
 0001:00009e60       ?t@Node@?$QList@VQString@@@@QAEAAVQString@@XZ 0040ae60 f i main.obj
 0001:00009e70       ?get_allocator@?$basic_string@DU?$char_traits@D@std@@V?$allocator@D@2@@std@@QBE?AV?$allocator@D@2@XZ 0040ae70 f i main.obj
 0001:00009e80       ??$qForeachPointer@VQStringList@@@@YAPAVQStringList@@ABV0@@Z 0040ae80 f i main.obj
 0001:00009e90       ??$qForeachContainer@VQStringList@@@@YAPBV?$QForeachContainer@VQStringList@@@@PBUQForeachContainerBase@@PBVQStringList@@@Z 0040ae90 f i main.obj
 0001:00009ea0       ??$forward@V?$basic_string@DU?$char_traits@D@std@@V?$allocator@D@2@@std@@@std@@YA$$QAV?$basic_string@DU?$char_traits@D@std@@V?$allocator@D@2@@0@AAV10@@Z 0040aea0 f i main.obj
 0001:00009eb0       ??0const_iterator@?$QList@VQString@@@@QAE@PAUNode@1@@Z 0040aeb0 f i main.obj
 0001:00009ed0       ??$?8DD@std@@YA_NABV?$allocator@D@0@0@Z 0040aed0 f i main.obj
 0001:00009ee0       ?condition@?$QForeachContainer@VQStringList@@@@QBE_NXZ 0040aee0 f i main.obj
 0001:00009f10       ??Dconst_iterator@?$QList@VQString@@@@QBEABVQString@@XZ 0040af10 f i main.obj
 0001:00009f20       ??$?9DD@std@@YA_NABV?$allocator@D@0@0@Z 0040af20 f i main.obj
 0001:00009f30       ?begin@?$QList@VQString@@@@QBE?AVconst_iterator@1@XZ 0040af30 f i main.obj
 0001:00009f50       ?end@?$QList@VQString@@@@QBE?AVconst_iterator@1@XZ 0040af50 f i main.obj
 0001:00009f70       ?node_copy@?$QList@VQString@@@@AAEXPAUNode@1@00@Z 0040af70 f i main.obj
 0001:0000a050       ?detach_helper@?$QList@VQString@@@@AAEXH@Z 0040b050 f i main.obj
 0001:0000a140       ??1?$QForeachContainer@VQStringList@@@@QAE@XZ 0040b140 f i main.obj
 0001:0000a160       ??0?$basic_string@DU?$char_traits@D@std@@V?$allocator@D@2@@std@@QAE@XZ 0040b160 f i main.obj
 0001:0000a180       ?detach_helper@?$QList@VQString@@@@AAEXXZ 0040b180 f i main.obj
 0001:0000a190       ??0?$QList@VQString@@@@QAE@ABV0@@Z 0040b190 f i main.obj
 0001:0000a1d0       ?assign@?$basic_string@DU?$char_traits@D@std@@V?$allocator@D@2@@std@@QAEAAV12@ABV12@@Z 0040b1d0 f i main.obj
 0001:0000a1f0       ??0QStringList@@QAE@ABV0@@Z 0040b1f0 f i main.obj
 0001:0000a230       ??4?$basic_string@DU?$char_traits@D@std@@V?$allocator@D@2@@std@@QAEAAV01@ABV01@@Z 0040b230 f i main.obj
 0001:0000a250       ??0?$QForeachContainer@VQStringList@@@@QAE@ABVQStringList@@@Z 0040b250 f i main.obj
 0001:0000a2c0       ?assign@?$basic_string@DU?$char_traits@D@std@@V?$allocator@D@2@@std@@QAEAAV12@$$QAV12@@Z 0040b2c0 f i main.obj
 0001:0000a360       ??$qForeachContainerNew@VQStringList@@@@YA?AV?$QForeachContainer@VQStringList@@@@ABVQStringList@@@Z 0040b360 f i main.obj
 0001:0000a3d0       ??4?$basic_string@DU?$char_traits@D@std@@V?$allocator@D@2@@std@@QAEAAV01@$$QAV01@@Z 0040b3d0 f i main.obj
 0001:0000a3e0       _main                      0040b3e0 f   main.obj
 0001:0000b410       ?find@?$char_traits@D@std@@SAPBDPBDIABD@Z 0040c410 f i utils.obj
 0001:0000b440       ??D?$_String_const_iterator@DU?$char_traits@D@std@@V?$allocator@D@2@@std@@QBEABDXZ 0040c440 f i utils.obj
 0001:0000b450       ??Y?$_String_const_iterator@DU?$char_traits@D@std@@V?$allocator@D@2@@std@@QAEAAV01@H@Z 0040c450 f i utils.obj
 0001:0000b470       ??0?$_String_const_iterator@DU?$char_traits@D@std@@V?$allocator@D@2@@std@@QAE@PBDPBU_Container_base0@1@@Z 0040c470 f i utils.obj
 0001:0000b490       ?_Compat@?$_String_const_iterator@DU?$char_traits@D@std@@V?$allocator@D@2@@std@@QBEXABV12@@Z 0040c490 f i utils.obj
 0001:0000b4a0       ??$_Move@AAPAU?$QVectorTypedData@D@@@std@@YA$$QAPAU?$QVectorTypedData@D@@AAPAU1@@Z 0040c4a0 f i utils.obj
 0001:0000b4b0       ?find_first_of@?$basic_string@DU?$char_traits@D@std@@V?$allocator@D@2@@std@@QBEIPBDII@Z 0040c4b0 f i utils.obj
 0001:0000b550       ?find_first_not_of@?$basic_string@DU?$char_traits@D@std@@V?$allocator@D@2@@std@@QBEIPBDII@Z 0040c550 f i utils.obj
 0001:0000b5e0       ?find_last_not_of@?$basic_string@DU?$char_traits@D@std@@V?$allocator@D@2@@std@@QBEIPBDII@Z 0040c5e0 f i utils.obj
 0001:0000b690       ??8?$_String_const_iterator@DU?$char_traits@D@std@@V?$allocator@D@2@@std@@QBE_NABV01@@Z 0040c690 f i utils.obj
 0001:0000b6b0       ??0?$_String_iterator@DU?$char_traits@D@std@@V?$allocator@D@2@@std@@QAE@PADPBU_Container_base0@1@@Z 0040c6b0 f i utils.obj
 0001:0000b6d0       ??$swap@PAU?$QVectorTypedData@D@@@std@@YAXAAPAU?$QVectorTypedData@D@@0@Z 0040c6d0 f i utils.obj
 0001:0000b6f0       ?begin@?$basic_string@DU?$char_traits@D@std@@V?$allocator@D@2@@std@@QAE?AV?$_String_iterator@DU?$char_traits@D@std@@V?$allocator@D@2@@2@XZ 0040c6f0 f i utils.obj
 0001:0000b710       ?end@?$basic_string@DU?$char_traits@D@std@@V?$allocator@D@2@@std@@QAE?AV?$_String_iterator@DU?$char_traits@D@std@@V?$allocator@D@2@@2@XZ 0040c710 f i utils.obj
 0001:0000b750       ?find_first_of@?$basic_string@DU?$char_traits@D@std@@V?$allocator@D@2@@std@@QBEIPBDI@Z 0040c750 f i utils.obj
 0001:0000b790       ?find_first_not_of@?$basic_string@DU?$char_traits@D@std@@V?$allocator@D@2@@std@@QBEIPBDI@Z 0040c790 f i utils.obj
 0001:0000b7d0       ?find_last_not_of@?$basic_string@DU?$char_traits@D@std@@V?$allocator@D@2@@std@@QBEIPBDI@Z 0040c7d0 f i utils.obj
 0001:0000b810       ??9?$_String_const_iterator@DU?$char_traits@D@std@@V?$allocator@D@2@@std@@QBE_NABV01@@Z 0040c810 f i utils.obj
 0001:0000b830       ??$qSwap@PAU?$QVectorTypedData@D@@@@YAXAAPAU?$QVectorTypedData@D@@0@Z 0040c830 f i utils.obj
 0001:0000b850       ?strTrim@@YAXAAV?$basic_string@DU?$char_traits@D@std@@V?$allocator@D@2@@std@@@Z 0040c850 f   utils.obj
 0001:0000b8a0       ?clear@?$vector@EV?$allocator@E@std@@@std@@QAEXXZ 0040c8a0 f i utils.obj
 0001:0000b8d0       ?reserve@?$QVector@D@@QAEXH@Z 0040c8d0 f i utils.obj
 0001:0000b910       ?append@?$QVector@D@@QAEXABD@Z 0040c910 f i utils.obj
 0001:0000b9a0       ?push_back@?$QVector@D@@QAEXABD@Z 0040c9a0 f i utils.obj
 0001:0000b9b0       ??0?$QVector@D@@QAE@ABV0@@Z 0040c9b0 f i utils.obj
 0001:0000ba00       ??4?$QVector@D@@QAE?AV0@$$QAV0@@Z 0040ca00 f i utils.obj
 0001:0000ba60       ?clear@?$QVector@D@@QAEXXZ 0040ca60 f i utils.obj
 0001:0000bb30       ?qbyte2StrA@@YAXPBEKAAV?$QVector@D@@@Z 0040cb30 f   utils.obj
 0001:0000bda0       ?str2byte@@YA_NPBDAAV?$vector@EV?$allocator@E@std@@@std@@@Z 0040cda0 f   utils.obj
 0001:0000c150       ?str2byteA@@YA_NPBDAAV?$vector@EV?$allocator@E@std@@@std@@@Z 0040d150 f   utils.obj
 0001:0000c4f4       ??1QString@@QAE@XZ         0040d4f4 f   QtCore4:QtCore4.dll
 0001:0000c4fa       ?append@QString@@QAEAAV1@ABV1@@Z 0040d4fa f   QtCore4:QtCore4.dll
 0001:0000c500       ??0QString@@QAE@ABV0@@Z    0040d500 f   QtCore4:QtCore4.dll
 0001:0000c506       ?free@QString@@CAXPAUData@1@@Z 0040d506 f   QtCore4:QtCore4.dll
 0001:0000c50c       ?translate@QCoreApplication@@SA?AVQString@@PBD00W4Encoding@1@@Z 0040d50c f   QtCore4:QtCore4.dll
 0001:0000c512       ?tr@QMetaObject@@QBE?AVQString@@PBD0@Z 0040d512 f   QtCore4:QtCore4.dll
 0001:0000c518       ?fromAscii_helper@QString@@CAPAUData@1@PBDH@Z 0040d518 f   QtCore4:QtCore4.dll
 0001:0000c51e       ?killTimer@QObject@@QAEXH@Z 0040d51e f   QtCore4:QtCore4.dll
 0001:0000c524       ?arg@QString@@QBE?AV1@ABV1@HABVQChar@@@Z 0040d524 f   QtCore4:QtCore4.dll
 0001:0000c52a       ?errorString@QIODevice@@QBE?AVQString@@XZ 0040d52a f   QtCore4:QtCore4.dll
 0001:0000c530       ??0QChar@@QAE@UQLatin1Char@@@Z 0040d530 f   QtCore4:QtCore4.dll
 0001:0000c536       ?free@QVectorData@@SAXPAU1@H@Z 0040d536 f   QtCore4:QtCore4.dll
 0001:0000c53c       ?qBadAlloc@@YAXXZ          0040d53c f   QtCore4:QtCore4.dll
 0001:0000c542       ?allocate@QVectorData@@SAPAU1@HH@Z 0040d542 f   QtCore4:QtCore4.dll
 0001:0000c548       ?connectSlotsByName@QMetaObject@@SAXPAVQObject@@@Z 0040d548 f   QtCore4:QtCore4.dll
 0001:0000c54e       ?connect@QObject@@SA_NPBV1@PBD01W4ConnectionType@Qt@@@Z 0040d54e f   QtCore4:QtCore4.dll
 0001:0000c554       ?setObjectName@QObject@@QAEXABVQString@@@Z 0040d554 f   QtCore4:QtCore4.dll
 0001:0000c55a       ?fromUtf8@QString@@SA?AV1@PBDH@Z 0040d55a f   QtCore4:QtCore4.dll
 0001:0000c560       ?objectName@QObject@@QBE?AVQString@@XZ 0040d560 f   QtCore4:QtCore4.dll
 0001:0000c566       ?event@QObject@@UAE_NPAVQEvent@@@Z 0040d566 f   QtCore4:QtCore4.dll
 0001:0000c56c       ?eventFilter@QObject@@UAE_NPAV1@PAVQEvent@@@Z 0040d56c f   QtCore4:QtCore4.dll
 0001:0000c572       ?timerEvent@QObject@@MAEXPAVQTimerEvent@@@Z 0040d572 f   QtCore4:QtCore4.dll
 0001:0000c578       ?customEvent@QObject@@MAEXPAVQEvent@@@Z 0040d578 f   QtCore4:QtCore4.dll
 0001:0000c57e       ?connectNotify@QObject@@MAEXPBD@Z 0040d57e f   QtCore4:QtCore4.dll
 0001:0000c584       ?disconnectNotify@QObject@@MAEXPBD@Z 0040d584 f   QtCore4:QtCore4.dll
 0001:0000c58a       ?childEvent@QObject@@MAEXPAVQChildEvent@@@Z 0040d58a f   QtCore4:QtCore4.dll
 0001:0000c590       ?qFree@@YAXPAX@Z           0040d590 f   QtCore4:QtCore4.dll
 0001:0000c596       ?qMemSet@@YAPAXPAXHI@Z     0040d596 f   QtCore4:QtCore4.dll
 0001:0000c59c       ?reallocate@QVectorData@@SAPAU1@PAU1@HHH@Z 0040d59c f   QtCore4:QtCore4.dll
 0001:0000c5a2       ??4QString@@QAEAAV0@ABV0@@Z 0040d5a2 f   QtCore4:QtCore4.dll
 0001:0000c5a8       ?toInt@QString@@QBEHPA_NH@Z 0040d5a8 f   QtCore4:QtCore4.dll
 0001:0000c5ae       ??1QVariant@@QAE@XZ        0040d5ae f   QtCore4:QtCore4.dll
 0001:0000c5b4       ?number@QString@@SA?AV1@HH@Z 0040d5b4 f   QtCore4:QtCore4.dll
 0001:0000c5ba       ??0QVariant@@QAE@XZ        0040d5ba f   QtCore4:QtCore4.dll
 0001:0000c5c0       ?open@QIODevice@@UAE_NV?$QFlags@W4OpenModeFlag@QIODevice@@@@@Z 0040d5c0 f   QtCore4:QtCore4.dll
 0001:0000c5c6       ?pos@QIODevice@@UBE_JXZ    0040d5c6 f   QtCore4:QtCore4.dll
 0001:0000c5cc       ?size@QIODevice@@UBE_JXZ   0040d5cc f   QtCore4:QtCore4.dll
 0001:0000c5d2       ?seek@QIODevice@@UAE_N_J@Z 0040d5d2 f   QtCore4:QtCore4.dll
 0001:0000c5d8       ?reset@QIODevice@@UAE_NXZ  0040d5d8 f   QtCore4:QtCore4.dll
 0001:0000c5de       ?write@QIODevice@@QAE_JPBD_J@Z 0040d5de f   QtCore4:QtCore4.dll
 0001:0000c5e4       ?toStdString@QString@@QBE?AV?$basic_string@DU?$char_traits@D@std@@V?$allocator@D@2@@std@@XZ 0040d5e4 f   QtCore4:QtCore4.dll
 0001:0000c5ea       ?remove@QString@@QAEAAV1@ABV1@W4CaseSensitivity@Qt@@@Z 0040d5ea f   QtCore4:QtCore4.dll
 0001:0000c5f0       ?start@QElapsedTimer@@QAEXXZ 0040d5f0 f   QtCore4:QtCore4.dll
 0001:0000c5f6       ?processEvents@QCoreApplication@@SAXV?$QFlags@W4ProcessEventsFlag@QEventLoop@@@@@Z 0040d5f6 f   QtCore4:QtCore4.dll
 0001:0000c5fc       ?elapsed@QElapsedTimer@@QBE_JXZ 0040d5fc f   QtCore4:QtCore4.dll
 0001:0000c602       ??1QByteArray@@QAE@XZ      0040d602 f   QtCore4:QtCore4.dll
 0001:0000c608       ?startTimer@QObject@@QAEHH@Z 0040d608 f   QtCore4:QtCore4.dll
 0001:0000c60e       ?toUnicode@QTextCodec@@QBE?AVQString@@PBD@Z 0040d60e f   QtCore4:QtCore4.dll
 0001:0000c614       ?codecForMib@QTextCodec@@SAPAV1@H@Z 0040d614 f   QtCore4:QtCore4.dll
 0001:0000c61a       ??4QString@@QAEAAV0@$$QAV0@@Z 0040d61a f   QtCore4:QtCore4.dll
 0001:0000c620       ??AQByteArray@@QAE?AVQByteRef@@H@Z 0040d620 f   QtCore4:QtCore4.dll
 0001:0000c626       ?detach@QByteArray@@QAEXXZ 0040d626 f   QtCore4:QtCore4.dll
 0001:0000c62c       ?readAll@QIODevice@@QAE?AVQByteArray@@XZ 0040d62c f   QtCore4:QtCore4.dll
 0001:0000c632       ?detach@QListData@@QAEPAUData@1@H@Z 0040d632 f   QtCore4:QtCore4.dll
 0001:0000c638       ?right@QString@@QBE?AV1@H@Z 0040d638 f   QtCore4:QtCore4.dll
 0001:0000c63e       ?startsWith@QString@@QBE_NABV1@W4CaseSensitivity@Qt@@@Z 0040d63e f   QtCore4:QtCore4.dll
 0001:0000c644       ?split@QString@@QBE?AVQStringList@@ABV1@W4SplitBehavior@1@W4CaseSensitivity@Qt@@@Z 0040d644 f   QtCore4:QtCore4.dll
 0001:0000c64a       ?mid@QString@@QBE?AV1@HH@Z 0040d64a f   QtCore4:QtCore4.dll
 0001:0000c650       ?lastIndexOf@QString@@QBEHABV1@HW4CaseSensitivity@Qt@@@Z 0040d650 f   QtCore4:QtCore4.dll
 0001:0000c656       ?indexOf@QString@@QBEHABV1@HW4CaseSensitivity@Qt@@@Z 0040d656 f   QtCore4:QtCore4.dll
 0001:0000c65c       ?setCodecForLocale@QTextCodec@@SAXPAV1@@Z 0040d65c f   QtCore4:QtCore4.dll
 0001:0000c662       ?codecForLocale@QTextCodec@@SAPAV1@XZ 0040d662 f   QtCore4:QtCore4.dll
 0001:0000c668       ?codecForName@QTextCodec@@SAPAV1@PBD@Z 0040d668 f   QtCore4:QtCore4.dll
 0001:0000c66e       ?grow@QVectorData@@SAHHHH_N@Z 0040d66e f   QtCore4:QtCore4.dll
 0001:0000c674       ?setText@QLabel@@QAEXABVQString@@@Z 0040d674 f   QtGui4:QtGui4.dll
 0001:0000c67a       ?setText@QAbstractButton@@QAEXABVQString@@@Z 0040d67a f   QtGui4:QtGui4.dll
 0001:0000c680       ?setWindowTitle@QWidget@@QAEXABVQString@@@Z 0040d680 f   QtGui4:QtGui4.dll
 0001:0000c686       ?setText@QTextEdit@@QAEXABVQString@@@Z 0040d686 f   QtGui4:QtGui4.dll
 0001:0000c68c       ?append@QTextEdit@@QAEXABVQString@@@Z 0040d68c f   QtGui4:QtGui4.dll
 0001:0000c692       ?addWidget@QBoxLayout@@QAEXPAVQWidget@@HV?$QFlags@W4AlignmentFlag@Qt@@@@@Z 0040d692 f   QtGui4:QtGui4.dll
 0001:0000c698       ?addLayout@QBoxLayout@@QAEXPAVQLayout@@H@Z 0040d698 f   QtGui4:QtGui4.dll
 0001:0000c69e       ?setEditable@QComboBox@@QAEX_N@Z 0040d69e f   QtGui4:QtGui4.dll
 0001:0000c6a4       ??0QComboBox@@QAE@PAVQWidget@@@Z 0040d6a4 f   QtGui4:QtGui4.dll
 0001:0000c6aa       ?setMaximumSize@QWidget@@QAEXHH@Z 0040d6aa f   QtGui4:QtGui4.dll
 0001:0000c6b0       ?setMinimumSize@QWidget@@QAEXHH@Z 0040d6b0 f   QtGui4:QtGui4.dll
 0001:0000c6b6       ??0QTextEdit@@QAE@PAVQWidget@@@Z 0040d6b6 f   QtGui4:QtGui4.dll
 0001:0000c6bc       ??0QLabel@@QAE@PAVQWidget@@V?$QFlags@W4WindowType@Qt@@@@@Z 0040d6bc f   QtGui4:QtGui4.dll
 0001:0000c6c2       ?addButton@QButtonGroup@@QAEXPAVQAbstractButton@@@Z 0040d6c2 f   QtGui4:QtGui4.dll
 0001:0000c6c8       ??0QButtonGroup@@QAE@PAVQObject@@@Z 0040d6c8 f   QtGui4:QtGui4.dll
 0001:0000c6ce       ??0QRadioButton@@QAE@PAVQWidget@@@Z 0040d6ce f   QtGui4:QtGui4.dll
 0001:0000c6d4       ?addWidget@QGridLayout@@QAEXPAVQWidget@@HHHHV?$QFlags@W4AlignmentFlag@Qt@@@@@Z 0040d6d4 f   QtGui4:QtGui4.dll
 0001:0000c6da       ??0QPushButton@@QAE@PAVQWidget@@@Z 0040d6da f   QtGui4:QtGui4.dll
 0001:0000c6e0       ?setSpacing@QGridLayout@@QAEXH@Z 0040d6e0 f   QtGui4:QtGui4.dll
 0001:0000c6e6       ??0QGridLayout@@QAE@XZ     0040d6e6 f   QtGui4:QtGui4.dll
 0001:0000c6ec       ?setSizeConstraint@QLayout@@QAEXW4SizeConstraint@1@@Z 0040d6ec f   QtGui4:QtGui4.dll
 0001:0000c6f2       ??0QVBoxLayout@@QAE@XZ     0040d6f2 f   QtGui4:QtGui4.dll
 0001:0000c6f8       ?setContentsMargins@QLayout@@QAEXHHHH@Z 0040d6f8 f   QtGui4:QtGui4.dll
 0001:0000c6fe       ?setSpacing@QBoxLayout@@QAEXH@Z 0040d6fe f   QtGui4:QtGui4.dll
 0001:0000c704       ??0QVBoxLayout@@QAE@PAVQWidget@@@Z 0040d704 f   QtGui4:QtGui4.dll
 0001:0000c70a       ?setSizePolicy@QWidget@@QAEXVQSizePolicy@@@Z 0040d70a f   QtGui4:QtGui4.dll
 0001:0000c710       ?sizePolicy@QWidget@@QBE?AVQSizePolicy@@XZ 0040d710 f   QtGui4:QtGui4.dll
 0001:0000c716       ?resize@QWidget@@QAEXABVQSize@@@Z 0040d716 f   QtGui4:QtGui4.dll
 0001:0000c71c       ?metaObject@QVBoxLayout@@UBEPBUQMetaObject@@XZ 0040d71c f   QtGui4:QtGui4.dll
 0001:0000c722       ?qt_metacast@QVBoxLayout@@UAEPAXPBD@Z 0040d722 f   QtGui4:QtGui4.dll
 0001:0000c728       ?qt_metacall@QVBoxLayout@@UAEHW4Call@QMetaObject@@HPAPAX@Z 0040d728 f   QtGui4:QtGui4.dll
 0001:0000c72e       ?childEvent@QLayout@@MAEXPAVQChildEvent@@@Z 0040d72e f   QtGui4:QtGui4.dll
 0001:0000c734       ?addItem@QBoxLayout@@UAEXPAVQLayoutItem@@@Z 0040d734 f   QtGui4:QtGui4.dll
 0001:0000c73a       ?itemAt@QBoxLayout@@UBEPAVQLayoutItem@@H@Z 0040d73a f   QtGui4:QtGui4.dll
 0001:0000c740       ?takeAt@QBoxLayout@@UAEPAVQLayoutItem@@H@Z 0040d740 f   QtGui4:QtGui4.dll
 0001:0000c746       ?indexOf@QLayout@@UBEHPAVQWidget@@@Z 0040d746 f   QtGui4:QtGui4.dll
 0001:0000c74c       ?count@QBoxLayout@@UBEHXZ  0040d74c f   QtGui4:QtGui4.dll
 0001:0000c752       ?sizeHint@QBoxLayout@@UBE?AVQSize@@XZ 0040d752 f   QtGui4:QtGui4.dll
 0001:0000c758       ?minimumSize@QBoxLayout@@UBE?AVQSize@@XZ 0040d758 f   QtGui4:QtGui4.dll
 0001:0000c75e       ?maximumSize@QBoxLayout@@UBE?AVQSize@@XZ 0040d75e f   QtGui4:QtGui4.dll
 0001:0000c764       ?expandingDirections@QBoxLayout@@UBE?AV?$QFlags@W4Orientation@Qt@@@@XZ 0040d764 f   QtGui4:QtGui4.dll
 0001:0000c76a       ?setGeometry@QBoxLayout@@UAEXABVQRect@@@Z 0040d76a f   QtGui4:QtGui4.dll
 0001:0000c770       ?geometry@QLayout@@UBE?AVQRect@@XZ 0040d770 f   QtGui4:QtGui4.dll
 0001:0000c776       ?isEmpty@QLayout@@UBE_NXZ  0040d776 f   QtGui4:QtGui4.dll
 0001:0000c77c       ?hasHeightForWidth@QBoxLayout@@UBE_NXZ 0040d77c f   QtGui4:QtGui4.dll
 0001:0000c782       ?heightForWidth@QBoxLayout@@UBEHH@Z 0040d782 f   QtGui4:QtGui4.dll
 0001:0000c788       ?minimumHeightForWidth@QBoxLayout@@UBEHH@Z 0040d788 f   QtGui4:QtGui4.dll
 0001:0000c78e       ?invalidate@QBoxLayout@@UAEXXZ 0040d78e f   QtGui4:QtGui4.dll
 0001:0000c794       ?widget@QLayoutItem@@UAEPAVQWidget@@XZ 0040d794 f   QtGui4:QtGui4.dll
 0001:0000c79a       ?layout@QLayout@@UAEPAV1@XZ 0040d79a f   QtGui4:QtGui4.dll
 0001:0000c7a0       ?spacerItem@QLayoutItem@@UAEPAVQSpacerItem@@XZ 0040d7a0 f   QtGui4:QtGui4.dll
 0001:0000c7a6       ?metaObject@QGridLayout@@UBEPBUQMetaObject@@XZ 0040d7a6 f   QtGui4:QtGui4.dll
 0001:0000c7ac       ?qt_metacast@QGridLayout@@UAEPAXPBD@Z 0040d7ac f   QtGui4:QtGui4.dll
 0001:0000c7b2       ?qt_metacall@QGridLayout@@UAEHW4Call@QMetaObject@@HPAPAX@Z 0040d7b2 f   QtGui4:QtGui4.dll
 0001:0000c7b8       ?addItem@QGridLayout@@MAEXPAVQLayoutItem@@@Z 0040d7b8 f   QtGui4:QtGui4.dll
 0001:0000c7be       ?itemAt@QGridLayout@@UBEPAVQLayoutItem@@H@Z 0040d7be f   QtGui4:QtGui4.dll
 0001:0000c7c4       ?takeAt@QGridLayout@@UAEPAVQLayoutItem@@H@Z 0040d7c4 f   QtGui4:QtGui4.dll
 0001:0000c7ca       ?count@QGridLayout@@UBEHXZ 0040d7ca f   QtGui4:QtGui4.dll
 0001:0000c7d0       ?sizeHint@QGridLayout@@UBE?AVQSize@@XZ 0040d7d0 f   QtGui4:QtGui4.dll
 0001:0000c7d6       ?minimumSize@QGridLayout@@UBE?AVQSize@@XZ 0040d7d6 f   QtGui4:QtGui4.dll
 0001:0000c7dc       ?maximumSize@QGridLayout@@UBE?AVQSize@@XZ 0040d7dc f   QtGui4:QtGui4.dll
 0001:0000c7e2       ?expandingDirections@QGridLayout@@UBE?AV?$QFlags@W4Orientation@Qt@@@@XZ 0040d7e2 f   QtGui4:QtGui4.dll
 0001:0000c7e8       ?setGeometry@QGridLayout@@UAEXABVQRect@@@Z 0040d7e8 f   QtGui4:QtGui4.dll
 0001:0000c7ee       ?hasHeightForWidth@QGridLayout@@UBE_NXZ 0040d7ee f   QtGui4:QtGui4.dll
 0001:0000c7f4       ?heightForWidth@QGridLayout@@UBEHH@Z 0040d7f4 f   QtGui4:QtGui4.dll
 0001:0000c7fa       ?minimumHeightForWidth@QGridLayout@@UBEHH@Z 0040d7fa f   QtGui4:QtGui4.dll
 0001:0000c800       ?invalidate@QGridLayout@@UAEXXZ 0040d800 f   QtGui4:QtGui4.dll
 0001:0000c806       ?metaObject@QPushButton@@UBEPBUQMetaObject@@XZ 0040d806 f   QtGui4:QtGui4.dll
 0001:0000c80c       ?qt_metacast@QPushButton@@UAEPAXPBD@Z 0040d80c f   QtGui4:QtGui4.dll
 0001:0000c812       ?qt_metacall@QPushButton@@UAEHW4Call@QMetaObject@@HPAPAX@Z 0040d812 f   QtGui4:QtGui4.dll
 0001:0000c818       ?event@QPushButton@@MAE_NPAVQEvent@@@Z 0040d818 f   QtGui4:QtGui4.dll
 0001:0000c81e       ?timerEvent@QAbstractButton@@MAEXPAVQTimerEvent@@@Z 0040d81e f   QtGui4:QtGui4.dll
 0001:0000c824       ?setVisible@QWidget@@UAEX_N@Z 0040d824 f   QtGui4:QtGui4.dll
 0001:0000c82a       ?sizeHint@QPushButton@@UBE?AVQSize@@XZ 0040d82a f   QtGui4:QtGui4.dll
 0001:0000c830       ?minimumSizeHint@QPushButton@@UBE?AVQSize@@XZ 0040d830 f   QtGui4:QtGui4.dll
 0001:0000c836       ?heightForWidth@QWidget@@UBEHH@Z 0040d836 f   QtGui4:QtGui4.dll
 0001:0000c83c       ?mousePressEvent@QAbstractButton@@MAEXPAVQMouseEvent@@@Z 0040d83c f   QtGui4:QtGui4.dll
 0001:0000c842       ?mouseReleaseEvent@QAbstractButton@@MAEXPAVQMouseEvent@@@Z 0040d842 f   QtGui4:QtGui4.dll
 0001:0000c848       ?mouseDoubleClickEvent@QWidget@@MAEXPAVQMouseEvent@@@Z 0040d848 f   QtGui4:QtGui4.dll
 0001:0000c84e       ?mouseMoveEvent@QAbstractButton@@MAEXPAVQMouseEvent@@@Z 0040d84e f   QtGui4:QtGui4.dll
 0001:0000c854       ?wheelEvent@QWidget@@MAEXPAVQWheelEvent@@@Z 0040d854 f   QtGui4:QtGui4.dll
 0001:0000c85a       ?keyPressEvent@QPushButton@@MAEXPAVQKeyEvent@@@Z 0040d85a f   QtGui4:QtGui4.dll
 0001:0000c860       ?keyReleaseEvent@QAbstractButton@@MAEXPAVQKeyEvent@@@Z 0040d860 f   QtGui4:QtGui4.dll
 0001:0000c866       ?focusInEvent@QPushButton@@MAEXPAVQFocusEvent@@@Z 0040d866 f   QtGui4:QtGui4.dll
 0001:0000c86c       ?focusOutEvent@QPushButton@@MAEXPAVQFocusEvent@@@Z 0040d86c f   QtGui4:QtGui4.dll
 0001:0000c872       ?enterEvent@QWidget@@MAEXPAVQEvent@@@Z 0040d872 f   QtGui4:QtGui4.dll
 0001:0000c878       ?leaveEvent@QWidget@@MAEXPAVQEvent@@@Z 0040d878 f   QtGui4:QtGui4.dll
 0001:0000c87e       ?paintEvent@QPushButton@@MAEXPAVQPaintEvent@@@Z 0040d87e f   QtGui4:QtGui4.dll
 0001:0000c884       ?moveEvent@QWidget@@MAEXPAVQMoveEvent@@@Z 0040d884 f   QtGui4:QtGui4.dll
 0001:0000c88a       ?resizeEvent@QWidget@@MAEXPAVQResizeEvent@@@Z 0040d88a f   QtGui4:QtGui4.dll
 0001:0000c890       ?closeEvent@QWidget@@MAEXPAVQCloseEvent@@@Z 0040d890 f   QtGui4:QtGui4.dll
 0001:0000c896       ?contextMenuEvent@QWidget@@MAEXPAVQContextMenuEvent@@@Z 0040d896 f   QtGui4:QtGui4.dll
 0001:0000c89c       ?tabletEvent@QWidget@@MAEXPAVQTabletEvent@@@Z 0040d89c f   QtGui4:QtGui4.dll
 0001:0000c8a2       ?actionEvent@QWidget@@MAEXPAVQActionEvent@@@Z 0040d8a2 f   QtGui4:QtGui4.dll
 0001:0000c8a8       ?dragEnterEvent@QWidget@@MAEXPAVQDragEnterEvent@@@Z 0040d8a8 f   QtGui4:QtGui4.dll
 0001:0000c8ae       ?dragMoveEvent@QWidget@@MAEXPAVQDragMoveEvent@@@Z 0040d8ae f   QtGui4:QtGui4.dll
 0001:0000c8b4       ?dragLeaveEvent@QWidget@@MAEXPAVQDragLeaveEvent@@@Z 0040d8b4 f   QtGui4:QtGui4.dll
 0001:0000c8ba       ?dropEvent@QWidget@@MAEXPAVQDropEvent@@@Z 0040d8ba f   QtGui4:QtGui4.dll
 0001:0000c8c0       ?showEvent@QWidget@@MAEXPAVQShowEvent@@@Z 0040d8c0 f   QtGui4:QtGui4.dll
 0001:0000c8c6       ?hideEvent@QWidget@@MAEXPAVQHideEvent@@@Z 0040d8c6 f   QtGui4:QtGui4.dll
 0001:0000c8cc       ?winEvent@QWidget@@MAE_NPAUtagMSG@@PAJ@Z 0040d8cc f   QtGui4:QtGui4.dll
 0001:0000c8d2       ?changeEvent@QAbstractButton@@MAEXPAVQEvent@@@Z 0040d8d2 f   QtGui4:QtGui4.dll
 0001:0000c8d8       ?inputMethodEvent@QWidget@@MAEXPAVQInputMethodEvent@@@Z 0040d8d8 f   QtGui4:QtGui4.dll
 0001:0000c8de       ?inputMethodQuery@QWidget@@UBE?AVQVariant@@W4InputMethodQuery@Qt@@@Z 0040d8de f   QtGui4:QtGui4.dll
 0001:0000c8e4       ?focusNextPrevChild@QWidget@@MAE_N_N@Z 0040d8e4 f   QtGui4:QtGui4.dll
 0001:0000c8ea       ?styleChange@QWidget@@MAEXAAVQStyle@@@Z 0040d8ea f   QtGui4:QtGui4.dll
 0001:0000c8f0       ?enabledChange@QWidget@@MAEX_N@Z 0040d8f0 f   QtGui4:QtGui4.dll
 0001:0000c8f6       ?paletteChange@QWidget@@MAEXABVQPalette@@@Z 0040d8f6 f   QtGui4:QtGui4.dll
 0001:0000c8fc       ?fontChange@QWidget@@MAEXABVQFont@@@Z 0040d8fc f   QtGui4:QtGui4.dll
 0001:0000c902       ?windowActivationChange@QWidget@@MAEX_N@Z 0040d902 f   QtGui4:QtGui4.dll
 0001:0000c908       ?languageChange@QWidget@@MAEXXZ 0040d908 f   QtGui4:QtGui4.dll
 0001:0000c90e       ?hitButton@QAbstractButton@@MBE_NABVQPoint@@@Z 0040d90e f   QtGui4:QtGui4.dll
 0001:0000c914       ?checkStateSet@QAbstractButton@@MAEXXZ 0040d914 f   QtGui4:QtGui4.dll
 0001:0000c91a       ?nextCheckState@QAbstractButton@@MAEXXZ 0040d91a f   QtGui4:QtGui4.dll
 0001:0000c920       ?devType@QWidget@@UBEHXZ   0040d920 f   QtGui4:QtGui4.dll
 0001:0000c926       ?paintEngine@QWidget@@UBEPAVQPaintEngine@@XZ 0040d926 f   QtGui4:QtGui4.dll
 0001:0000c92c       ?getDC@QWidget@@UBEPAUHDC__@@XZ 0040d92c f   QtGui4:QtGui4.dll
 0001:0000c932       ?releaseDC@QWidget@@UBEXPAUHDC__@@@Z 0040d932 f   QtGui4:QtGui4.dll
 0001:0000c938       ?metric@QWidget@@MBEHW4PaintDeviceMetric@QPaintDevice@@@Z 0040d938 f   QtGui4:QtGui4.dll
 0001:0000c93e       ?metaObject@QRadioButton@@UBEPBUQMetaObject@@XZ 0040d93e f   QtGui4:QtGui4.dll
 0001:0000c944       ?qt_metacast@QRadioButton@@UAEPAXPBD@Z 0040d944 f   QtGui4:QtGui4.dll
 0001:0000c94a       ?qt_metacall@QRadioButton@@UAEHW4Call@QMetaObject@@HPAPAX@Z 0040d94a f   QtGui4:QtGui4.dll
 0001:0000c950       ?event@QRadioButton@@MAE_NPAVQEvent@@@Z 0040d950 f   QtGui4:QtGui4.dll
 0001:0000c956       ?sizeHint@QRadioButton@@UBE?AVQSize@@XZ 0040d956 f   QtGui4:QtGui4.dll
 0001:0000c95c       ?minimumSizeHint@QRadioButton@@UBE?AVQSize@@XZ 0040d95c f   QtGui4:QtGui4.dll
 0001:0000c962       ?mouseMoveEvent@QRadioButton@@MAEXPAVQMouseEvent@@@Z 0040d962 f   QtGui4:QtGui4.dll
 0001:0000c968       ?keyPressEvent@QAbstractButton@@MAEXPAVQKeyEvent@@@Z 0040d968 f   QtGui4:QtGui4.dll
 0001:0000c96e       ?focusInEvent@QAbstractButton@@MAEXPAVQFocusEvent@@@Z 0040d96e f   QtGui4:QtGui4.dll
 0001:0000c974       ?focusOutEvent@QAbstractButton@@MAEXPAVQFocusEvent@@@Z 0040d974 f   QtGui4:QtGui4.dll
 0001:0000c97a       ?paintEvent@QRadioButton@@MAEXPAVQPaintEvent@@@Z 0040d97a f   QtGui4:QtGui4.dll
 0001:0000c980       ?hitButton@QRadioButton@@MBE_NABVQPoint@@@Z 0040d980 f   QtGui4:QtGui4.dll
 0001:0000c986       ?metaObject@QButtonGroup@@UBEPBUQMetaObject@@XZ 0040d986 f   QtGui4:QtGui4.dll
 0001:0000c98c       ?qt_metacast@QButtonGroup@@UAEPAXPBD@Z 0040d98c f   QtGui4:QtGui4.dll
 0001:0000c992       ?qt_metacall@QButtonGroup@@UAEHW4Call@QMetaObject@@HPAPAX@Z 0040d992 f   QtGui4:QtGui4.dll
 0001:0000c998       ?metaObject@QLabel@@UBEPBUQMetaObject@@XZ 0040d998 f   QtGui4:QtGui4.dll
 0001:0000c99e       ?qt_metacast@QLabel@@UAEPAXPBD@Z 0040d99e f   QtGui4:QtGui4.dll
 0001:0000c9a4       ?qt_metacall@QLabel@@UAEHW4Call@QMetaObject@@HPAPAX@Z 0040d9a4 f   QtGui4:QtGui4.dll
 0001:0000c9aa       ?event@QLabel@@MAE_NPAVQEvent@@@Z 0040d9aa f   QtGui4:QtGui4.dll
 0001:0000c9b0       ?sizeHint@QLabel@@UBE?AVQSize@@XZ 0040d9b0 f   QtGui4:QtGui4.dll
 0001:0000c9b6       ?minimumSizeHint@QLabel@@UBE?AVQSize@@XZ 0040d9b6 f   QtGui4:QtGui4.dll
 0001:0000c9bc       ?heightForWidth@QLabel@@UBEHH@Z 0040d9bc f   QtGui4:QtGui4.dll
 0001:0000c9c2       ?mousePressEvent@QLabel@@MAEXPAVQMouseEvent@@@Z 0040d9c2 f   QtGui4:QtGui4.dll
 0001:0000c9c8       ?mouseReleaseEvent@QLabel@@MAEXPAVQMouseEvent@@@Z 0040d9c8 f   QtGui4:QtGui4.dll
 0001:0000c9ce       ?mouseMoveEvent@QLabel@@MAEXPAVQMouseEvent@@@Z 0040d9ce f   QtGui4:QtGui4.dll
 0001:0000c9d4       ?keyPressEvent@QLabel@@MAEXPAVQKeyEvent@@@Z 0040d9d4 f   QtGui4:QtGui4.dll
 0001:0000c9da       ?keyReleaseEvent@QWidget@@MAEXPAVQKeyEvent@@@Z 0040d9da f   QtGui4:QtGui4.dll
 0001:0000c9e0       ?focusInEvent@QLabel@@MAEXPAVQFocusEvent@@@Z 0040d9e0 f   QtGui4:QtGui4.dll
 0001:0000c9e6       ?focusOutEvent@QLabel@@MAEXPAVQFocusEvent@@@Z 0040d9e6 f   QtGui4:QtGui4.dll
 0001:0000c9ec       ?paintEvent@QLabel@@MAEXPAVQPaintEvent@@@Z 0040d9ec f   QtGui4:QtGui4.dll
 0001:0000c9f2       ?contextMenuEvent@QLabel@@MAEXPAVQContextMenuEvent@@@Z 0040d9f2 f   QtGui4:QtGui4.dll
 0001:0000c9f8       ?changeEvent@QLabel@@MAEXPAVQEvent@@@Z 0040d9f8 f   QtGui4:QtGui4.dll
 0001:0000c9fe       ?focusNextPrevChild@QLabel@@MAE_N_N@Z 0040d9fe f   QtGui4:QtGui4.dll
 0001:0000ca04       ?metaObject@QTextEdit@@UBEPBUQMetaObject@@XZ 0040da04 f   QtGui4:QtGui4.dll
 0001:0000ca0a       ?qt_metacast@QTextEdit@@UAEPAXPBD@Z 0040da0a f   QtGui4:QtGui4.dll
 0001:0000ca10       ?qt_metacall@QTextEdit@@UAEHW4Call@QMetaObject@@HPAPAX@Z 0040da10 f   QtGui4:QtGui4.dll
 0001:0000ca16       ?event@QTextEdit@@MAE_NPAVQEvent@@@Z 0040da16 f   QtGui4:QtGui4.dll
 0001:0000ca1c       ?timerEvent@QTextEdit@@MAEXPAVQTimerEvent@@@Z 0040da1c f   QtGui4:QtGui4.dll
 0001:0000ca22       ?sizeHint@QAbstractScrollArea@@UBE?AVQSize@@XZ 0040da22 f   QtGui4:QtGui4.dll
 0001:0000ca28       ?minimumSizeHint@QAbstractScrollArea@@UBE?AVQSize@@XZ 0040da28 f   QtGui4:QtGui4.dll
 0001:0000ca2e       ?mousePressEvent@QTextEdit@@MAEXPAVQMouseEvent@@@Z 0040da2e f   QtGui4:QtGui4.dll
 0001:0000ca34       ?mouseReleaseEvent@QTextEdit@@MAEXPAVQMouseEvent@@@Z 0040da34 f   QtGui4:QtGui4.dll
 0001:0000ca3a       ?mouseDoubleClickEvent@QTextEdit@@MAEXPAVQMouseEvent@@@Z 0040da3a f   QtGui4:QtGui4.dll
 0001:0000ca40       ?mouseMoveEvent@QTextEdit@@MAEXPAVQMouseEvent@@@Z 0040da40 f   QtGui4:QtGui4.dll
 0001:0000ca46       ?wheelEvent@QTextEdit@@MAEXPAVQWheelEvent@@@Z 0040da46 f   QtGui4:QtGui4.dll
 0001:0000ca4c       ?keyPressEvent@QTextEdit@@MAEXPAVQKeyEvent@@@Z 0040da4c f   QtGui4:QtGui4.dll
 0001:0000ca52       ?keyReleaseEvent@QTextEdit@@MAEXPAVQKeyEvent@@@Z 0040da52 f   QtGui4:QtGui4.dll
 0001:0000ca58       ?focusInEvent@QTextEdit@@MAEXPAVQFocusEvent@@@Z 0040da58 f   QtGui4:QtGui4.dll
 0001:0000ca5e       ?focusOutEvent@QTextEdit@@MAEXPAVQFocusEvent@@@Z 0040da5e f   QtGui4:QtGui4.dll
 0001:0000ca64       ?paintEvent@QTextEdit@@MAEXPAVQPaintEvent@@@Z 0040da64 f   QtGui4:QtGui4.dll
 0001:0000ca6a       ?resizeEvent@QTextEdit@@MAEXPAVQResizeEvent@@@Z 0040da6a f   QtGui4:QtGui4.dll
 0001:0000ca70       ?contextMenuEvent@QTextEdit@@MAEXPAVQContextMenuEvent@@@Z 0040da70 f   QtGui4:QtGui4.dll
 0001:0000ca76       ?dragEnterEvent@QTextEdit@@MAEXPAVQDragEnterEvent@@@Z 0040da76 f   QtGui4:QtGui4.dll
 0001:0000ca7c       ?dragMoveEvent@QTextEdit@@MAEXPAVQDragMoveEvent@@@Z 0040da7c f   QtGui4:QtGui4.dll
 0001:0000ca82       ?dragLeaveEvent@QTextEdit@@MAEXPAVQDragLeaveEvent@@@Z 0040da82 f   QtGui4:QtGui4.dll
 0001:0000ca88       ?dropEvent@QTextEdit@@MAEXPAVQDropEvent@@@Z 0040da88 f   QtGui4:QtGui4.dll
 0001:0000ca8e       ?showEvent@QTextEdit@@MAEXPAVQShowEvent@@@Z 0040da8e f   QtGui4:QtGui4.dll
 0001:0000ca94       ?changeEvent@QTextEdit@@MAEXPAVQEvent@@@Z 0040da94 f   QtGui4:QtGui4.dll
 0001:0000ca9a       ?inputMethodEvent@QTextEdit@@MAEXPAVQInputMethodEvent@@@Z 0040da9a f   QtGui4:QtGui4.dll
 0001:0000caa0       ?inputMethodQuery@QTextEdit@@MBE?AVQVariant@@W4InputMethodQuery@Qt@@@Z 0040daa0 f   QtGui4:QtGui4.dll
 0001:0000caa6       ?focusNextPrevChild@QTextEdit@@MAE_N_N@Z 0040daa6 f   QtGui4:QtGui4.dll
 0001:0000caac       ?viewportEvent@QAbstractScrollArea@@MAE_NPAVQEvent@@@Z 0040daac f   QtGui4:QtGui4.dll
 0001:0000cab2       ?scrollContentsBy@QTextEdit@@MAEXHH@Z 0040dab2 f   QtGui4:QtGui4.dll
 0001:0000cab8       ?loadResource@QTextEdit@@UAE?AVQVariant@@HABVQUrl@@@Z 0040dab8 f   QtGui4:QtGui4.dll
 0001:0000cabe       ?createMimeDataFromSelection@QTextEdit@@MBEPAVQMimeData@@XZ 0040dabe f   QtGui4:QtGui4.dll
 0001:0000cac4       ?canInsertFromMimeData@QTextEdit@@MBE_NPBVQMimeData@@@Z 0040dac4 f   QtGui4:QtGui4.dll
 0001:0000caca       ?insertFromMimeData@QTextEdit@@MAEXPBVQMimeData@@@Z 0040daca f   QtGui4:QtGui4.dll
 0001:0000cad0       ?metaObject@QComboBox@@UBEPBUQMetaObject@@XZ 0040dad0 f   QtGui4:QtGui4.dll
 0001:0000cad6       ?qt_metacast@QComboBox@@UAEPAXPBD@Z 0040dad6 f   QtGui4:QtGui4.dll
 0001:0000cadc       ?qt_metacall@QComboBox@@UAEHW4Call@QMetaObject@@HPAPAX@Z 0040dadc f   QtGui4:QtGui4.dll
 0001:0000cae2       ?event@QComboBox@@UAE_NPAVQEvent@@@Z 0040dae2 f   QtGui4:QtGui4.dll
 0001:0000cae8       ?sizeHint@QComboBox@@UBE?AVQSize@@XZ 0040dae8 f   QtGui4:QtGui4.dll
 0001:0000caee       ?minimumSizeHint@QComboBox@@UBE?AVQSize@@XZ 0040daee f   QtGui4:QtGui4.dll
 0001:0000caf4       ?mousePressEvent@QComboBox@@MAEXPAVQMouseEvent@@@Z 0040daf4 f   QtGui4:QtGui4.dll
 0001:0000cafa       ?mouseReleaseEvent@QComboBox@@MAEXPAVQMouseEvent@@@Z 0040dafa f   QtGui4:QtGui4.dll
 0001:0000cb00       ?mouseMoveEvent@QWidget@@MAEXPAVQMouseEvent@@@Z 0040db00 f   QtGui4:QtGui4.dll
 0001:0000cb06       ?wheelEvent@QComboBox@@MAEXPAVQWheelEvent@@@Z 0040db06 f   QtGui4:QtGui4.dll
 0001:0000cb0c       ?keyPressEvent@QComboBox@@MAEXPAVQKeyEvent@@@Z 0040db0c f   QtGui4:QtGui4.dll
 0001:0000cb12       ?keyReleaseEvent@QComboBox@@MAEXPAVQKeyEvent@@@Z 0040db12 f   QtGui4:QtGui4.dll
 0001:0000cb18       ?focusInEvent@QComboBox@@MAEXPAVQFocusEvent@@@Z 0040db18 f   QtGui4:QtGui4.dll
 0001:0000cb1e       ?focusOutEvent@QComboBox@@MAEXPAVQFocusEvent@@@Z 0040db1e f   QtGui4:QtGui4.dll
 0001:0000cb24       ?paintEvent@QComboBox@@MAEXPAVQPaintEvent@@@Z 0040db24 f   QtGui4:QtGui4.dll
 0001:0000cb2a       ?resizeEvent@QComboBox@@MAEXPAVQResizeEvent@@@Z 0040db2a f   QtGui4:QtGui4.dll
 0001:0000cb30       ?contextMenuEvent@QComboBox@@MAEXPAVQContextMenuEvent@@@Z 0040db30 f   QtGui4:QtGui4.dll
 0001:0000cb36       ?showEvent@QComboBox@@MAEXPAVQShowEvent@@@Z 0040db36 f   QtGui4:QtGui4.dll
 0001:0000cb3c       ?hideEvent@QComboBox@@MAEXPAVQHideEvent@@@Z 0040db3c f   QtGui4:QtGui4.dll
 0001:0000cb42       ?changeEvent@QComboBox@@MAEXPAVQEvent@@@Z 0040db42 f   QtGui4:QtGui4.dll
 0001:0000cb48       ?inputMethodEvent@QComboBox@@MAEXPAVQInputMethodEvent@@@Z 0040db48 f   QtGui4:QtGui4.dll
 0001:0000cb4e       ?inputMethodQuery@QComboBox@@MBE?AVQVariant@@W4InputMethodQuery@Qt@@@Z 0040db4e f   QtGui4:QtGui4.dll
 0001:0000cb54       ?showPopup@QComboBox@@UAEXXZ 0040db54 f   QtGui4:QtGui4.dll
 0001:0000cb5a       ?hidePopup@QComboBox@@UAEXXZ 0040db5a f   QtGui4:QtGui4.dll
 0001:0000cb60       ??1QVBoxLayout@@UAE@XZ     0040db60 f   QtGui4:QtGui4.dll
 0001:0000cb66       ??1QGridLayout@@UAE@XZ     0040db66 f   QtGui4:QtGui4.dll
 0001:0000cb6c       ??1QPushButton@@UAE@XZ     0040db6c f   QtGui4:QtGui4.dll
 0001:0000cb72       ??1QAbstractButton@@UAE@XZ 0040db72 f   QtGui4:QtGui4.dll
 0001:0000cb78       ??1QButtonGroup@@UAE@XZ    0040db78 f   QtGui4:QtGui4.dll
 0001:0000cb7e       ??1QLabel@@UAE@XZ          0040db7e f   QtGui4:QtGui4.dll
 0001:0000cb84       ??1QTextEdit@@UAE@XZ       0040db84 f   QtGui4:QtGui4.dll
 0001:0000cb8a       ??1QComboBox@@UAE@XZ       0040db8a f   QtGui4:QtGui4.dll
 0001:0000cb90       ??1QWidget@@UAE@XZ         0040db90 f   QtGui4:QtGui4.dll
 0001:0000cb96       ?setChecked@QAbstractButton@@QAEX_N@Z 0040db96 f   QtGui4:QtGui4.dll
 0001:0000cb9c       ?setCurrentIndex@QComboBox@@QAEXH@Z 0040db9c f   QtGui4:QtGui4.dll
 0001:0000cba2       ??1QIcon@@QAE@XZ           0040dba2 f   QtGui4:QtGui4.dll
 0001:0000cba8       ?insertItem@QComboBox@@QAEXHABVQIcon@@ABVQString@@ABVQVariant@@@Z 0040dba8 f   QtGui4:QtGui4.dll
 0001:0000cbae       ??0QIcon@@QAE@XZ           0040dbae f   QtGui4:QtGui4.dll
 0001:0000cbb4       ?count@QComboBox@@QBEHXZ   0040dbb4 f   QtGui4:QtGui4.dll
 0001:0000cbba       ??0QWidget@@QAE@PAV0@V?$QFlags@W4WindowType@Qt@@@@@Z 0040dbba f   QtGui4:QtGui4.dll
 0001:0000cbc0       ?event@QWidget@@MAE_NPAVQEvent@@@Z 0040dbc0 f   QtGui4:QtGui4.dll
 0001:0000cbc6       ?sizeHint@QWidget@@UBE?AVQSize@@XZ 0040dbc6 f   QtGui4:QtGui4.dll
 0001:0000cbcc       ?minimumSizeHint@QWidget@@UBE?AVQSize@@XZ 0040dbcc f   QtGui4:QtGui4.dll
 0001:0000cbd2       ?mousePressEvent@QWidget@@MAEXPAVQMouseEvent@@@Z 0040dbd2 f   QtGui4:QtGui4.dll
 0001:0000cbd8       ?mouseReleaseEvent@QWidget@@MAEXPAVQMouseEvent@@@Z 0040dbd8 f   QtGui4:QtGui4.dll
 0001:0000cbde       ?keyPressEvent@QWidget@@MAEXPAVQKeyEvent@@@Z 0040dbde f   QtGui4:QtGui4.dll
 0001:0000cbe4       ?focusInEvent@QWidget@@MAEXPAVQFocusEvent@@@Z 0040dbe4 f   QtGui4:QtGui4.dll
 0001:0000cbea       ?focusOutEvent@QWidget@@MAEXPAVQFocusEvent@@@Z 0040dbea f   QtGui4:QtGui4.dll
 0001:0000cbf0       ?paintEvent@QWidget@@MAEXPAVQPaintEvent@@@Z 0040dbf0 f   QtGui4:QtGui4.dll
 0001:0000cbf6       ?changeEvent@QWidget@@MAEXPAVQEvent@@@Z 0040dbf6 f   QtGui4:QtGui4.dll
 0001:0000cbfc       ?isChecked@QAbstractButton@@QBE_NXZ 0040dbfc f   QtGui4:QtGui4.dll
 0001:0000cc02       ?toPlainText@QTextEdit@@QBE?AVQString@@XZ 0040dc02 f   QtGui4:QtGui4.dll
 0001:0000cc08       ?currentIndex@QComboBox@@QBEHXZ 0040dc08 f   QtGui4:QtGui4.dll
 0001:0000cc0e       ?information@QMessageBox@@SA?AW4StandardButton@1@PAVQWidget@@ABVQString@@1V?$QFlags@W4StandardButton@QMessageBox@@@@W421@@Z 0040dc0e f   QtGui4:QtGui4.dll
 0001:0000cc14       ?warning@QMessageBox@@SA?AW4StandardButton@1@PAVQWidget@@ABVQString@@1V?$QFlags@W4StandardButton@QMessageBox@@@@W421@@Z 0040dc14 f   QtGui4:QtGui4.dll
 0001:0000cc1a       ?qt_metacast@QWidget@@UAEPAXPBD@Z 0040dc1a f   QtGui4:QtGui4.dll
 0001:0000cc20       ?qt_metacall@QWidget@@UAEHW4Call@QMetaObject@@HPAPAX@Z 0040dc20 f   QtGui4:QtGui4.dll
 0001:0000cc26       ??1QApplication@@UAE@XZ    0040dc26 f   QtGui4:QtGui4.dll
 0001:0000cc2c       ?exec@QApplication@@SAHXZ  0040dc2c f   QtGui4:QtGui4.dll
 0001:0000cc32       ?show@QWidget@@QAEXXZ      0040dc32 f   QtGui4:QtGui4.dll
 0001:0000cc38       ??0QApplication@@QAE@AAHPAPADH@Z 0040dc38 f   QtGui4:QtGui4.dll
 0001:0000cc3e       ?disconnectFromHost@QAbstractSocket@@QAEXXZ 0040dc3e f   QtNetwork4:QtNetwork4.dll
 0001:0000cc44       ?state@QAbstractSocket@@QBE?AW4SocketState@1@XZ 0040dc44 f   QtNetwork4:QtNetwork4.dll
 0001:0000cc4a       ?connectToHost@QAbstractSocket@@QAEXABVQString@@GV?$QFlags@W4OpenModeFlag@QIODevice@@@@@Z 0040dc4a f   QtNetwork4:QtNetwork4.dll
 0001:0000cc50       ?abort@QAbstractSocket@@QAEXXZ 0040dc50 f   QtNetwork4:QtNetwork4.dll
 0001:0000cc56       ??0QTcpSocket@@QAE@PAVQObject@@@Z 0040dc56 f   QtNetwork4:QtNetwork4.dll
 0001:0000cc5c       ?metaObject@QTcpSocket@@UBEPBUQMetaObject@@XZ 0040dc5c f   QtNetwork4:QtNetwork4.dll
 0001:0000cc62       ?qt_metacast@QTcpSocket@@UAEPAXPBD@Z 0040dc62 f   QtNetwork4:QtNetwork4.dll
 0001:0000cc68       ?qt_metacall@QTcpSocket@@UAEHW4Call@QMetaObject@@HPAPAX@Z 0040dc68 f   QtNetwork4:QtNetwork4.dll
 0001:0000cc6e       ?isSequential@QAbstractSocket@@UBE_NXZ 0040dc6e f   QtNetwork4:QtNetwork4.dll
 0001:0000cc74       ?close@QAbstractSocket@@UAEXXZ 0040dc74 f   QtNetwork4:QtNetwork4.dll
 0001:0000cc7a       ?atEnd@QAbstractSocket@@UBE_NXZ 0040dc7a f   QtNetwork4:QtNetwork4.dll
 0001:0000cc80       ?bytesAvailable@QAbstractSocket@@UBE_JXZ 0040dc80 f   QtNetwork4:QtNetwork4.dll
 0001:0000cc86       ?bytesToWrite@QAbstractSocket@@UBE_JXZ 0040dc86 f   QtNetwork4:QtNetwork4.dll
 0001:0000cc8c       ?canReadLine@QAbstractSocket@@UBE_NXZ 0040dc8c f   QtNetwork4:QtNetwork4.dll
 0001:0000cc92       ?waitForReadyRead@QAbstractSocket@@UAE_NH@Z 0040dc92 f   QtNetwork4:QtNetwork4.dll
 0001:0000cc98       ?waitForBytesWritten@QAbstractSocket@@UAE_NH@Z 0040dc98 f   QtNetwork4:QtNetwork4.dll
 0001:0000cc9e       ?readData@QAbstractSocket@@MAE_JPAD_J@Z 0040dc9e f   QtNetwork4:QtNetwork4.dll
 0001:0000cca4       ?readLineData@QAbstractSocket@@MAE_JPAD_J@Z 0040dca4 f   QtNetwork4:QtNetwork4.dll
 0001:0000ccaa       ?writeData@QAbstractSocket@@MAE_JPBD_J@Z 0040dcaa f   QtNetwork4:QtNetwork4.dll
 0001:0000ccb0       ??1QTcpSocket@@UAE@XZ      0040dcb0 f   QtNetwork4:QtNetwork4.dll
 0001:0000ccb6       ?_Xout_of_range@std@@YAXPBD@Z 0040dcb6 f   msvcprt:MSVCP100.dll
 0001:0000ccbc       ?_Xlength_error@std@@YAXPBD@Z 0040dcbc f   msvcprt:MSVCP100.dll
 0001:0000ccc2       ??_U@YAPAXI@Z              0040dcc2 f   msvcprt:newaop_s.obj
 0001:0000ccce       ??0exception@std@@QAE@ABQBD@Z 0040dcce f   MSVCRT:MSVCR100.dll
 0001:0000ccd4       ??0type_info@@AAE@ABV0@@Z  0040dcd4 f   MSVCRT:ti_inst.obj
 0001:0000ccdf       ??_Etype_info@@UAEPAXI@Z   0040dcdf f i MSVCRT:ti_inst.obj
 0001:0000cd2b       ??4type_info@@AAEAAV0@ABV0@@Z 0040dd2b f   MSVCRT:ti_inst.obj
 0001:0000cd30       ?what@exception@std@@UBEPBDXZ 0040dd30 f   MSVCRT:MSVCR100.dll
 0001:0000cd36       ??1exception@std@@UAE@XZ   0040dd36 f   MSVCRT:MSVCR100.dll
 0001:0000cd3c       ??3@YAXPAX@Z               0040dd3c f   MSVCRT:MSVCR100.dll
 0001:0000cd42       _memcpy                    0040dd42 f   MSVCRT:MSVCR100.dll
 0001:0000cd48       _memmove                   0040dd48 f   MSVCRT:MSVCR100.dll
 0001:0000cd4e       ___CxxFrameHandler3        0040dd4e f   MSVCRT:MSVCR100.dll
 0001:0000cd54       @__security_check_cookie@4 0040dd54 f   MSVCRT:secchk.obj
 0001:0000cd64       ??2@YAPAXI@Z               0040dd64 f   MSVCRT:MSVCR100.dll
 0001:0000cd6a       __CxxThrowException@8      0040dd6a f   MSVCRT:MSVCR100.dll
 0001:0000cd70       ??0exception@std@@QAE@ABV01@@Z 0040dd70 f   MSVCRT:MSVCR100.dll
 0001:0000cd76       _memset                    0040dd76 f   MSVCRT:MSVCR100.dll
 0001:0000cd7c       ??_V@YAXPAX@Z              0040dd7c f   MSVCRT:MSVCR100.dll
 0001:0000cd82       _mbstowcs                  0040dd82 f   MSVCRT:MSVCR100.dll
 0001:0000cd88       _setlocale                 0040dd88 f   MSVCRT:MSVCR100.dll
 0001:0000cd8e       __onexit                   0040dd8e f   MSVCRT:atonexit.obj
 0001:0000ce2f       _atexit                    0040de2f f   MSVCRT:atonexit.obj
 0001:0000ce58       ?__ArrayUnwind@@YGXPAXIHP6EX0@Z@Z 0040de58 f   MSVCRT:ehvecdtr.obj
 0001:0000ceb6       ??_M@YGXPAXIHP6EX0@Z@Z     0040deb6 f   MSVCRT:ehvecdtr.obj
 0001:0000cf1a       _memchr                    0040df1a f   MSVCRT:MSVCR100.dll
 0001:0000cf20       _sscanf_s                  0040df20 f   MSVCRT:MSVCR100.dll
 0001:0000cf26       _NtCurrentTeb              0040df26 f i MSVCRT:crtexew.obj
 0001:0000d252       _WinMainCRTStartup         0040e252 f   MSVCRT:crtexew.obj
 0001:0000d25c       ___report_gsfailure        0040e25c f   MSVCRT:gs_report.obj
 0001:0000d362       __unlock                   0040e362 f   MSVCRT:MSVCR100.dll
 0001:0000d368       ___dllonexit               0040e368 f   MSVCRT:MSVCR100.dll
 0001:0000d36e       __lock                     0040e36e f   MSVCRT:MSVCR100.dll
 0001:0000d380       __SEH_prolog4              0040e380 f   MSVCRT:sehprolg4.obj
 0001:0000d3c5       __SEH_epilog4              0040e3c5 f   MSVCRT:sehprolg4.obj
 0001:0000d3d9       __except_handler4          0040e3d9 f   MSVCRT:chandler4gs.obj
 0001:0000d3fe       ?terminate@@YAXXZ          0040e3fe f   MSVCRT:MSVCR100.dll
 0001:0000d404       ?__CxxUnhandledExceptionFilter@@YGJPAU_EXCEPTION_POINTERS@@@Z 0040e404 f   MSVCRT:unhandld.obj
 0001:0000d446       ___CxxSetUnhandledExceptionFilter 0040e446 f   MSVCRT:unhandld.obj
 0001:0000d454       __amsg_exit                0040e454 f   MSVCRT:MSVCR100.dll
 0001:0000d45a       ___getmainargs             0040e45a f   MSVCRT:MSVCR100.dll
 0001:0000d460       __RTC_Initialize           0040e460 f   MSVCRT:_initsect_.obj
 0001:0000d486       __RTC_Terminate            0040e486 f   MSVCRT:_initsect_.obj
 0001:0000d4ac       __cexit                    0040e4ac f   MSVCRT:MSVCR100.dll
 0001:0000d4b2       __exit                     0040e4b2 f   MSVCRT:MSVCR100.dll
 0001:0000d4b8       __XcptFilter               0040e4b8 f   MSVCRT:MSVCR100.dll
 0001:0000d4be       __ismbblead                0040e4be f   MSVCRT:MSVCR100.dll
 0001:0000d4c4       _exit                      0040e4c4 f   MSVCRT:MSVCR100.dll
 0001:0000d4d0       __ValidateImageBase        0040e4d0 f   MSVCRT:pesect.obj
 0001:0000d510       __FindPESection            0040e510 f   MSVCRT:pesect.obj
 0001:0000d560       __IsNonwritableInCurrentImage 0040e560 f   MSVCRT:pesect.obj
 0001:0000d61c       __initterm                 0040e61c f   MSVCRT:MSVCR100.dll
 0001:0000d622       __initterm_e               0040e622 f   MSVCRT:MSVCR100.dll
 0001:0000d628       __configthreadlocale       0040e628 f   MSVCRT:MSVCR100.dll
 0001:0000d62e       __invoke_watson_if_error   0040e62e f i MSVCRT:fp8.obj
 0001:0000d64f       __setdefaultprecision      0040e64f f   MSVCRT:fp8.obj
 0001:0000d678       ___setusermatherr          0040e678 f   MSVCRT:MSVCR100.dll
 0001:0000d67e       __matherr                  0040e67e f   MSVCRT:merr.obj
 0001:0000d681       __setargv                  0040e681 f   MSVCRT:dllargv.obj
 0001:0000d684       ___set_app_type            0040e684 f   MSVCRT:MSVCR100.dll
 0001:0000d68a       ___security_init_cookie    0040e68a f   MSVCRT:gs_support.obj
 0001:0000d726       ??1type_info@@UAE@XZ       0040e726 f   MSVCRT:MSVCR100.dll
 0001:0000d726       ?_type_info_dtor_internal_method@type_info@@QAEXXZ 0040e726 f   MSVCRT:MSVCR100.dll
 0001:0000d72c       __crt_debugger_hook        0040e72c f   MSVCRT:MSVCR100.dll
 0001:0000d732       __except_handler4_common   0040e732 f   MSVCRT:MSVCR100.dll
 0001:0000d738       __invoke_watson            0040e738 f   MSVCRT:MSVCR100.dll
 0001:0000d73e       __controlfp_s              0040e73e f   MSVCRT:MSVCR100.dll
 0001:0000d750       ?alignOfTypedData@?$QVector@PAD@@ABEHXZ 0040e750 f i qtmain:qtmain_win.obj
 0001:0000d760       ?free@?$QVectorTypedData@PAD@@SAXPAU1@H@Z 0040e760 f i qtmain:qtmain_win.obj
 0001:0000d770       ?sizeOfTypedData@?$QVector@PAD@@AAEHXZ 0040e770 f i qtmain:qtmain_win.obj
 0001:0000d780       ?free@?$QVector@PAD@@AAEXPAU?$QVectorTypedData@PAD@@@Z 0040e780 f i qtmain:qtmain_win.obj
 0001:0000d7a0       ?malloc@?$QVector@PAD@@AAEPAUQVectorData@@H@Z 0040e7a0 f i qtmain:qtmain_win.obj
 0001:0000d7d0       ?realloc@?$QVector@PAD@@AAEXHH@Z 0040e7d0 f i qtmain:qtmain_win.obj
 0001:0000d980       ??1?$QVector@PAD@@QAE@XZ   0040e980 f i qtmain:qtmain_win.obj
 0001:0000d9a0       ??0?$QVector@PAD@@QAE@H@Z  0040e9a0 f i qtmain:qtmain_win.obj
 0001:0000da20       ?detach_helper@?$QVector@PAD@@AAEXXZ 0040ea20 f i qtmain:qtmain_win.obj
 0001:0000da30       ?detach@?$QVector@PAD@@QAEXXZ 0040ea30 f i qtmain:qtmain_win.obj
 0001:0000da50       ?data@?$QVector@PAD@@QAEPAPADXZ 0040ea50 f i qtmain:qtmain_win.obj
 0001:0000da80       _WinMain@16                0040ea80 f   qtmain:qtmain_win.obj
 0001:0000dbe6       _EncodePointer@4           0040ebe6 f   kernel32:KERNEL32.dll
 0001:0000dbec       _DecodePointer@4           0040ebec f   kernel32:KERNEL32.dll
 0001:0000dbf2       _InterlockedExchange@8     0040ebf2 f   kernel32:KERNEL32.dll
 0001:0000dbf8       _Sleep@4                   0040ebf8 f   kernel32:KERNEL32.dll
 0001:0000dbfe       _InterlockedCompareExchange@12 0040ebfe f   kernel32:KERNEL32.dll
 0001:0000dc04       _HeapSetInformation@16     0040ec04 f   kernel32:KERNEL32.dll
 0001:0000dc0a       _GetStartupInfoW@4         0040ec0a f   kernel32:KERNEL32.dll
 0001:0000dc10       _TerminateProcess@8        0040ec10 f   kernel32:KERNEL32.dll
 0001:0000dc16       _GetCurrentProcess@0       0040ec16 f   kernel32:KERNEL32.dll
 0001:0000dc1c       _UnhandledExceptionFilter@4 0040ec1c f   kernel32:KERNEL32.dll
 0001:0000dc22       _SetUnhandledExceptionFilter@4 0040ec22 f   kernel32:KERNEL32.dll
 0001:0000dc28       _IsDebuggerPresent@0       0040ec28 f   kernel32:KERNEL32.dll
 0001:0000dc2e       _QueryPerformanceCounter@4 0040ec2e f   kernel32:KERNEL32.dll
 0001:0000dc34       _GetTickCount@0            0040ec34 f   kernel32:KERNEL32.dll
 0001:0000dc3a       _GetCurrentThreadId@0      0040ec3a f   kernel32:KERNEL32.dll
 0001:0000dc40       _GetCurrentProcessId@0     0040ec40 f   kernel32:KERNEL32.dll
 0001:0000dc46       _GetSystemTimeAsFileTime@4 0040ec46 f   kernel32:KERNEL32.dll
 0001:0000dc4c       _GetCommandLineW@0         0040ec4c f   kernel32:KERNEL32.dll
 0001:0000dc52       ?qWinMain@@YAXPAUHINSTANCE__@@0PADHAAHAAV?$QVector@PAD@@@Z 0040ec52 f   QtCore4:QtCore4.dll
 0001:0000dc58       ?toLocal8Bit@QString@@QBE?AVQByteArray@@XZ 0040ec58 f   QtCore4:QtCore4.dll
 0001:0000dc5e       ?fromWCharArray@QString@@SA?AV1@PBGH@Z 0040ec5e f   QtCore4:QtCore4.dll
 0002:00000000       ___xc_a                    00415000     MSVCRT:cinitexe.obj
 0002:0000031c       ___xc_z                    0041531c     MSVCRT:cinitexe.obj
 0002:00000420       ___xi_a                    00415420     MSVCRT:cinitexe.obj
 0002:0000072c       ___xi_z                    0041572c     MSVCRT:cinitexe.obj
 0002:00000be8       ?value@?$integral_constant@_N$0A@@tr1@std@@2_NB 00415be8     combysocket.obj
 0002:00000be9       ?value@?$integral_constant@_N$00@tr1@std@@2_NB 00415be9     combysocket.obj
 0002:00000bec       ?value@?$integral_constant@I$0A@@tr1@std@@2IB 00415bec     combysocket.obj
 0002:00000bf0       ?_Rank@?$_Arithmetic_traits@_N@std@@2HB 00415bf0     combysocket.obj
 0002:00000bf4       ?_Rank@?$_Arithmetic_traits@D@std@@2HB 00415bf4     combysocket.obj
 0002:00000bf8       ?_Rank@?$_Arithmetic_traits@C@std@@2HB 00415bf8     combysocket.obj
 0002:00000bfc       ?_Rank@?$_Arithmetic_traits@E@std@@2HB 00415bfc     combysocket.obj
 0002:00000c00       ?_Rank@?$_Arithmetic_traits@F@std@@2HB 00415c00     combysocket.obj
 0002:00000c04       ?_Rank@?$_Arithmetic_traits@G@std@@2HB 00415c04     combysocket.obj
 0002:00000c08       ?_Rank@?$_Arithmetic_traits@H@std@@2HB 00415c08     combysocket.obj
 0002:00000c0c       ?_Rank@?$_Arithmetic_traits@I@std@@2HB 00415c0c     combysocket.obj
 0002:00000c10       ?_Rank@?$_Arithmetic_traits@J@std@@2HB 00415c10     combysocket.obj
 0002:00000c14       ?_Rank@?$_Arithmetic_traits@K@std@@2HB 00415c14     combysocket.obj
 0002:00000c18       ?_Rank@?$_Arithmetic_traits@_J@std@@2HB 00415c18     combysocket.obj
 0002:00000c1c       ?_Rank@?$_Arithmetic_traits@_K@std@@2HB 00415c1c     combysocket.obj
 0002:00000c20       ?_Rank@?$_Arithmetic_traits@M@std@@2HB 00415c20     combysocket.obj
 0002:00000c24       ?_Rank@?$_Arithmetic_traits@N@std@@2HB 00415c24     combysocket.obj
 0002:00000c28       ?_Rank@?$_Arithmetic_traits@O@std@@2HB 00415c28     combysocket.obj
 0002:00000c2c       ?collate@?$_Locbase@H@std@@2HB 00415c2c     combysocket.obj
 0002:00000c30       ?ctype@?$_Locbase@H@std@@2HB 00415c30     combysocket.obj
 0002:00000c34       ?monetary@?$_Locbase@H@std@@2HB 00415c34     combysocket.obj
 0002:00000c38       ?numeric@?$_Locbase@H@std@@2HB 00415c38     combysocket.obj
 0002:00000c3c       ?time@?$_Locbase@H@std@@2HB 00415c3c     combysocket.obj
 0002:00000c40       ?messages@?$_Locbase@H@std@@2HB 00415c40     combysocket.obj
 0002:00000c44       ?all@?$_Locbase@H@std@@2HB 00415c44     combysocket.obj
 0002:00000c48       ?none@?$_Locbase@H@std@@2HB 00415c48     combysocket.obj
 0002:00000c4c       ?skipws@?$_Iosb@H@std@@2W4_Fmtflags@12@B 00415c4c     combysocket.obj
[...]
 0004:00000d64       __imp_?mouseReleaseEvent@QLabel@@MAEXPAVQMouseEvent@@@Z 0041cd64     QtGui4:QtGui4.dll
 0004:00000d68       __imp_?mouseMoveEvent@QLabel@@MAEXPAVQMouseEvent@@@Z 0041cd68     QtGui4:QtGui4.dll
 0004:00000d6c       __imp_?keyPressEvent@QLabel@@MAEXPAVQKeyEvent@@@Z 0041cd6c     QtGui4:QtGui4.dll
 0004:00000d70       __imp_?keyReleaseEvent@QWidget@@MAEXPAVQKeyEvent@@@Z 0041cd70     QtGui4:QtGui4.dll
 0004:00000d74       __imp_?focusInEvent@QLabel@@MAEXPAVQFocusEvent@@@Z 0041cd74     QtGui4:QtGui4.dll
 0004:00000d78       __imp_?focusOutEvent@QLabel@@MAEXPAVQFocusEvent@@@Z 0041cd78     QtGui4:QtGui4.dll
 0004:00000d7c       __imp_?paintEvent@QLabel@@MAEXPAVQPaintEvent@@@Z 0041cd7c     QtGui4:QtGui4.dll
 0004:00000d80       __imp_?contextMenuEvent@QLabel@@MAEXPAVQContextMenuEvent@@@Z 0041cd80     QtGui4:QtGui4.dll
 0004:00000d84       __imp_?changeEvent@QLabel@@MAEXPAVQEvent@@@Z 0041cd84     QtGui4:QtGui4.dll
 0004:00000d88       __imp_?focusNextPrevChild@QLabel@@MAE_N_N@Z 0041cd88     QtGui4:QtGui4.dll
 0004:00000d8c       __imp_?metaObject@QTextEdit@@UBEPBUQMetaObject@@XZ 0041cd8c     QtGui4:QtGui4.dll
 0004:00000d90       __imp_?qt_metacast@QTextEdit@@UAEPAXPBD@Z 0041cd90     QtGui4:QtGui4.dll
 0004:00000d94       __imp_?qt_metacall@QTextEdit@@UAEHW4Call@QMetaObject@@HPAPAX@Z 0041cd94     QtGui4:QtGui4.dll
 0004:00000d98       __imp_?event@QTextEdit@@MAE_NPAVQEvent@@@Z 0041cd98     QtGui4:QtGui4.dll
 0004:00000d9c       __imp_?timerEvent@QTextEdit@@MAEXPAVQTimerEvent@@@Z 0041cd9c     QtGui4:QtGui4.dll
 0004:00000da0       __imp_?sizeHint@QAbstractScrollArea@@UBE?AVQSize@@XZ 0041cda0     QtGui4:QtGui4.dll
 0004:00000da4       __imp_?minimumSizeHint@QAbstractScrollArea@@UBE?AVQSize@@XZ 0041cda4     QtGui4:QtGui4.dll
 0004:00000da8       __imp_?mousePressEvent@QTextEdit@@MAEXPAVQMouseEvent@@@Z 0041cda8     QtGui4:QtGui4.dll
 0004:00000dac       __imp_?mouseReleaseEvent@QTextEdit@@MAEXPAVQMouseEvent@@@Z 0041cdac     QtGui4:QtGui4.dll
 0004:00000db0       __imp_?mouseDoubleClickEvent@QTextEdit@@MAEXPAVQMouseEvent@@@Z 0041cdb0     QtGui4:QtGui4.dll
 0004:00000db4       __imp_?mouseMoveEvent@QTextEdit@@MAEXPAVQMouseEvent@@@Z 0041cdb4     QtGui4:QtGui4.dll
 0004:00000db8       __imp_?wheelEvent@QTextEdit@@MAEXPAVQWheelEvent@@@Z 0041cdb8     QtGui4:QtGui4.dll
 0004:00000dbc       __imp_?keyPressEvent@QTextEdit@@MAEXPAVQKeyEvent@@@Z 0041cdbc     QtGui4:QtGui4.dll
 0004:00000dc0       __imp_?keyReleaseEvent@QTextEdit@@MAEXPAVQKeyEvent@@@Z 0041cdc0     QtGui4:QtGui4.dll
 0004:00000dc4       __imp_?focusInEvent@QTextEdit@@MAEXPAVQFocusEvent@@@Z 0041cdc4     QtGui4:QtGui4.dll
 0004:00000dc8       __imp_?focusOutEvent@QTextEdit@@MAEXPAVQFocusEvent@@@Z 0041cdc8     QtGui4:QtGui4.dll
 0004:00000dcc       __imp_?paintEvent@QTextEdit@@MAEXPAVQPaintEvent@@@Z 0041cdcc     QtGui4:QtGui4.dll
 0004:00000dd0       __imp_?resizeEvent@QTextEdit@@MAEXPAVQResizeEvent@@@Z 0041cdd0     QtGui4:QtGui4.dll
 0004:00000dd4       __imp_?contextMenuEvent@QTextEdit@@MAEXPAVQContextMenuEvent@@@Z 0041cdd4     QtGui4:QtGui4.dll
 0004:00000dd8       __imp_?dragEnterEvent@QTextEdit@@MAEXPAVQDragEnterEvent@@@Z 0041cdd8     QtGui4:QtGui4.dll
 0004:00000ddc       __imp_?dragMoveEvent@QTextEdit@@MAEXPAVQDragMoveEvent@@@Z 0041cddc     QtGui4:QtGui4.dll
 0004:00000de0       __imp_?dragLeaveEvent@QTextEdit@@MAEXPAVQDragLeaveEvent@@@Z 0041cde0     QtGui4:QtGui4.dll
 0004:00000de4       __imp_?dropEvent@QTextEdit@@MAEXPAVQDropEvent@@@Z 0041cde4     QtGui4:QtGui4.dll
 0004:00000de8       __imp_?showEvent@QTextEdit@@MAEXPAVQShowEvent@@@Z 0041cde8     QtGui4:QtGui4.dll
 0004:00000dec       __imp_?changeEvent@QTextEdit@@MAEXPAVQEvent@@@Z 0041cdec     QtGui4:QtGui4.dll
 0004:00000df0       __imp_?inputMethodEvent@QTextEdit@@MAEXPAVQInputMethodEvent@@@Z 0041cdf0     QtGui4:QtGui4.dll
 0004:00000df4       __imp_?inputMethodQuery@QTextEdit@@MBE?AVQVariant@@W4InputMethodQuery@Qt@@@Z 0041cdf4     QtGui4:QtGui4.dll
 0004:00000df8       __imp_?focusNextPrevChild@QTextEdit@@MAE_N_N@Z 0041cdf8     QtGui4:QtGui4.dll
 0004:00000dfc       __imp_?viewportEvent@QAbstractScrollArea@@MAE_NPAVQEvent@@@Z 0041cdfc     QtGui4:QtGui4.dll
 0004:00000e00       __imp_?scrollContentsBy@QTextEdit@@MAEXHH@Z 0041ce00     QtGui4:QtGui4.dll
 0004:00000e04       __imp_?loadResource@QTextEdit@@UAE?AVQVariant@@HABVQUrl@@@Z 0041ce04     QtGui4:QtGui4.dll
 0004:00000e08       __imp_?createMimeDataFromSelection@QTextEdit@@MBEPAVQMimeData@@XZ 0041ce08     QtGui4:QtGui4.dll
 0004:00000e0c       __imp_?canInsertFromMimeData@QTextEdit@@MBE_NPBVQMimeData@@@Z 0041ce0c     QtGui4:QtGui4.dll
 0004:00000e10       __imp_?insertFromMimeData@QTextEdit@@MAEXPBVQMimeData@@@Z 0041ce10     QtGui4:QtGui4.dll
 0004:00000e14       __imp_?metaObject@QComboBox@@UBEPBUQMetaObject@@XZ 0041ce14     QtGui4:QtGui4.dll
 0004:00000e18       __imp_?qt_metacast@QComboBox@@UAEPAXPBD@Z 0041ce18     QtGui4:QtGui4.dll
 0004:00000e1c       __imp_?qt_metacall@QComboBox@@UAEHW4Call@QMetaObject@@HPAPAX@Z 0041ce1c     QtGui4:QtGui4.dll
 0004:00000e20       __imp_?event@QComboBox@@UAE_NPAVQEvent@@@Z 0041ce20     QtGui4:QtGui4.dll
 0004:00000e24       __imp_?sizeHint@QComboBox@@UBE?AVQSize@@XZ 0041ce24     QtGui4:QtGui4.dll
 0004:00000e28       __imp_?minimumSizeHint@QComboBox@@UBE?AVQSize@@XZ 0041ce28     QtGui4:QtGui4.dll
 0004:00000e2c       __imp_?mousePressEvent@QComboBox@@MAEXPAVQMouseEvent@@@Z 0041ce2c     QtGui4:QtGui4.dll
 0004:00000e30       __imp_?mouseReleaseEvent@QComboBox@@MAEXPAVQMouseEvent@@@Z 0041ce30     QtGui4:QtGui4.dll
 0004:00000e34       __imp_?mouseMoveEvent@QWidget@@MAEXPAVQMouseEvent@@@Z 0041ce34     QtGui4:QtGui4.dll
 0004:00000e38       __imp_?wheelEvent@QComboBox@@MAEXPAVQWheelEvent@@@Z 0041ce38     QtGui4:QtGui4.dll
 0004:00000e3c       __imp_?keyPressEvent@QComboBox@@MAEXPAVQKeyEvent@@@Z 0041ce3c     QtGui4:QtGui4.dll
 0004:00000e40       __imp_?keyReleaseEvent@QComboBox@@MAEXPAVQKeyEvent@@@Z 0041ce40     QtGui4:QtGui4.dll
 0004:00000e44       __imp_?focusInEvent@QComboBox@@MAEXPAVQFocusEvent@@@Z 0041ce44     QtGui4:QtGui4.dll
 0004:00000e48       __imp_?focusOutEvent@QComboBox@@MAEXPAVQFocusEvent@@@Z 0041ce48     QtGui4:QtGui4.dll
 0004:00000e4c       __imp_?paintEvent@QComboBox@@MAEXPAVQPaintEvent@@@Z 0041ce4c     QtGui4:QtGui4.dll
 0004:00000e50       __imp_?resizeEvent@QComboBox@@MAEXPAVQResizeEvent@@@Z 0041ce50     QtGui4:QtGui4.dll
 0004:00000e54       __imp_?contextMenuEvent@QComboBox@@MAEXPAVQContextMenuEvent@@@Z 0041ce54     QtGui4:QtGui4.dll
 0004:00000e58       __imp_?showEvent@QComboBox@@MAEXPAVQShowEvent@@@Z 0041ce58     QtGui4:QtGui4.dll
 0004:00000e5c       __imp_?hideEvent@QComboBox@@MAEXPAVQHideEvent@@@Z 0041ce5c     QtGui4:QtGui4.dll
 0004:00000e60       __imp_?changeEvent@QComboBox@@MAEXPAVQEvent@@@Z 0041ce60     QtGui4:QtGui4.dll
 0004:00000e64       __imp_?inputMethodEvent@QComboBox@@MAEXPAVQInputMethodEvent@@@Z 0041ce64     QtGui4:QtGui4.dll
 0004:00000e68       __imp_?inputMethodQuery@QComboBox@@MBE?AVQVariant@@W4InputMethodQuery@Qt@@@Z 0041ce68     QtGui4:QtGui4.dll
 0004:00000e6c       __imp_?showPopup@QComboBox@@UAEXXZ 0041ce6c     QtGui4:QtGui4.dll
 0004:00000e70       __imp_?hidePopup@QComboBox@@UAEXXZ 0041ce70     QtGui4:QtGui4.dll
 0004:00000e74       __imp_??1QVBoxLayout@@UAE@XZ 0041ce74     QtGui4:QtGui4.dll
 0004:00000e78       __imp_??1QGridLayout@@UAE@XZ 0041ce78     QtGui4:QtGui4.dll
 0004:00000e7c       __imp_??1QPushButton@@UAE@XZ 0041ce7c     QtGui4:QtGui4.dll
 0004:00000e80       __imp_??1QAbstractButton@@UAE@XZ 0041ce80     QtGui4:QtGui4.dll
 0004:00000e84       __imp_??1QButtonGroup@@UAE@XZ 0041ce84     QtGui4:QtGui4.dll
 0004:00000e88       __imp_??1QLabel@@UAE@XZ    0041ce88     QtGui4:QtGui4.dll
 0004:00000e8c       __imp_??1QTextEdit@@UAE@XZ 0041ce8c     QtGui4:QtGui4.dll
 0004:00000e90       __imp_??1QComboBox@@UAE@XZ 0041ce90     QtGui4:QtGui4.dll
 0004:00000e94       __imp_??1QWidget@@UAE@XZ   0041ce94     QtGui4:QtGui4.dll
 0004:00000e98       __imp_?setChecked@QAbstractButton@@QAEX_N@Z 0041ce98     QtGui4:QtGui4.dll
 0004:00000e9c       __imp_?setCurrentIndex@QComboBox@@QAEXH@Z 0041ce9c     QtGui4:QtGui4.dll
 0004:00000ea0       __imp_??1QIcon@@QAE@XZ     0041cea0     QtGui4:QtGui4.dll
 0004:00000ea4       __imp_?insertItem@QComboBox@@QAEXHABVQIcon@@ABVQString@@ABVQVariant@@@Z 0041cea4     QtGui4:QtGui4.dll
 0004:00000ea8       __imp_??0QIcon@@QAE@XZ     0041cea8     QtGui4:QtGui4.dll
 0004:00000eac       __imp_?count@QComboBox@@QBEHXZ 0041ceac     QtGui4:QtGui4.dll
 0004:00000eb0       __imp_??0QWidget@@QAE@PAV0@V?$QFlags@W4WindowType@Qt@@@@@Z 0041ceb0     QtGui4:QtGui4.dll
 0004:00000eb4       __imp_?event@QWidget@@MAE_NPAVQEvent@@@Z 0041ceb4     QtGui4:QtGui4.dll
 0004:00000eb8       __imp_?sizeHint@QWidget@@UBE?AVQSize@@XZ 0041ceb8     QtGui4:QtGui4.dll
 0004:00000ebc       __imp_?minimumSizeHint@QWidget@@UBE?AVQSize@@XZ 0041cebc     QtGui4:QtGui4.dll
 0004:00000ec0       __imp_?mousePressEvent@QWidget@@MAEXPAVQMouseEvent@@@Z 0041cec0     QtGui4:QtGui4.dll
 0004:00000ec4       __imp_?mouseReleaseEvent@QWidget@@MAEXPAVQMouseEvent@@@Z 0041cec4     QtGui4:QtGui4.dll
 0004:00000ec8       __imp_?keyPressEvent@QWidget@@MAEXPAVQKeyEvent@@@Z 0041cec8     QtGui4:QtGui4.dll
 0004:00000ecc       __imp_?focusInEvent@QWidget@@MAEXPAVQFocusEvent@@@Z 0041cecc     QtGui4:QtGui4.dll
 0004:00000ed0       __imp_?focusOutEvent@QWidget@@MAEXPAVQFocusEvent@@@Z 0041ced0     QtGui4:QtGui4.dll
 0004:00000ed4       __imp_?paintEvent@QWidget@@MAEXPAVQPaintEvent@@@Z 0041ced4     QtGui4:QtGui4.dll
 0004:00000ed8       __imp_?changeEvent@QWidget@@MAEXPAVQEvent@@@Z 0041ced8     QtGui4:QtGui4.dll
 0004:00000edc       __imp_?isChecked@QAbstractButton@@QBE_NXZ 0041cedc     QtGui4:QtGui4.dll
 0004:00000ee0       __imp_?toPlainText@QTextEdit@@QBE?AVQString@@XZ 0041cee0     QtGui4:QtGui4.dll
 0004:00000ee4       __imp_?currentIndex@QComboBox@@QBEHXZ 0041cee4     QtGui4:QtGui4.dll
 0004:00000ee8       __imp_?information@QMessageBox@@SA?AW4StandardButton@1@PAVQWidget@@ABVQString@@1V?$QFlags@W4StandardButton@QMessageBox@@@@W421@@Z 0041cee8     QtGui4:QtGui4.dll
 0004:00000eec       __imp_?warning@QMessageBox@@SA?AW4StandardButton@1@PAVQWidget@@ABVQString@@1V?$QFlags@W4StandardButton@QMessageBox@@@@W421@@Z 0041ceec     QtGui4:QtGui4.dll
 0004:00000ef0       __imp_?qt_metacast@QWidget@@UAEPAXPBD@Z 0041cef0     QtGui4:QtGui4.dll
 0004:00000ef4       __imp_?qt_metacall@QWidget@@UAEHW4Call@QMetaObject@@HPAPAX@Z 0041cef4     QtGui4:QtGui4.dll
 0004:00000ef8       __imp_?staticMetaObject@QWidget@@2UQMetaObject@@B 0041cef8     QtGui4:QtGui4.dll
 0004:00000efc       __imp_??1QApplication@@UAE@XZ 0041cefc     QtGui4:QtGui4.dll
 0004:00000f00       __imp_?exec@QApplication@@SAHXZ 0041cf00     QtGui4:QtGui4.dll
 0004:00000f04       __imp_?show@QWidget@@QAEXXZ 0041cf04     QtGui4:QtGui4.dll
 0004:00000f08       __imp_??0QApplication@@QAE@AAHPAPADH@Z 0041cf08     QtGui4:QtGui4.dll
 0004:00000f0c       __imp_?setText@QLabel@@QAEXABVQString@@@Z 0041cf0c     QtGui4:QtGui4.dll
 0004:00000f10       __imp_?setText@QAbstractButton@@QAEXABVQString@@@Z 0041cf10     QtGui4:QtGui4.dll
 0004:00000f14       __imp_?setWindowTitle@QWidget@@QAEXABVQString@@@Z 0041cf14     QtGui4:QtGui4.dll
 0004:00000f18       __imp_?setText@QTextEdit@@QAEXABVQString@@@Z 0041cf18     QtGui4:QtGui4.dll
 0004:00000f1c       __imp_?append@QTextEdit@@QAEXABVQString@@@Z 0041cf1c     QtGui4:QtGui4.dll
 0004:00000f20       __imp_?addWidget@QBoxLayout@@QAEXPAVQWidget@@HV?$QFlags@W4AlignmentFlag@Qt@@@@@Z 0041cf20     QtGui4:QtGui4.dll
 0004:00000f24       __imp_?addLayout@QBoxLayout@@QAEXPAVQLayout@@H@Z 0041cf24     QtGui4:QtGui4.dll
 0004:00000f28       __imp_?setEditable@QComboBox@@QAEX_N@Z 0041cf28     QtGui4:QtGui4.dll
 0004:00000f2c       __imp_??0QComboBox@@QAE@PAVQWidget@@@Z 0041cf2c     QtGui4:QtGui4.dll
 0004:00000f30       __imp_?setMaximumSize@QWidget@@QAEXHH@Z 0041cf30     QtGui4:QtGui4.dll
 0004:00000f34       __imp_?setMinimumSize@QWidget@@QAEXHH@Z 0041cf34     QtGui4:QtGui4.dll
 0004:00000f38       __imp_??0QTextEdit@@QAE@PAVQWidget@@@Z 0041cf38     QtGui4:QtGui4.dll
 0004:00000f3c       __imp_??0QLabel@@QAE@PAVQWidget@@V?$QFlags@W4WindowType@Qt@@@@@Z 0041cf3c     QtGui4:QtGui4.dll
 0004:00000f40       __imp_?addButton@QButtonGroup@@QAEXPAVQAbstractButton@@@Z 0041cf40     QtGui4:QtGui4.dll
 0004:00000f44       __imp_??0QButtonGroup@@QAE@PAVQObject@@@Z 0041cf44     QtGui4:QtGui4.dll
 0004:00000f48       __imp_??0QRadioButton@@QAE@PAVQWidget@@@Z 0041cf48     QtGui4:QtGui4.dll
 0004:00000f4c       __imp_?addWidget@QGridLayout@@QAEXPAVQWidget@@HHHHV?$QFlags@W4AlignmentFlag@Qt@@@@@Z 0041cf4c     QtGui4:QtGui4.dll
 0004:00000f50       __imp_??0QPushButton@@QAE@PAVQWidget@@@Z 0041cf50     QtGui4:QtGui4.dll
 0004:00000f54       __imp_?setSpacing@QGridLayout@@QAEXH@Z 0041cf54     QtGui4:QtGui4.dll
 0004:00000f58       __imp_??0QGridLayout@@QAE@XZ 0041cf58     QtGui4:QtGui4.dll
 0004:00000f5c       __imp_?setSizeConstraint@QLayout@@QAEXW4SizeConstraint@1@@Z 0041cf5c     QtGui4:QtGui4.dll
 0004:00000f60       __imp_?minimumHeightForWidth@QGridLayout@@UBEHH@Z 0041cf60     QtGui4:QtGui4.dll
 0004:00000f64       __imp_?heightForWidth@QGridLayout@@UBEHH@Z 0041cf64     QtGui4:QtGui4.dll
 0004:00000f68       __imp_?hasHeightForWidth@QGridLayout@@UBE_NXZ 0041cf68     QtGui4:QtGui4.dll
 0004:00000f6c       __imp_?setGeometry@QGridLayout@@UAEXABVQRect@@@Z 0041cf6c     QtGui4:QtGui4.dll
 0004:00000f70       __imp_?expandingDirections@QGridLayout@@UBE?AV?$QFlags@W4Orientation@Qt@@@@XZ 0041cf70     QtGui4:QtGui4.dll
 0004:00000f74       __imp_?maximumSize@QGridLayout@@UBE?AVQSize@@XZ 0041cf74     QtGui4:QtGui4.dll
 0004:00000f78       __imp_?minimumSize@QGridLayout@@UBE?AVQSize@@XZ 0041cf78     QtGui4:QtGui4.dll
 0004:00000f7c       __imp_?sizeHint@QGridLayout@@UBE?AVQSize@@XZ 0041cf7c     QtGui4:QtGui4.dll
 0004:00000f80       __imp_?count@QGridLayout@@UBEHXZ 0041cf80     QtGui4:QtGui4.dll
 0004:00000f84       __imp_?takeAt@QGridLayout@@UAEPAVQLayoutItem@@H@Z 0041cf84     QtGui4:QtGui4.dll
 0004:00000f88       __imp_?itemAt@QGridLayout@@UBEPAVQLayoutItem@@H@Z 0041cf88     QtGui4:QtGui4.dll
 0004:00000f8c       __imp_?addItem@QGridLayout@@MAEXPAVQLayoutItem@@@Z 0041cf8c     QtGui4:QtGui4.dll
 0004:00000f90       __imp_?qt_metacall@QGridLayout@@UAEHW4Call@QMetaObject@@HPAPAX@Z 0041cf90     QtGui4:QtGui4.dll
 0004:00000f94       __imp_?qt_metacast@QGridLayout@@UAEPAXPBD@Z 0041cf94     QtGui4:QtGui4.dll
 0004:00000f98       __imp_?metaObject@QGridLayout@@UBEPBUQMetaObject@@XZ 0041cf98     QtGui4:QtGui4.dll
 0004:00000f9c       __imp_?spacerItem@QLayoutItem@@UAEPAVQSpacerItem@@XZ 0041cf9c     QtGui4:QtGui4.dll
 0004:00000fa0       __imp_?layout@QLayout@@UAEPAV1@XZ 0041cfa0     QtGui4:QtGui4.dll
 0004:00000fa4       __imp_?widget@QLayoutItem@@UAEPAVQWidget@@XZ 0041cfa4     QtGui4:QtGui4.dll
 0004:00000fa8       __imp_?invalidate@QBoxLayout@@UAEXXZ 0041cfa8     QtGui4:QtGui4.dll
 0004:00000fac       __imp_?minimumHeightForWidth@QBoxLayout@@UBEHH@Z 0041cfac     QtGui4:QtGui4.dll
 0004:00000fb0       __imp_?heightForWidth@QBoxLayout@@UBEHH@Z 0041cfb0     QtGui4:QtGui4.dll
 0004:00000fb4       __imp_?hasHeightForWidth@QBoxLayout@@UBE_NXZ 0041cfb4     QtGui4:QtGui4.dll
 0004:00000fb8       __imp_?isEmpty@QLayout@@UBE_NXZ 0041cfb8     QtGui4:QtGui4.dll
 0004:00000fbc       __imp_?geometry@QLayout@@UBE?AVQRect@@XZ 0041cfbc     QtGui4:QtGui4.dll
 0004:00000fc0       __imp_?setGeometry@QBoxLayout@@UAEXABVQRect@@@Z 0041cfc0     QtGui4:QtGui4.dll
 0004:00000fc4       __imp_?expandingDirections@QBoxLayout@@UBE?AV?$QFlags@W4Orientation@Qt@@@@XZ 0041cfc4     QtGui4:QtGui4.dll
 0004:00000fc8       __imp_?maximumSize@QBoxLayout@@UBE?AVQSize@@XZ 0041cfc8     QtGui4:QtGui4.dll
 0004:00000fcc       __imp_?minimumSize@QBoxLayout@@UBE?AVQSize@@XZ 0041cfcc     QtGui4:QtGui4.dll
 0004:00000fd0       __imp_?sizeHint@QBoxLayout@@UBE?AVQSize@@XZ 0041cfd0     QtGui4:QtGui4.dll
 0004:00000fd4       __imp_?count@QBoxLayout@@UBEHXZ 0041cfd4     QtGui4:QtGui4.dll
 0004:00000fd8       __imp_?indexOf@QLayout@@UBEHPAVQWidget@@@Z 0041cfd8     QtGui4:QtGui4.dll
 0004:00000fdc       __imp_?takeAt@QBoxLayout@@UAEPAVQLayoutItem@@H@Z 0041cfdc     QtGui4:QtGui4.dll
 0004:00000fe0       __imp_?itemAt@QBoxLayout@@UBEPAVQLayoutItem@@H@Z 0041cfe0     QtGui4:QtGui4.dll
 0004:00000fe4       __imp_?addItem@QBoxLayout@@UAEXPAVQLayoutItem@@@Z 0041cfe4     QtGui4:QtGui4.dll
 0004:00000fe8       __imp_?childEvent@QLayout@@MAEXPAVQChildEvent@@@Z 0041cfe8     QtGui4:QtGui4.dll
 0004:00000fec       __imp_?qt_metacall@QVBoxLayout@@UAEHW4Call@QMetaObject@@HPAPAX@Z 0041cfec     QtGui4:QtGui4.dll
 0004:00000ff0       __imp_?qt_metacast@QVBoxLayout@@UAEPAXPBD@Z 0041cff0     QtGui4:QtGui4.dll
 0004:00000ff4       __imp_?metaObject@QVBoxLayout@@UBEPBUQMetaObject@@XZ 0041cff4     QtGui4:QtGui4.dll
 0004:00000ff8       __imp_?resize@QWidget@@QAEXABVQSize@@@Z 0041cff8     QtGui4:QtGui4.dll
 0004:00000ffc       __imp_?sizePolicy@QWidget@@QBE?AVQSizePolicy@@XZ 0041cffc     QtGui4:QtGui4.dll
 0004:00001000       __imp_?setSizePolicy@QWidget@@QAEXVQSizePolicy@@@Z 0041d000     QtGui4:QtGui4.dll
 0004:00001004       __imp_??0QVBoxLayout@@QAE@PAVQWidget@@@Z 0041d004     QtGui4:QtGui4.dll
 0004:00001008       __imp_?setSpacing@QBoxLayout@@QAEXH@Z 0041d008     QtGui4:QtGui4.dll
 0004:0000100c       __imp_?setContentsMargins@QLayout@@QAEXHHHH@Z 0041d00c     QtGui4:QtGui4.dll
 0004:00001010       __imp_??0QVBoxLayout@@QAE@XZ 0041d010     QtGui4:QtGui4.dll
 0004:00001014       __imp_?qt_metacall@QButtonGroup@@UAEHW4Call@QMetaObject@@HPAPAX@Z 0041d014     QtGui4:QtGui4.dll
 0004:00001018       \177QtGui4_NULL_THUNK_DATA 0041d018     QtGui4:QtGui4.dll
 0004:00001108       __imp_??1QTcpSocket@@UAE@XZ 0041d108     QtNetwork4:QtNetwork4.dll
 0004:0000110c       __imp_?writeData@QAbstractSocket@@MAE_JPBD_J@Z 0041d10c     QtNetwork4:QtNetwork4.dll
 0004:00001110       __imp_?readLineData@QAbstractSocket@@MAE_JPAD_J@Z 0041d110     QtNetwork4:QtNetwork4.dll
 0004:00001114       __imp_?readData@QAbstractSocket@@MAE_JPAD_J@Z 0041d114     QtNetwork4:QtNetwork4.dll
 0004:00001118       __imp_?waitForBytesWritten@QAbstractSocket@@UAE_NH@Z 0041d118     QtNetwork4:QtNetwork4.dll
 0004:0000111c       __imp_?waitForReadyRead@QAbstractSocket@@UAE_NH@Z 0041d11c     QtNetwork4:QtNetwork4.dll
 0004:00001120       __imp_?canReadLine@QAbstractSocket@@UBE_NXZ 0041d120     QtNetwork4:QtNetwork4.dll
 0004:00001124       __imp_?bytesToWrite@QAbstractSocket@@UBE_JXZ 0041d124     QtNetwork4:QtNetwork4.dll
 0004:00001128       __imp_?bytesAvailable@QAbstractSocket@@UBE_JXZ 0041d128     QtNetwork4:QtNetwork4.dll
 0004:0000112c       __imp_?atEnd@QAbstractSocket@@UBE_NXZ 0041d12c     QtNetwork4:QtNetwork4.dll
 0004:00001130       __imp_?close@QAbstractSocket@@UAEXXZ 0041d130     QtNetwork4:QtNetwork4.dll
 0004:00001134       __imp_?isSequential@QAbstractSocket@@UBE_NXZ 0041d134     QtNetwork4:QtNetwork4.dll
 0004:00001138       __imp_?qt_metacall@QTcpSocket@@UAEHW4Call@QMetaObject@@HPAPAX@Z 0041d138     QtNetwork4:QtNetwork4.dll
 0004:0000113c       __imp_?qt_metacast@QTcpSocket@@UAEPAXPBD@Z 0041d13c     QtNetwork4:QtNetwork4.dll
 0004:00001140       __imp_?metaObject@QTcpSocket@@UBEPBUQMetaObject@@XZ 0041d140     QtNetwork4:QtNetwork4.dll
 0004:00001144       __imp_??0QTcpSocket@@QAE@PAVQObject@@@Z 0041d144     QtNetwork4:QtNetwork4.dll
 0004:00001148       __imp_?abort@QAbstractSocket@@QAEXXZ 0041d148     QtNetwork4:QtNetwork4.dll
 0004:0000114c       __imp_?connectToHost@QAbstractSocket@@QAEXABVQString@@GV?$QFlags@W4OpenModeFlag@QIODevice@@@@@Z 0041d14c     QtNetwork4:QtNetwork4.dll
 0004:00001150       __imp_?state@QAbstractSocket@@QBE?AW4SocketState@1@XZ 0041d150     QtNetwork4:QtNetwork4.dll
 0004:00001154       __imp_?disconnectFromHost@QAbstractSocket@@QAEXXZ 0041d154     QtNetwork4:QtNetwork4.dll
 0004:00001158       \177QtNetwork4_NULL_THUNK_DATA 0041d158     QtNetwork4:QtNetwork4.dll

 entry point at        0001:0000d252

